Archive member included to satisfy reference by file (symbol)

C:/Program Files/SEGGER/SEGGER Embedded Studio for ARM 4.18/lib/libm_v6m_t_le_eabi.a(libm_asm.o)
                              Output/ble_app_hrs_pca10028_s130 Release/Obj/main.o (__aeabi_i2d)
C:/Program Files/SEGGER/SEGGER Embedded Studio for ARM 4.18/lib/libc_v6m_t_le_eabi.a(libc_asm.o)
                              Output/ble_app_hrs_pca10028_s130 Release/Obj/ble_advertising.o (__aeabi_uidivmod)
C:/Program Files/SEGGER/SEGGER Embedded Studio for ARM 4.18/lib/libc_v6m_t_le_eabi.a(libc2.o)
                              Output/ble_app_hrs_pca10028_s130 Release/Obj/id_manager.o (memcmp)
C:/Program Files/SEGGER/SEGGER Embedded Studio for ARM 4.18/lib/libc_v6m_t_le_eabi.a(libc2_asm.o)
                              Output/ble_app_hrs_pca10028_s130 Release/Obj/our_service.o (memcpy)
C:/Program Files/SEGGER/SEGGER Embedded Studio for ARM 4.18/lib/libc_v6m_t_le_eabi.a(libc.o)
                              C:/Program Files/SEGGER/SEGGER Embedded Studio for ARM 4.18/lib/libc_v6m_t_le_eabi.a(libc2.o) (__heap_lock)
C:/Program Files/SEGGER/SEGGER Embedded Studio for ARM 4.18/lib/libdebugio_v6m_t_le_eabi.a(libdebugio.o)
                              Output/ble_app_hrs_pca10028_s130 Release/Obj/thumb_crt0.o (debug_fopen)
C:/Program Files/SEGGER/SEGGER Embedded Studio for ARM 4.18/lib/libdebugio_mempoll_v6m_t_le_eabi.a(mempoll_debug_operations.o)
                              C:/Program Files/SEGGER/SEGGER Embedded Studio for ARM 4.18/lib/libdebugio_v6m_t_le_eabi.a(libdebugio.o) (__do_debug_operation)
C:/Program Files/SEGGER/SEGGER Embedded Studio for ARM 4.18/lib/libdebugio_mempoll_v6m_t_le_eabi.a(do_nv_debug_operation.o)
                              C:/Program Files/SEGGER/SEGGER Embedded Studio for ARM 4.18/lib/libdebugio_v6m_t_le_eabi.a(libdebugio.o) (__do_nvdebug_operation)
C:/Program Files/SEGGER/SEGGER Embedded Studio for ARM 4.18/lib/libm_v6m_t_le_eabi.a(libm2.o)
                              C:/Program Files/SEGGER/SEGGER Embedded Studio for ARM 4.18/lib/libvfprintf_v6m_t_le_eabi.o (frexp)
C:/Program Files/SEGGER/SEGGER Embedded Studio for ARM 4.18/lib/libm_v6m_t_le_eabi.a(libm2_asm.o)
                              C:/Program Files/SEGGER/SEGGER Embedded Studio for ARM 4.18/lib/libm_v6m_t_le_eabi.a(libm2.o) (fabs)

Discarded input sections

 .text          0x0000000000000000        0x0 Output/ble_app_hrs_pca10028_s130 Release/Obj/thumb_crt0.o
 .data          0x0000000000000000        0x0 Output/ble_app_hrs_pca10028_s130 Release/Obj/thumb_crt0.o
 .bss           0x0000000000000000        0x0 Output/ble_app_hrs_pca10028_s130 Release/Obj/thumb_crt0.o
 .text.__aeabi_read_tp
                0x0000000000000000        0x8 Output/ble_app_hrs_pca10028_s130 Release/Obj/thumb_crt0.o
 .text.abort    0x0000000000000000        0x2 Output/ble_app_hrs_pca10028_s130 Release/Obj/thumb_crt0.o
 .text.__assert
                0x0000000000000000        0x2 Output/ble_app_hrs_pca10028_s130 Release/Obj/thumb_crt0.o
 .text.__aeabi_assert
                0x0000000000000000        0x2 Output/ble_app_hrs_pca10028_s130 Release/Obj/thumb_crt0.o
 .text.__sync_synchronize
                0x0000000000000000        0x2 Output/ble_app_hrs_pca10028_s130 Release/Obj/thumb_crt0.o
 .text.__getchar
                0x0000000000000000       0x10 Output/ble_app_hrs_pca10028_s130 Release/Obj/thumb_crt0.o
 .text.__open   0x0000000000000000       0x10 Output/ble_app_hrs_pca10028_s130 Release/Obj/thumb_crt0.o
 .text.__close  0x0000000000000000       0x10 Output/ble_app_hrs_pca10028_s130 Release/Obj/thumb_crt0.o
 .text.__write  0x0000000000000000       0x14 Output/ble_app_hrs_pca10028_s130 Release/Obj/thumb_crt0.o
 .text.__read   0x0000000000000000       0x14 Output/ble_app_hrs_pca10028_s130 Release/Obj/thumb_crt0.o
 .text.__seek   0x0000000000000000       0x1c Output/ble_app_hrs_pca10028_s130 Release/Obj/thumb_crt0.o
 .bss.__user_locale_name_buffer
                0x0000000000000000        0x4 Output/ble_app_hrs_pca10028_s130 Release/Obj/thumb_crt0.o
 .stack         0x0000000000000000        0x0 Output/ble_app_hrs_pca10028_s130 Release/Obj/thumb_crt0.o
 .stack_process
                0x0000000000000000        0x0 Output/ble_app_hrs_pca10028_s130 Release/Obj/thumb_crt0.o
 .heap          0x0000000000000000        0x0 Output/ble_app_hrs_pca10028_s130 Release/Obj/thumb_crt0.o
 .group         0x0000000000000000        0xc Output/ble_app_hrs_pca10028_s130 Release/Obj/bsp.o
 .group         0x0000000000000000        0xc Output/ble_app_hrs_pca10028_s130 Release/Obj/bsp.o
 .group         0x0000000000000000        0xc Output/ble_app_hrs_pca10028_s130 Release/Obj/bsp.o
 .group         0x0000000000000000        0xc Output/ble_app_hrs_pca10028_s130 Release/Obj/bsp.o
 .group         0x0000000000000000        0xc Output/ble_app_hrs_pca10028_s130 Release/Obj/bsp.o
[...]
Memory Configuration

Name             Origin             Length             Attributes
UNPLACED_SECTIONS 0x0000000100000000 0x0000000000000000 xw
RAM              0x0000000020000000 0x0000000000008000 xw
FLASH            0x0000000000000000 0x0000000000080000 xw
*default*        0x0000000000000000 0xffffffffffffffff

Linker script and memory map

                0x000000000001d734                __vfprintf = __vfprintf_long
                0x0000000000000000                __vfscanf = __vfscanf_int
                0x0000000020000000                __RAM_segment_start__ = 0x20000000
                0x0000000020008000                __RAM_segment_end__ = 0x20008000
                0x0000000000008000                __RAM_segment_size__ = 0x8000
                0x0000000000000000                __FLASH_segment_start__ = 0x0
                0x0000000000080000                __FLASH_segment_end__ = 0x80000
                0x0000000000080000                __FLASH_segment_size__ = 0x80000
                0x0000000000000000                __HEAPSIZE__ = 0x0
                0x0000000000000000                __STACKSIZE_PROCESS__ = 0x0
                0x0000000000000800                __STACKSIZE__ = 0x800
                0x0000000020000000                __reserved_ram_load_start__ = 0x20000000

.reserved_ram   0x0000000020000000     0x33b0
                0x0000000020000000                __reserved_ram_start__ = .
 *(.reserved_ram .reserved_ram.*)
                0x00000000200033b0                . = MAX (((__reserved_ram_start__ + 0x200033b0) - 0x20000000), .)
 *fill*         0x0000000020000000     0x33b0 
                0x00000000200033b0                __reserved_ram_end__ = (__reserved_ram_start__ + SIZEOF (.reserved_ram))
                0x00000000000033b0                __reserved_ram_size__ = SIZEOF (.reserved_ram)
                0x00000000200033b0                __reserved_ram_load_end__ = __reserved_ram_end__
                0x0000000000000001                . = ASSERT (((__reserved_ram_start__ == __reserved_ram_end__) || ((__reserved_ram_end__ - __RAM_segment_start__) <= __RAM_segment_size__)), error: .reserved_ram is too large to fit in RAM memory segment)
                0x00000000200033b0                __vectors_ram_load_start__ = 0x200033b0

.vectors_ram    0x00000000200033b0        0x0
                0x00000000200033b0                __vectors_ram_start__ = .
                0x00000000200033b0                __app_ram_start__ = __vectors_ram_start__
 *(.vectors_ram .vectors_ram.*)
                0x00000000200033b0                __vectors_ram_end__ = (__vectors_ram_start__ + SIZEOF (.vectors_ram))
                0x0000000000000000                __vectors_ram_size__ = SIZEOF (.vectors_ram)
                0x00000000200033b0                __vectors_ram_load_end__ = __vectors_ram_end__
                0x0000000000000001                . = ASSERT (((__vectors_ram_start__ == __vectors_ram_end__) || ((__vectors_ram_end__ - __RAM_segment_start__) <= __RAM_segment_size__)), error: .vectors_ram is too large to fit in RAM memory segment)
                0x0000000000000001                . = ASSERT ((__reserved_ram_end__ <= __vectors_ram_start__), error: section .reserved_ram overlaps absolute placed section .vectors_ram)
                0x00000000200033b0                __nrf_sections_run_load_start__ = ALIGN (__vectors_ram_end__, 0x4)

.nrf_sections_run
                0x00000000200033b0        0x0
                0x00000000200033b0                __nrf_sections_run_start__ = .
                0x00000000200033b0                __start_nrf_sections_run = __nrf_sections_run_start__
 *(.nrf_sections_run .nrf_sections_run.*)
                0x00000000200033b0                __nrf_sections_run_end__ = (__nrf_sections_run_start__ + SIZEOF (.nrf_sections_run))
                0x0000000000000000                __nrf_sections_run_size__ = SIZEOF (.nrf_sections_run)
                0x00000000200033b0                __nrf_sections_run_load_end__ = __nrf_sections_run_end__
                0x0000000000000001                . = ASSERT (((__nrf_sections_run_start__ == __nrf_sections_run_end__) || ((__nrf_sections_run_end__ - __RAM_segment_start__) <= __RAM_segment_size__)), error: .nrf_sections_run is too large to fit in RAM memory segment)
                0x0000000000000000                __reserved_flash_load_start__ = 0x0

.reserved_flash
                0x0000000000000000    0x1b000
                0x0000000000000000                __reserved_flash_start__ = .
 *(.reserved_flash .reserved_flash.*)
                0x000000000001b000                . = MAX (((__reserved_flash_start__ + 0x1b000) - 0x0), .)
 *fill*         0x0000000000000000    0x1b000 
                0x000000000001b000                __reserved_flash_end__ = (__reserved_flash_start__ + SIZEOF (.reserved_flash))
                0x000000000001b000                __reserved_flash_size__ = SIZEOF (.reserved_flash)
                0x000000000001b000                __reserved_flash_load_end__ = __reserved_flash_end__
                0x0000000000000001                . = ASSERT (((__reserved_flash_start__ == __reserved_flash_end__) || ((__reserved_flash_end__ - __FLASH_segment_start__) <= __FLASH_segment_size__)), error: .reserved_flash is too large to fit in FLASH memory segment)
                0x000000000001b000                __vectors_load_start__ = 0x1b000

.vectors        0x000000000001b000       0xc0
                0x000000000001b000                __vectors_start__ = .
 *(.vectors .vectors.*)
 .vectors       0x000000000001b000       0xc0 Output/ble_app_hrs_pca10028_s130 Release/Obj/ses_startup_nrf51.o
                0x000000000001b000                _vectors
                0x000000000001b0c0                __vectors_end__ = (__vectors_start__ + SIZEOF (.vectors))
                0x00000000000000c0                __vectors_size__ = SIZEOF (.vectors)
                0x000000000001b0c0                __vectors_load_end__ = __vectors_end__
                0x0000000000000001                . = ASSERT (((__vectors_start__ == __vectors_end__) || ((__vectors_end__ - __FLASH_segment_start__) <= __FLASH_segment_size__)), error: .vectors is too large to fit in FLASH memory segment)
                0x0000000000000001                . = ASSERT ((__reserved_flash_end__ <= __vectors_start__), error: section .reserved_flash overlaps absolute placed section .vectors)
                0x000000000001b0c0                __init_load_start__ = ALIGN (__vectors_end__, 0x4)

.init           0x000000000001b0c0      0x1b8
                0x000000000001b0c0                __init_start__ = .
 *(.init .init.*)
 .init          0x000000000001b0c0      0x144 Output/ble_app_hrs_pca10028_s130 Release/Obj/thumb_crt0.o
                0x000000000001b0c0                _start
                0x000000000001b164                exit
 .init          0x000000000001b204       0x4c Output/ble_app_hrs_pca10028_s130 Release/Obj/ses_startup_nrf_common.o
                0x000000000001b204                Reset_Handler
                0x000000000001b216                InitializeUserMemorySections
 .init          0x000000000001b250       0x28 Output/ble_app_hrs_pca10028_s130 Release/Obj/ses_startup_nrf51.o
                0x000000000001b250                NMI_Handler
                0x000000000001b252                HardFault_Handler
                0x000000000001b254                SVC_Handler
                0x000000000001b256                PendSV_Handler
                0x000000000001b258                SysTick_Handler
                0x000000000001b25a                RNG_IRQHandler
                0x000000000001b25a                RTC0_IRQHandler
                0x000000000001b25a                RADIO_IRQHandler
                0x000000000001b25a                LPCOMP_IRQHandler
                0x000000000001b25a                SWI4_IRQHandler
                0x000000000001b25a                TEMP_IRQHandler
                0x000000000001b25a                QDEC_IRQHandler
                0x000000000001b25a                SWI5_IRQHandler
                0x000000000001b25a                TIMER0_IRQHandler
                0x000000000001b25a                Dummy_Handler
                0x000000000001b25a                TIMER1_IRQHandler
                0x000000000001b25a                ECB_IRQHandler
                0x000000000001b25a                ADC_IRQHandler
                0x000000000001b25a                SWI3_IRQHandler
                0x000000000001b25a                CCM_AAR_IRQHandler
                0x000000000001b25a                WDT_IRQHandler
                0x000000000001b25a                TIMER2_IRQHandler
                0x000000000001b25a                SWI1_IRQHandler
                0x000000000001b25c                nRFInitialize
                0x000000000001b278                __init_end__ = (__init_start__ + SIZEOF (.init))
                0x00000000000001b8                __init_size__ = SIZEOF (.init)
                0x000000000001b278                __init_load_end__ = __init_end__
                0x0000000000000001                . = ASSERT (((__init_start__ == __init_end__) || ((__init_end__ - __FLASH_segment_start__) <= __FLASH_segment_size__)), error: .init is too large to fit in FLASH memory segment)
                0x000000000001b278                __init_rodata_load_start__ = ALIGN (__init_end__, 0x4)

.init_rodata    0x000000000001b278        0x0
                0x000000000001b278                __init_rodata_start__ = .
 *(.init_rodata .init_rodata.*)
                0x000000000001b278                __init_rodata_end__ = (__init_rodata_start__ + SIZEOF (.init_rodata))
                0x0000000000000000                __init_rodata_size__ = SIZEOF (.init_rodata)
                0x000000000001b278                __init_rodata_load_end__ = __init_rodata_end__
                0x0000000000000001                . = ASSERT (((__init_rodata_start__ == __init_rodata_end__) || ((__init_rodata_end__ - __FLASH_segment_start__) <= __FLASH_segment_size__)), error: .init_rodata is too large to fit in FLASH memory segment)
                0x000000000001b278                __text_load_start__ = ALIGN (__init_rodata_end__, 0x4)

.text           0x000000000001b278     0x2a4c
                0x000000000001b278                __text_start__ = .
 *(.text .text.* .glue_7t .glue_7 .gnu.linkonce.t.* .gcc_except_table .ARM.extab* .gnu.linkonce.armextab.*)
 .glue_7        0x000000000001b278        0x0 linker stubs
 .glue_7t       0x000000000001b278        0x0 linker stubs
 .text.__putchar
                0x000000000001b278       0x10 Output/ble_app_hrs_pca10028_s130 Release/Obj/thumb_crt0.o
                0x000000000001b278                __putchar
 .text.app_error_handler_bare
                0x000000000001b288       0x1c Output/ble_app_hrs_pca10028_s130 Release/Obj/app_error.o
                0x000000000001b288                app_error_handler_bare
 .text.nrf_delay_us.part.1.constprop.6
                0x000000000001b2a4       0x2c Output/ble_app_hrs_pca10028_s130 Release/Obj/app_timer.o
 .text.RTC1_IRQHandler
                0x000000000001b2d0       0xbc Output/ble_app_hrs_pca10028_s130 Release/Obj/app_timer.o
                0x000000000001b2d0                RTC1_IRQHandler
 .text.SWI0_IRQHandler
                0x000000000001b38c      0x368 Output/ble_app_hrs_pca10028_s130 Release/Obj/app_timer.o
                0x000000000001b38c                SWI0_IRQHandler
 .text.event_send
                0x000000000001b6f4       0x20 Output/ble_app_hrs_pca10028_s130 Release/Obj/fds.o
 .text.gc_page_erase
                0x000000000001b714       0x48 Output/ble_app_hrs_pca10028_s130 Release/Obj/fds.o
 .text.page_tag_write_swap
                0x000000000001b75c       0x24 Output/ble_app_hrs_pca10028_s130 Release/Obj/fds.o
 .text.page_tag_write_data
                0x000000000001b780       0x1c Output/ble_app_hrs_pca10028_s130 Release/Obj/fds.o
 .text.record_header_flag_dirty
                0x000000000001b79c       0x38 Output/ble_app_hrs_pca10028_s130 Release/Obj/fds.o
 .text.gc_record_copy
                0x000000000001b7d4       0x34 Output/ble_app_hrs_pca10028_s130 Release/Obj/fds.o
 .text.record_find_next
                0x000000000001b808       0x58 Output/ble_app_hrs_pca10028_s130 Release/Obj/fds.o
 .text.record_find_by_desc
                0x000000000001b860       0xa8 Output/ble_app_hrs_pca10028_s130 Release/Obj/fds.o
 .text.record_find
                0x000000000001b908       0x80 Output/ble_app_hrs_pca10028_s130 Release/Obj/fds.o
 .text.gc_record_find_next
                0x000000000001b988       0x20 Output/ble_app_hrs_pca10028_s130 Release/Obj/fds.o
 .text.queue_process
                0x000000000001b9a8      0x534 Output/ble_app_hrs_pca10028_s130 Release/Obj/fds.o
 .text.fs_event_handler
                0x000000000001bedc        0xa Output/ble_app_hrs_pca10028_s130 Release/Obj/fds.o
 *fill*         0x000000000001bee6        0x2 
 .text.app_error_fault_handler
                0x000000000001bee8       0x1c Output/ble_app_hrs_pca10028_s130 Release/Obj/app_error_weak.o
                0x000000000001bee8                app_error_fault_handler
 .text.sd_flash_write
                0x000000000001bf04        0x4 Output/ble_app_hrs_pca10028_s130 Release/Obj/fstorage.o
 .text.sd_flash_page_erase
                0x000000000001bf08        0x4 Output/ble_app_hrs_pca10028_s130 Release/Obj/fstorage.o
 .text.queue_get_next_free
                0x000000000001bf0c       0x34 Output/ble_app_hrs_pca10028_s130 Release/Obj/fstorage.o
 .text.send_event
                0x000000000001bf40       0x52 Output/ble_app_hrs_pca10028_s130 Release/Obj/fstorage.o
 *fill*         0x000000000001bf92        0x2 
 .text.queue_process
                0x000000000001bf94       0x78 Output/ble_app_hrs_pca10028_s130 Release/Obj/fstorage.o
 .text.queue_start
                0x000000000001c00c       0x1c Output/ble_app_hrs_pca10028_s130 Release/Obj/fstorage.o
 .text.fs_store
                0x000000000001c028       0x8c Output/ble_app_hrs_pca10028_s130 Release/Obj/fstorage.o
                0x000000000001c028                fs_store
 .text.fs_erase
                0x000000000001c0b4       0x80 Output/ble_app_hrs_pca10028_s130 Release/Obj/fstorage.o
                0x000000000001c0b4                fs_erase
 .text.uart_event_handler
                0x000000000001c134       0x68 Output/ble_app_hrs_pca10028_s130 Release/Obj/app_uart.o
 .text.app_uart_init
                0x000000000001c19c       0x94 Output/ble_app_hrs_pca10028_s130 Release/Obj/app_uart.o
                0x000000000001c19c                app_uart_init
 .text.rx_done_event.constprop.11
                0x000000000001c230       0x1c Output/ble_app_hrs_pca10028_s130 Release/Obj/nrf_drv_uart.o
 .text.nrf_drv_uart_init
                0x000000000001c24c      0x11c Output/ble_app_hrs_pca10028_s130 Release/Obj/nrf_drv_uart.o
                0x000000000001c24c                nrf_drv_uart_init
 .text.nrf_drv_uart_rx
                0x000000000001c368      0x124 Output/ble_app_hrs_pca10028_s130 Release/Obj/nrf_drv_uart.o
                0x000000000001c368                nrf_drv_uart_rx
 .text.nrf_drv_uart_rx_enable
                0x000000000001c48c       0x28 Output/ble_app_hrs_pca10028_s130 Release/Obj/nrf_drv_uart.o
                0x000000000001c48c                nrf_drv_uart_rx_enable
 .text.UART0_IRQHandler
                0x000000000001c4b4      0x148 Output/ble_app_hrs_pca10028_s130 Release/Obj/nrf_drv_uart.o
                0x000000000001c4b4                UART0_IRQHandler
 .text.clock_clk_started_notify
                0x000000000001c5fc       0x2c Output/ble_app_hrs_pca10028_s130 Release/Obj/nrf_drv_clock.o
 .text.POWER_CLOCK_IRQHandler
                0x000000000001c628       0x54 Output/ble_app_hrs_pca10028_s130 Release/Obj/nrf_drv_clock.o
                0x000000000001c628                POWER_CLOCK_IRQHandler
 .text.nrf_drv_common_irq_enable
                0x000000000001c67c       0x64 Output/ble_app_hrs_pca10028_s130 Release/Obj/nrf_drv_common.o
                0x000000000001c67c                nrf_drv_common_irq_enable
 .text.nrf_gpio_cfg_sense_set
                0x000000000001c6e0       0x24 Output/ble_app_hrs_pca10028_s130 Release/Obj/nrf_drv_gpiote.o
 .text.GPIOTE_IRQHandler
                0x000000000001c704      0x160 Output/ble_app_hrs_pca10028_s130 Release/Obj/nrf_drv_gpiote.o
                0x000000000001c704                GPIOTE_IRQHandler
 .text.twi_transfer
                0x000000000001c864       0xd0 Output/ble_app_hrs_pca10028_s130 Release/Obj/nrf_drv_twi.o
 .text.twi_tx_start_transfer.part.2
                0x000000000001c934       0x3c Output/ble_app_hrs_pca10028_s130 Release/Obj/nrf_drv_twi.o
 .text.twi_rx_start_transfer
                0x000000000001c970       0x7c Output/ble_app_hrs_pca10028_s130 Release/Obj/nrf_drv_twi.o
 .text.nrf_delay_us.part.1.constprop.5
                0x000000000001c9ec       0x2c Output/ble_app_hrs_pca10028_s130 Release/Obj/nrf_drv_twi.o
 .text.twi_tx_start_transfer
                0x000000000001ca18       0x9c Output/ble_app_hrs_pca10028_s130 Release/Obj/nrf_drv_twi.o
 .text.irq_handler_twi
                0x000000000001cab4       0xb4 Output/ble_app_hrs_pca10028_s130 Release/Obj/nrf_drv_twi.o
 .text.nrf_drv_twi_init
                0x000000000001cb68      0x14c Output/ble_app_hrs_pca10028_s130 Release/Obj/nrf_drv_twi.o
                0x000000000001cb68                nrf_drv_twi_init
 .text.nrf_drv_twi_enable
                0x000000000001ccb4       0x20 Output/ble_app_hrs_pca10028_s130 Release/Obj/nrf_drv_twi.o
                0x000000000001ccb4                nrf_drv_twi_enable
 .text.nrf_drv_twi_xfer
                0x000000000001ccd4       0xd0 Output/ble_app_hrs_pca10028_s130 Release/Obj/nrf_drv_twi.o
                0x000000000001ccd4                nrf_drv_twi_xfer
 .text.nrf_drv_twi_tx
                0x000000000001cda4       0x3a Output/ble_app_hrs_pca10028_s130 Release/Obj/nrf_drv_twi.o
                0x000000000001cda4                nrf_drv_twi_tx
 .text.nrf_drv_twi_rx
                0x000000000001cdde       0x34 Output/ble_app_hrs_pca10028_s130 Release/Obj/nrf_drv_twi.o
                0x000000000001cdde                nrf_drv_twi_rx
 *fill*         0x000000000001ce12        0x2 
 .text.SPI0_TWI0_IRQHandler
                0x000000000001ce14       0x14 Output/ble_app_hrs_pca10028_s130 Release/Obj/nrf_drv_twi.o
                0x000000000001ce14                SPI0_TWI0_IRQHandler
 .text.SPI1_TWI1_IRQHandler
                0x000000000001ce28       0x18 Output/ble_app_hrs_pca10028_s130 Release/Obj/nrf_drv_twi.o
                0x000000000001ce28                SPI1_TWI1_IRQHandler
 .text.nrf_delay_us
                0x000000000001ce40       0x2c Output/ble_app_hrs_pca10028_s130 Release/Obj/main.o
 .text.uart_error_handle
                0x000000000001ce6c       0x16 Output/ble_app_hrs_pca10028_s130 Release/Obj/main.o
                0x000000000001ce6c                uart_error_handle
 *fill*         0x000000000001ce82        0x2 
 .text.MUX_init
                0x000000000001ce84       0x20 Output/ble_app_hrs_pca10028_s130 Release/Obj/main.o
                0x000000000001ce84                MUX_init
 .text.twi_init
                0x000000000001cea4       0x38 Output/ble_app_hrs_pca10028_s130 Release/Obj/main.o
                0x000000000001cea4                twi_init
 .text.twi1_init
                0x000000000001cedc       0x38 Output/ble_app_hrs_pca10028_s130 Release/Obj/main.o
                0x000000000001cedc                twi1_init
 .text.writei2c
                0x000000000001cf14       0x20 Output/ble_app_hrs_pca10028_s130 Release/Obj/main.o
                0x000000000001cf14                writei2c
 .text.writei2cSingle
                0x000000000001cf34       0x20 Output/ble_app_hrs_pca10028_s130 Release/Obj/main.o
                0x000000000001cf34                writei2cSingle
 .text.readi2cHighLow
                0x000000000001cf54       0x34 Output/ble_app_hrs_pca10028_s130 Release/Obj/main.o
                0x000000000001cf54                readi2cHighLow
 .text.readi2cOneByte
                0x000000000001cf88       0x34 Output/ble_app_hrs_pca10028_s130 Release/Obj/main.o
                0x000000000001cf88                readi2cOneByte
 .text.LED_BT_blue
                0x000000000001cfbc       0x20 Output/ble_app_hrs_pca10028_s130 Release/Obj/main.o
                0x000000000001cfbc                LED_BT_blue
 .text.LED_PWR_green
                0x000000000001cfdc       0x20 Output/ble_app_hrs_pca10028_s130 Release/Obj/main.o
                0x000000000001cfdc                LED_PWR_green
 .text.LED_indicator_init
                0x000000000001cffc       0x22 Output/ble_app_hrs_pca10028_s130 Release/Obj/main.o
                0x000000000001cffc                LED_indicator_init
 .text.LED_vertBoard_init
                0x000000000001d01e       0x22 Output/ble_app_hrs_pca10028_s130 Release/Obj/main.o
                0x000000000001d01e                LED_vertBoard_init
 .text.RGBW_on  0x000000000001d040       0x1e Output/ble_app_hrs_pca10028_s130 Release/Obj/main.o
                0x000000000001d040                RGBW_on
 *fill*         0x000000000001d05e        0x2 
 .text.RGBW_get
                0x000000000001d060       0xf0 Output/ble_app_hrs_pca10028_s130 Release/Obj/main.o
                0x000000000001d060                RGBW_get
 .text.band_uart_init
                0x000000000001d150       0x54 Output/ble_app_hrs_pca10028_s130 Release/Obj/main.o
                0x000000000001d150                band_uart_init
 .text.scan_twi
                0x000000000001d1a4       0x30 Output/ble_app_hrs_pca10028_s130 Release/Obj/main.o
                0x000000000001d1a4                scan_twi
 .text.startup.main
                0x000000000001d1d4       0xb0 Output/ble_app_hrs_pca10028_s130 Release/Obj/main.o
                0x000000000001d1d4                main
 .text.SystemInit
                0x000000000001d284       0xd8 Output/ble_app_hrs_pca10028_s130 Release/Obj/system_nrf51.o
                0x000000000001d284                SystemInit
 .text.sd_evt_get
                0x000000000001d35c        0x4 Output/ble_app_hrs_pca10028_s130 Release/Obj/softdevice_handler.o
 .text.sd_ble_evt_get
                0x000000000001d360        0x4 Output/ble_app_hrs_pca10028_s130 Release/Obj/softdevice_handler.o
 .text.intern_softdevice_events_execute
                0x000000000001d364       0xa4 Output/ble_app_hrs_pca10028_s130 Release/Obj/softdevice_handler.o
                0x000000000001d364                intern_softdevice_events_execute
 .text.SWI2_IRQHandler
                0x000000000001d408       0x20 Output/ble_app_hrs_pca10028_s130 Release/Obj/softdevice_handler.o
                0x000000000001d408                SWI2_IRQHandler
 .text.libc.__int32_to_float64
                0x000000000001d428       0x1c C:/Program Files/SEGGER/SEGGER Embedded Studio for ARM 4.18/lib/libm_v6m_t_le_eabi.a(libm_asm.o)
                0x000000000001d428                __aeabi_i2d
                0x000000000001d428                __int32_to_float64
                0x000000000001d428                __floatsidf
 .text.libc.__uint32_to_float64
                0x000000000001d444       0x20 C:/Program Files/SEGGER/SEGGER Embedded Studio for ARM 4.18/lib/libm_v6m_t_le_eabi.a(libm_asm.o)
                0x000000000001d444                __aeabi_ui2d
                0x000000000001d444                __floatunsidf
                0x000000000001d444                __uint32_to_float64
 .text.libc.__float64_to_int32
                0x000000000001d464       0x36 C:/Program Files/SEGGER/SEGGER Embedded Studio for ARM 4.18/lib/libm_v6m_t_le_eabi.a(libm_asm.o)
                0x000000000001d464                __aeabi_d2iz
                0x000000000001d464                __float64_to_int32
                0x000000000001d464                __fixdfsi
 .text.libc.__float64_to_uint32
                0x000000000001d49a       0x30 C:/Program Files/SEGGER/SEGGER Embedded Studio for ARM 4.18/lib/libm_v6m_t_le_eabi.a(libm_asm.o)
                0x000000000001d49a                __float64_to_uint32
                0x000000000001d49a                __aeabi_d2uiz
                0x000000000001d49a                __fixunsdfsi
                0x000000000001d49e                __RAL_aeabi_d2uiz
 .text.libc.__float64_div
                0x000000000001d4ca       0xc4 C:/Program Files/SEGGER/SEGGER Embedded Studio for ARM 4.18/lib/libm_v6m_t_le_eabi.a(libm_asm.o)
                0x000000000001d4ca                __divdf3
                0x000000000001d4ca                __float64_div
                0x000000000001d4ca                __aeabi_ddiv
 .text.libc.__uint32_div
                0x000000000001d58e       0x28 C:/Program Files/SEGGER/SEGGER Embedded Studio for ARM 4.18/lib/libc_v6m_t_le_eabi.a(libc_asm.o)
                0x000000000001d58e                __uint32_div
                0x000000000001d58e                __aeabi_uidiv
                0x000000000001d58e                __udivsi3
 .text.libc.__aeabi_uidivmod
                0x000000000001d5b6       0x2a C:/Program Files/SEGGER/SEGGER Embedded Studio for ARM 4.18/lib/libc_v6m_t_le_eabi.a(libc_asm.o)
                0x000000000001d5b6                __aeabi_uidivmod
                0x000000000001d5b6                __int32_udivmod
 .text.libc.__gnu_thumb1_case_sqi
                0x000000000001d5e0       0x14 C:/Program Files/SEGGER/SEGGER Embedded Studio for ARM 4.18/lib/libc_v6m_t_le_eabi.a(libc_asm.o)
                0x000000000001d5e0                __gnu_thumb1_case_sqi
 .text.libc.__gnu_thumb1_case_uhi
                0x000000000001d5f4       0x14 C:/Program Files/SEGGER/SEGGER Embedded Studio for ARM 4.18/lib/libc_v6m_t_le_eabi.a(libc_asm.o)
                0x000000000001d5f4                __gnu_thumb1_case_uhi
 .text.libc.__gnu_thumb1_case_uqi
                0x000000000001d608       0x14 C:/Program Files/SEGGER/SEGGER Embedded Studio for ARM 4.18/lib/libc_v6m_t_le_eabi.a(libc_asm.o)
                0x000000000001d608                __gnu_thumb1_case_uqi
 .text.libc.__putc
                0x000000000001d61c       0x3c C:/Program Files/SEGGER/SEGGER Embedded Studio for ARM 4.18/lib/libc_v6m_t_le_eabi.a(libc2.o)
                0x000000000001d61c                __putc
 .text.libc.__RAL_print_padding
                0x000000000001d658       0x18 C:/Program Files/SEGGER/SEGGER Embedded Studio for ARM 4.18/lib/libc_v6m_t_le_eabi.a(libc2.o)
                0x000000000001d658                __RAL_print_padding
 .text.libc.__RAL_pre_padding
                0x000000000001d670       0x16 C:/Program Files/SEGGER/SEGGER Embedded Studio for ARM 4.18/lib/libc_v6m_t_le_eabi.a(libc2.o)
                0x000000000001d670                __RAL_pre_padding
 *fill*         0x000000000001d686        0x2 
 .text.libc.printf
                0x000000000001d688       0x40 C:/Program Files/SEGGER/SEGGER Embedded Studio for ARM 4.18/lib/libc_v6m_t_le_eabi.a(libc2.o)
                0x000000000001d688                printf
 .text.libc.strnlen
                0x000000000001d6c8       0x28 C:/Program Files/SEGGER/SEGGER Embedded Studio for ARM 4.18/lib/libc_v6m_t_le_eabi.a(libc2.o)
                0x000000000001d6c8                strnlen
 .text.libc.memset
                0x000000000001d6f0       0x12 C:/Program Files/SEGGER/SEGGER Embedded Studio for ARM 4.18/lib/libc_v6m_t_le_eabi.a(libc2_asm.o)
                0x000000000001d6f0                memset
 .text.libc.strlen
                0x000000000001d702        0xe C:/Program Files/SEGGER/SEGGER Embedded Studio for ARM 4.18/lib/libc_v6m_t_le_eabi.a(libc2_asm.o)
                0x000000000001d702                strlen
 .text.libc.__printf_lock
                0x000000000001d710        0x2 C:/Program Files/SEGGER/SEGGER Embedded Studio for ARM 4.18/lib/libc_v6m_t_le_eabi.a(libc.o)
                0x000000000001d710                __printf_lock
 .text.libc.__printf_unlock
                0x000000000001d712        0x2 C:/Program Files/SEGGER/SEGGER Embedded Studio for ARM 4.18/lib/libc_v6m_t_le_eabi.a(libc.o)
                0x000000000001d712                __printf_unlock
 .text.libdebugio.debug_putchar
                0x000000000001d714       0x1a C:/Program Files/SEGGER/SEGGER Embedded Studio for ARM 4.18/lib/libdebugio_v6m_t_le_eabi.a(libdebugio.o)
                0x000000000001d714                debug_putchar
 .text.libdebugio.__debug_io_lock
                0x000000000001d72e        0x2 C:/Program Files/SEGGER/SEGGER Embedded Studio for ARM 4.18/lib/libdebugio_v6m_t_le_eabi.a(libdebugio.o)
                0x000000000001d72e                __debug_io_lock
 .text.libdebugio.__debug_io_unlock
                0x000000000001d730        0x2 C:/Program Files/SEGGER/SEGGER Embedded Studio for ARM 4.18/lib/libdebugio_v6m_t_le_eabi.a(libdebugio.o)
                0x000000000001d730                __debug_io_unlock
 *fill*         0x000000000001d732        0x2 
 .text.libc.__vfprintf_long
                0x000000000001d734      0x560 C:/Program Files/SEGGER/SEGGER Embedded Studio for ARM 4.18/lib/libvfprintf_v6m_t_le_eabi.o
                0x000000000001d734                __vfprintf_long
 .text.libdebugio.__do_debug_operation
                0x000000000001dc94       0x30 C:/Program Files/SEGGER/SEGGER Embedded Studio for ARM 4.18/lib/libdebugio_mempoll_v6m_t_le_eabi.a(mempoll_debug_operations.o)
                0x000000000001dc94                __do_debug_operation
                0x000000000001dcc4                __text_end__ = (__text_start__ + SIZEOF (.text))
                0x0000000000002a4c                __text_size__ = SIZEOF (.text)
                0x000000000001dcc4                __text_load_end__ = __text_end__

.vfp11_veneer   0x0000000100000000        0x0
 .vfp11_veneer  0x0000000100000000        0x0 linker stubs

.v4_bx          0x0000000100000000        0x0
 .v4_bx         0x0000000100000000        0x0 linker stubs

.iplt           0x0000000100000000        0x0
 .iplt          0x0000000100000000        0x0 Output/ble_app_hrs_pca10028_s130 Release/Obj/thumb_crt0.o
                0x0000000000000001                . = ASSERT (((__text_start__ == __text_end__) || ((__text_end__ - __FLASH_segment_start__) <= __FLASH_segment_size__)), error: .text is too large to fit in FLASH memory segment)
                0x000000000001dcc4                __sdh_soc_observers_load_start__ = ALIGN (__text_end__, 0x4)

.sdh_soc_observers
                0x000000000001dcc4        0x0
                0x000000000001dcc4                __sdh_soc_observers_start__ = .
                0x000000000001dcc4                __start_sdh_soc_observers = __sdh_soc_observers_start__
 *(SORT_BY_NAME(.sdh_soc_observers*))
                0x000000000001dcc4                __sdh_soc_observers_end__ = (__sdh_soc_observers_start__ + SIZEOF (.sdh_soc_observers))
                0x0000000000000000                __sdh_soc_observers_size__ = SIZEOF (.sdh_soc_observers)
                0x000000000001dcc4                __stop_sdh_soc_observers = __sdh_soc_observers_end__
                0x000000000001dcc4                __sdh_soc_observers_load_end__ = __sdh_soc_observers_end__
                0x0000000000000001                . = ASSERT (((__sdh_soc_observers_start__ == __sdh_soc_observers_end__) || ((__sdh_soc_observers_end__ - __FLASH_segment_start__) <= __FLASH_segment_size__)), error: .sdh_soc_observers is too large to fit in FLASH memory segment)
                0x000000000001dcc4                __sdh_ble_observers_load_start__ = ALIGN (__sdh_soc_observers_end__, 0x4)

.sdh_ble_observers
                0x000000000001dcc4        0x0
                0x000000000001dcc4                __sdh_ble_observers_start__ = .
                0x000000000001dcc4                __start_sdh_ble_observers = __sdh_ble_observers_start__
 *(SORT_BY_NAME(.sdh_ble_observers*))
                0x000000000001dcc4                __sdh_ble_observers_end__ = (__sdh_ble_observers_start__ + SIZEOF (.sdh_ble_observers))
                0x0000000000000000                __sdh_ble_observers_size__ = SIZEOF (.sdh_ble_observers)
                0x000000000001dcc4                __stop_sdh_ble_observers = __sdh_ble_observers_end__
                0x000000000001dcc4                __sdh_ble_observers_load_end__ = __sdh_ble_observers_end__
                0x0000000000000001                . = ASSERT (((__sdh_ble_observers_start__ == __sdh_ble_observers_end__) || ((__sdh_ble_observers_end__ - __FLASH_segment_start__) <= __FLASH_segment_size__)), error: .sdh_ble_observers is too large to fit in FLASH memory segment)
                0x000000000001dcc4                __pwr_mgmt_data_load_start__ = ALIGN (__sdh_ble_observers_end__, 0x4)

.pwr_mgmt_data  0x000000000001dcc4        0x0
                0x000000000001dcc4                __pwr_mgmt_data_start__ = .
                0x000000000001dcc4                __start_pwr_mgmt_data = __pwr_mgmt_data_start__
 *(SORT_BY_NAME(.pwr_mgmt_data*))
                0x000000000001dcc4                __pwr_mgmt_data_end__ = (__pwr_mgmt_data_start__ + SIZEOF (.pwr_mgmt_data))
                0x0000000000000000                __pwr_mgmt_data_size__ = SIZEOF (.pwr_mgmt_data)
                0x000000000001dcc4                __stop_pwr_mgmt_data = __pwr_mgmt_data_end__
                0x000000000001dcc4                __pwr_mgmt_data_load_end__ = __pwr_mgmt_data_end__
                0x0000000000000001                . = ASSERT (((__pwr_mgmt_data_start__ == __pwr_mgmt_data_end__) || ((__pwr_mgmt_data_end__ - __FLASH_segment_start__) <= __FLASH_segment_size__)), error: .pwr_mgmt_data is too large to fit in FLASH memory segment)
                0x000000000001dcc4                __nrf_queue_load_start__ = ALIGN (__pwr_mgmt_data_end__, 0x4)

.nrf_queue      0x000000000001dcc4        0x0
                0x000000000001dcc4                __nrf_queue_start__ = .
                0x000000000001dcc4                __start_nrf_queue = __nrf_queue_start__
 *(.nrf_queue*)
                0x000000000001dcc4                __nrf_queue_end__ = (__nrf_queue_start__ + SIZEOF (.nrf_queue))
                0x0000000000000000                __nrf_queue_size__ = SIZEOF (.nrf_queue)
                0x000000000001dcc4                __stop_nrf_queue = __nrf_queue_end__
                0x000000000001dcc4                __nrf_queue_load_end__ = __nrf_queue_end__
                0x0000000000000001                . = ASSERT (((__nrf_queue_start__ == __nrf_queue_end__) || ((__nrf_queue_end__ - __FLASH_segment_start__) <= __FLASH_segment_size__)), error: .nrf_queue is too large to fit in FLASH memory segment)
                0x000000000001dcc4                __sdh_stack_observers_load_start__ = ALIGN (__nrf_queue_end__, 0x4)

.sdh_stack_observers
                0x000000000001dcc4        0x0
                0x000000000001dcc4                __sdh_stack_observers_start__ = .
                0x000000000001dcc4                __start_sdh_stack_observers = __sdh_stack_observers_start__
 *(SORT_BY_NAME(.sdh_stack_observers*))
                0x000000000001dcc4                __sdh_stack_observers_end__ = (__sdh_stack_observers_start__ + SIZEOF (.sdh_stack_observers))
                0x0000000000000000                __sdh_stack_observers_size__ = SIZEOF (.sdh_stack_observers)
                0x000000000001dcc4                __stop_sdh_stack_observers = __sdh_stack_observers_end__
                0x000000000001dcc4                __sdh_stack_observers_load_end__ = __sdh_stack_observers_end__
                0x0000000000000001                . = ASSERT (((__sdh_stack_observers_start__ == __sdh_stack_observers_end__) || ((__sdh_stack_observers_end__ - __FLASH_segment_start__) <= __FLASH_segment_size__)), error: .sdh_stack_observers is too large to fit in FLASH memory segment)
                0x000000000001dcc4                __sdh_req_observers_load_start__ = ALIGN (__sdh_stack_observers_end__, 0x4)

.sdh_req_observers
                0x000000000001dcc4        0x0
                0x000000000001dcc4                __sdh_req_observers_start__ = .
                0x000000000001dcc4                __start_sdh_req_observers = __sdh_req_observers_start__
 *(SORT_BY_NAME(.sdh_req_observers*))
                0x000000000001dcc4                __sdh_req_observers_end__ = (__sdh_req_observers_start__ + SIZEOF (.sdh_req_observers))
                0x0000000000000000                __sdh_req_observers_size__ = SIZEOF (.sdh_req_observers)
                0x000000000001dcc4                __stop_sdh_req_observers = __sdh_req_observers_end__
                0x000000000001dcc4                __sdh_req_observers_load_end__ = __sdh_req_observers_end__
                0x0000000000000001                . = ASSERT (((__sdh_req_observers_start__ == __sdh_req_observers_end__) || ((__sdh_req_observers_end__ - __FLASH_segment_start__) <= __FLASH_segment_size__)), error: .sdh_req_observers is too large to fit in FLASH memory segment)
                0x000000000001dcc4                __sdh_state_observers_load_start__ = ALIGN (__sdh_req_observers_end__, 0x4)

.sdh_state_observers
                0x000000000001dcc4        0x0
                0x000000000001dcc4                __sdh_state_observers_start__ = .
                0x000000000001dcc4                __start_sdh_state_observers = __sdh_state_observers_start__
 *(SORT_BY_NAME(.sdh_state_observers*))
                0x000000000001dcc4                __sdh_state_observers_end__ = (__sdh_state_observers_start__ + SIZEOF (.sdh_state_observers))
                0x0000000000000000                __sdh_state_observers_size__ = SIZEOF (.sdh_state_observers)
                0x000000000001dcc4                __stop_sdh_state_observers = __sdh_state_observers_end__
                0x000000000001dcc4                __sdh_state_observers_load_end__ = __sdh_state_observers_end__
                0x0000000000000001                . = ASSERT (((__sdh_state_observers_start__ == __sdh_state_observers_end__) || ((__sdh_state_observers_end__ - __FLASH_segment_start__) <= __FLASH_segment_size__)), error: .sdh_state_observers is too large to fit in FLASH memory segment)
                0x000000000001dcc4                __nrf_balloc_load_start__ = ALIGN (__sdh_state_observers_end__, 0x4)

.nrf_balloc     0x000000000001dcc4        0x0
                0x000000000001dcc4                __nrf_balloc_start__ = .
                0x000000000001dcc4                __start_nrf_balloc = __nrf_balloc_start__
 *(.nrf_balloc*)
                0x000000000001dcc4                __nrf_balloc_end__ = (__nrf_balloc_start__ + SIZEOF (.nrf_balloc))
                0x0000000000000000                __nrf_balloc_size__ = SIZEOF (.nrf_balloc)
                0x000000000001dcc4                __stop_nrf_balloc = __nrf_balloc_end__
                0x000000000001dcc4                __nrf_balloc_load_end__ = __nrf_balloc_end__
                0x0000000000000001                . = ASSERT (((__nrf_balloc_start__ == __nrf_balloc_end__) || ((__nrf_balloc_end__ - __FLASH_segment_start__) <= __FLASH_segment_size__)), error: .nrf_balloc is too large to fit in FLASH memory segment)
                0x000000000001dcc4                __cli_command_load_start__ = ALIGN (__nrf_balloc_end__, 0x4)

.cli_command    0x000000000001dcc4        0x0
                0x000000000001dcc4                __cli_command_start__ = .
                0x000000000001dcc4                __start_cli_command = __cli_command_start__
 *(.cli_command*)
                0x000000000001dcc4                __cli_command_end__ = (__cli_command_start__ + SIZEOF (.cli_command))
                0x0000000000000000                __cli_command_size__ = SIZEOF (.cli_command)
                0x000000000001dcc4                __stop_cli_command = __cli_command_end__
                0x000000000001dcc4                __cli_command_load_end__ = __cli_command_end__
                0x0000000000000001                . = ASSERT (((__cli_command_start__ == __cli_command_end__) || ((__cli_command_end__ - __FLASH_segment_start__) <= __FLASH_segment_size__)), error: .cli_command is too large to fit in FLASH memory segment)
                0x000000000001dcc4                __crypto_data_load_start__ = ALIGN (__cli_command_end__, 0x4)

.crypto_data    0x000000000001dcc4        0x0
                0x000000000001dcc4                __crypto_data_start__ = .
                0x000000000001dcc4                __start_crypto_data = __crypto_data_start__
 *(SORT_BY_NAME(.crypto_data*))
                0x000000000001dcc4                __crypto_data_end__ = (__crypto_data_start__ + SIZEOF (.crypto_data))
                0x0000000000000000                __crypto_data_size__ = SIZEOF (.crypto_data)
                0x000000000001dcc4                __stop_crypto_data = __crypto_data_end__
                0x000000000001dcc4                __crypto_data_load_end__ = __crypto_data_end__
                0x0000000000000001                . = ASSERT (((__crypto_data_start__ == __crypto_data_end__) || ((__crypto_data_end__ - __FLASH_segment_start__) <= __FLASH_segment_size__)), error: .crypto_data is too large to fit in FLASH memory segment)
                0x000000000001dcc4                __log_const_data_load_start__ = ALIGN (__crypto_data_end__, 0x4)

.log_const_data
                0x000000000001dcc4        0x0
                0x000000000001dcc4                __log_const_data_start__ = .
                0x000000000001dcc4                __start_log_const_data = __log_const_data_start__
 *(SORT_BY_NAME(.log_const_data*))
                0x000000000001dcc4                __log_const_data_end__ = (__log_const_data_start__ + SIZEOF (.log_const_data))
                0x0000000000000000                __log_const_data_size__ = SIZEOF (.log_const_data)
                0x000000000001dcc4                __stop_log_const_data = __log_const_data_end__
                0x000000000001dcc4                __log_const_data_load_end__ = __log_const_data_end__
                0x0000000000000001                . = ASSERT (((__log_const_data_start__ == __log_const_data_end__) || ((__log_const_data_end__ - __FLASH_segment_start__) <= __FLASH_segment_size__)), error: .log_const_data is too large to fit in FLASH memory segment)
                0x000000000001dcc4                __log_backends_load_start__ = ALIGN (__log_const_data_end__, 0x4)

.log_backends   0x000000000001dcc4        0x0
                0x000000000001dcc4                __log_backends_start__ = .
                0x000000000001dcc4                __start_log_backends = __log_backends_start__
 *(SORT_BY_NAME(.log_backends*))
                0x000000000001dcc4                __log_backends_end__ = (__log_backends_start__ + SIZEOF (.log_backends))
                0x0000000000000000                __log_backends_size__ = SIZEOF (.log_backends)
                0x000000000001dcc4                __stop_log_backends = __log_backends_end__
                0x000000000001dcc4                __log_backends_load_end__ = __log_backends_end__
                0x0000000000000001                . = ASSERT (((__log_backends_start__ == __log_backends_end__) || ((__log_backends_end__ - __FLASH_segment_start__) <= __FLASH_segment_size__)), error: .log_backends is too large to fit in FLASH memory segment)
                0x000000000001dcc4                __nrf_sections_load_start__ = ALIGN (__log_backends_end__, 0x4)

.nrf_sections   0x000000000001dcc4        0x0
                0x000000000001dcc4                __nrf_sections_start__ = .
                0x000000000001dcc4                __start_nrf_sections = __nrf_sections_start__
 *(.nrf_sections .nrf_sections.*)
                0x000000000001dcc4                __nrf_sections_end__ = (__nrf_sections_start__ + SIZEOF (.nrf_sections))
                0x0000000000000000                __nrf_sections_size__ = SIZEOF (.nrf_sections)
                0x000000000001dcc4                __nrf_sections_load_end__ = __nrf_sections_end__
                0x0000000000000001                . = ASSERT (((__nrf_sections_start__ == __nrf_sections_end__) || ((__nrf_sections_end__ - __FLASH_segment_start__) <= __FLASH_segment_size__)), error: .nrf_sections is too large to fit in FLASH memory segment)
                0x000000000001dcc4                __cli_sorted_cmd_ptrs_load_start__ = ALIGN (__nrf_sections_end__, 0x4)

.cli_sorted_cmd_ptrs
                0x00000000200033b0        0x0 load address 0x000000000001dcc4
                0x00000000200033b0                __cli_sorted_cmd_ptrs_start__ = .
 *(.cli_sorted_cmd_ptrs*)
                0x00000000200033b0                __cli_sorted_cmd_ptrs_end__ = (__cli_sorted_cmd_ptrs_start__ + SIZEOF (.cli_sorted_cmd_ptrs))
                0x0000000000000000                __cli_sorted_cmd_ptrs_size__ = SIZEOF (.cli_sorted_cmd_ptrs)
                0x000000000001dcc4                __cli_sorted_cmd_ptrs_load_end__ = (__cli_sorted_cmd_ptrs_load_start__ + SIZEOF (.cli_sorted_cmd_ptrs))
                0x0000000000000001                . = ASSERT (((__cli_sorted_cmd_ptrs_load_start__ == __cli_sorted_cmd_ptrs_load_end__) || ((__cli_sorted_cmd_ptrs_load_end__ - __FLASH_segment_start__) <= __FLASH_segment_size__)), error: .cli_sorted_cmd_ptrs is too large to fit in FLASH memory segment)

.cli_sorted_cmd_ptrs_run
                0x00000000200033b0        0x0
                0x00000000200033b0                __cli_sorted_cmd_ptrs_run_start__ = .
                0x00000000200033b0                __start_cli_sorted_cmd_ptrs = __cli_sorted_cmd_ptrs_run_start__
                0x00000000200033b0                . = MAX ((__cli_sorted_cmd_ptrs_run_start__ + SIZEOF (.cli_sorted_cmd_ptrs)), .)
                0x00000000200033b0                __cli_sorted_cmd_ptrs_run_end__ = (__cli_sorted_cmd_ptrs_run_start__ + SIZEOF (.cli_sorted_cmd_ptrs_run))
                0x0000000000000000                __cli_sorted_cmd_ptrs_run_size__ = SIZEOF (.cli_sorted_cmd_ptrs_run)
                0x00000000200033b0                __stop_cli_sorted_cmd_ptrs = __cli_sorted_cmd_ptrs_run_end__
                0x00000000200033b0                __cli_sorted_cmd_ptrs_run_load_end__ = __cli_sorted_cmd_ptrs_run_end__
                0x0000000000000001                . = ASSERT (((__cli_sorted_cmd_ptrs_run_start__ == __cli_sorted_cmd_ptrs_run_end__) || ((__cli_sorted_cmd_ptrs_run_end__ - __RAM_segment_start__) <= __RAM_segment_size__)), error: .cli_sorted_cmd_ptrs_run is too large to fit in RAM memory segment)
                0x000000000001dcc4                __fs_data_load_start__ = ALIGN ((__cli_sorted_cmd_ptrs_load_start__ + SIZEOF (.cli_sorted_cmd_ptrs)), 0x4)

.fs_data        0x00000000200033b0       0x10 load address 0x000000000001dcc4
                0x00000000200033b0                __fs_data_start__ = .
 *(.fs_data*)
 .fs_data       0x00000000200033b0       0x10 Output/ble_app_hrs_pca10028_s130 Release/Obj/fds.o
                0x00000000200033c0                __fs_data_end__ = (__fs_data_start__ + SIZEOF (.fs_data))
                0x0000000000000010                __fs_data_size__ = SIZEOF (.fs_data)
                0x000000000001dcd4                __fs_data_load_end__ = (__fs_data_load_start__ + SIZEOF (.fs_data))
                0x0000000000000001                . = ASSERT (((__fs_data_load_start__ == __fs_data_load_end__) || ((__fs_data_load_end__ - __FLASH_segment_start__) <= __FLASH_segment_size__)), error: .fs_data is too large to fit in FLASH memory segment)

.fs_data_run    0x00000000200033b0       0x10 load address 0x000000000001dcc4
                0x00000000200033b0                __fs_data_run_start__ = .
                0x00000000200033b0                __start_fs_data = __fs_data_run_start__
                0x00000000200033c0                . = MAX ((__fs_data_run_start__ + SIZEOF (.fs_data)), .)
 *fill*         0x00000000200033b0       0x10 
                0x00000000200033c0                __fs_data_run_end__ = (__fs_data_run_start__ + SIZEOF (.fs_data_run))
                0x0000000000000010                __fs_data_run_size__ = SIZEOF (.fs_data_run)
                0x00000000200033c0                __stop_fs_data = __fs_data_run_end__
                0x00000000200033c0                __fs_data_run_load_end__ = __fs_data_run_end__
                0x0000000000000001                . = ASSERT (((__fs_data_run_start__ == __fs_data_run_end__) || ((__fs_data_run_end__ - __RAM_segment_start__) <= __RAM_segment_size__)), error: .fs_data_run is too large to fit in RAM memory segment)
                0x000000000001dcd4                __log_dynamic_data_load_start__ = ALIGN ((__fs_data_load_start__ + SIZEOF (.fs_data)), 0x4)

.log_dynamic_data
                0x00000000200033c0        0x0 load address 0x000000000001dcd4
                0x00000000200033c0                __log_dynamic_data_start__ = .
 *(SORT_BY_NAME(.log_dynamic_data*))
                0x00000000200033c0                __log_dynamic_data_end__ = (__log_dynamic_data_start__ + SIZEOF (.log_dynamic_data))
                0x0000000000000000                __log_dynamic_data_size__ = SIZEOF (.log_dynamic_data)
                0x000000000001dcd4                __log_dynamic_data_load_end__ = (__log_dynamic_data_load_start__ + SIZEOF (.log_dynamic_data))
                0x0000000000000001                . = ASSERT (((__log_dynamic_data_load_start__ == __log_dynamic_data_load_end__) || ((__log_dynamic_data_load_end__ - __FLASH_segment_start__) <= __FLASH_segment_size__)), error: .log_dynamic_data is too large to fit in FLASH memory segment)

.log_dynamic_data_run
                0x00000000200033c0        0x0
                0x00000000200033c0                __log_dynamic_data_run_start__ = .
                0x00000000200033c0                __start_log_dynamic_data = __log_dynamic_data_run_start__
                0x00000000200033c0                . = MAX ((__log_dynamic_data_run_start__ + SIZEOF (.log_dynamic_data)), .)
                0x00000000200033c0                __log_dynamic_data_run_end__ = (__log_dynamic_data_run_start__ + SIZEOF (.log_dynamic_data_run))
                0x0000000000000000                __log_dynamic_data_run_size__ = SIZEOF (.log_dynamic_data_run)
                0x00000000200033c0                __stop_log_dynamic_data = __log_dynamic_data_run_end__
                0x00000000200033c0                __log_dynamic_data_run_load_end__ = __log_dynamic_data_run_end__
                0x0000000000000001                . = ASSERT (((__log_dynamic_data_run_start__ == __log_dynamic_data_run_end__) || ((__log_dynamic_data_run_end__ - __RAM_segment_start__) <= __RAM_segment_size__)), error: .log_dynamic_data_run is too large to fit in RAM memory segment)
                0x000000000001dcd4                __log_filter_data_load_start__ = ALIGN ((__log_dynamic_data_load_start__ + SIZEOF (.log_dynamic_data)), 0x4)

.log_filter_data
                0x00000000200033c0        0x0 load address 0x000000000001dcd4
                0x00000000200033c0                __log_filter_data_start__ = .
 *(SORT_BY_NAME(.log_filter_data*))
                0x00000000200033c0                __log_filter_data_end__ = (__log_filter_data_start__ + SIZEOF (.log_filter_data))
                0x0000000000000000                __log_filter_data_size__ = SIZEOF (.log_filter_data)
                0x000000000001dcd4                __log_filter_data_load_end__ = (__log_filter_data_load_start__ + SIZEOF (.log_filter_data))
                0x0000000000000001                . = ASSERT (((__log_filter_data_load_start__ == __log_filter_data_load_end__) || ((__log_filter_data_load_end__ - __FLASH_segment_start__) <= __FLASH_segment_size__)), error: .log_filter_data is too large to fit in FLASH memory segment)

.log_filter_data_run
                0x00000000200033c0        0x0
                0x00000000200033c0                __log_filter_data_run_start__ = .
                0x00000000200033c0                __start_log_filter_data = __log_filter_data_run_start__
                0x00000000200033c0                . = MAX ((__log_filter_data_run_start__ + SIZEOF (.log_filter_data)), .)
                0x00000000200033c0                __log_filter_data_run_end__ = (__log_filter_data_run_start__ + SIZEOF (.log_filter_data_run))
                0x0000000000000000                __log_filter_data_run_size__ = SIZEOF (.log_filter_data_run)
                0x00000000200033c0                __stop_log_filter_data = __log_filter_data_run_end__
                0x00000000200033c0                __log_filter_data_run_load_end__ = __log_filter_data_run_end__
                0x0000000000000001                . = ASSERT (((__log_filter_data_run_start__ == __log_filter_data_run_end__) || ((__log_filter_data_run_end__ - __RAM_segment_start__) <= __RAM_segment_size__)), error: .log_filter_data_run is too large to fit in RAM memory segment)
                0x00000000200033c0                __nrf_sections_run_end_load_start__ = ALIGN (__log_filter_data_run_end__, 0x4)

.nrf_sections_run_end
                0x00000000200033c0        0x0
                0x00000000200033c0                __nrf_sections_run_end_start__ = .
                0x00000000200033c0                __end_nrf_sections_run = __nrf_sections_run_end_start__
 *(.nrf_sections_run_end .nrf_sections_run_end.*)
                0x00000000200033c0                __nrf_sections_run_end_end__ = (__nrf_sections_run_end_start__ + SIZEOF (.nrf_sections_run_end))
                0x0000000000000000                __nrf_sections_run_end_size__ = SIZEOF (.nrf_sections_run_end)
                0x00000000200033c0                __nrf_sections_run_end_load_end__ = __nrf_sections_run_end_end__
                0x0000000000000001                . = ASSERT (((__nrf_sections_run_end_start__ == __nrf_sections_run_end_end__) || ((__nrf_sections_run_end_end__ - __RAM_segment_start__) <= __RAM_segment_size__)), error: .nrf_sections_run_end is too large to fit in RAM memory segment)
                0x000000000001dcd4                __dtors_load_start__ = ALIGN ((__log_filter_data_load_start__ + SIZEOF (.log_filter_data)), 0x4)

.dtors          0x000000000001dcd4        0x0
                0x000000000001dcd4                __dtors_start__ = .
 *(SORT_BY_NAME(.dtors.*))
 *(.dtors)
 *(.fini_array)
 *(SORT_BY_NAME(.fini_array.*))
                0x000000000001dcd4                __dtors_end__ = (__dtors_start__ + SIZEOF (.dtors))
                0x0000000000000000                __dtors_size__ = SIZEOF (.dtors)
                0x000000000001dcd4                __dtors_load_end__ = __dtors_end__
                0x0000000000000001                . = ASSERT (((__dtors_start__ == __dtors_end__) || ((__dtors_end__ - __FLASH_segment_start__) <= __FLASH_segment_size__)), error: .dtors is too large to fit in FLASH memory segment)
                0x000000000001dcd4                __ctors_load_start__ = ALIGN (__dtors_end__, 0x4)

.ctors          0x000000000001dcd4        0x0
                0x000000000001dcd4                __ctors_start__ = .
 *(SORT_BY_NAME(.ctors.*))
 *(.ctors)
 *(.init_array)
 *(SORT_BY_NAME(.init_array.*))
                0x000000000001dcd4                __ctors_end__ = (__ctors_start__ + SIZEOF (.ctors))
                0x0000000000000000                __ctors_size__ = SIZEOF (.ctors)
                0x000000000001dcd4                __ctors_load_end__ = __ctors_end__
                0x0000000000000001                . = ASSERT (((__ctors_start__ == __ctors_end__) || ((__ctors_end__ - __FLASH_segment_start__) <= __FLASH_segment_size__)), error: .ctors is too large to fit in FLASH memory segment)
                0x000000000001dcd4                __rodata_load_start__ = ALIGN (__ctors_end__, 0x4)

.rodata         0x000000000001dcd4      0x47c
                0x000000000001dcd4                __rodata_start__ = .
 *(.rodata .rodata.* .gnu.linkonce.r.*)
 .rodata.m_fds_tl_dirty
                0x000000000001dcd4        0x4 Output/ble_app_hrs_pca10028_s130 Release/Obj/fds.o
 .rodata.page_tag_data.5606
                0x000000000001dcd8        0x8 Output/ble_app_hrs_pca10028_s130 Release/Obj/fds.o
 .rodata.page_tag_swap.5602
                0x000000000001dce0        0x8 Output/ble_app_hrs_pca10028_s130 Release/Obj/fds.o
 .rodata        0x000000000001dce8       0x20 Output/ble_app_hrs_pca10028_s130 Release/Obj/app_uart.o
 .rodata        0x000000000001dd08       0x18 Output/ble_app_hrs_pca10028_s130 Release/Obj/main.o
 .rodata.RGBW_get.str1.1
                0x000000000001dd20       0x5c Output/ble_app_hrs_pca10028_s130 Release/Obj/main.o
 .rodata.band_uart_init.str1.1
                0x000000000001dd7c        0xf Output/ble_app_hrs_pca10028_s130 Release/Obj/main.o
 *fill*         0x000000000001dd8b        0x1 
 .rodata.m_twi  0x000000000001dd8c        0x8 Output/ble_app_hrs_pca10028_s130 Release/Obj/main.o
 .rodata.m_twi1
                0x000000000001dd94        0x8 Output/ble_app_hrs_pca10028_s130 Release/Obj/main.o
 .rodata.scan_twi.str1.1
                0x000000000001dd9c       0x27 Output/ble_app_hrs_pca10028_s130 Release/Obj/main.o
 *fill*         0x000000000001ddc3        0x1 
 .rodata.libc.__RAL_hex_lc
                0x000000000001ddc4       0x10 C:/Program Files/SEGGER/SEGGER Embedded Studio for ARM 4.18/lib/libc_v6m_t_le_eabi.a(libc2.o)
                0x000000000001ddc4                __RAL_hex_lc
 .rodata.libc.__RAL_hex_uc
                0x000000000001ddd4       0x10 C:/Program Files/SEGGER/SEGGER Embedded Studio for ARM 4.18/lib/libc_v6m_t_le_eabi.a(libc2.o)
                0x000000000001ddd4                __RAL_hex_uc
 .rodata.libc.__vfprintf_long
                0x000000000001dde4      0x364 C:/Program Files/SEGGER/SEGGER Embedded Studio for ARM 4.18/lib/libvfprintf_v6m_t_le_eabi.o
 .rodata.libc.__vfprintf_int.str1.4
                0x000000000001e148        0x8 C:/Program Files/SEGGER/SEGGER Embedded Studio for ARM 4.18/lib/libvfprintf_v6m_t_le_eabi.o
                                          0x7 (size before relaxing)
                0x000000000001e150                __rodata_end__ = (__rodata_start__ + SIZEOF (.rodata))
                0x000000000000047c                __rodata_size__ = SIZEOF (.rodata)
                0x000000000001e150                __rodata_load_end__ = __rodata_end__

.rel.dyn        0x000000000001e150        0x0
 .rel.iplt      0x000000000001e150        0x0 Output/ble_app_hrs_pca10028_s130 Release/Obj/thumb_crt0.o
                0x0000000000000001                . = ASSERT (((__rodata_start__ == __rodata_end__) || ((__rodata_end__ - __FLASH_segment_start__) <= __FLASH_segment_size__)), error: .rodata is too large to fit in FLASH memory segment)
                0x000000000001e150                __ARM.exidx_load_start__ = ALIGN (__rodata_end__, 0x4)

.ARM.exidx      0x000000000001e150        0x0
                0x000000000001e150                __ARM.exidx_start__ = .
                0x000000000001e150                __exidx_start = __ARM.exidx_start__
 *(.ARM.exidx .ARM.exidx.*)
                0x000000000001e150                __ARM.exidx_end__ = (__ARM.exidx_start__ + SIZEOF (.ARM.exidx))
                0x0000000000000000                __ARM.exidx_size__ = SIZEOF (.ARM.exidx)
                0x000000000001e150                __exidx_end = __ARM.exidx_end__
                0x000000000001e150                __ARM.exidx_load_end__ = __ARM.exidx_end__
                0x0000000000000001                . = ASSERT (((__ARM.exidx_start__ == __ARM.exidx_end__) || ((__ARM.exidx_end__ - __FLASH_segment_start__) <= __FLASH_segment_size__)), error: .ARM.exidx is too large to fit in FLASH memory segment)
                0x000000000001e150                __fast_load_start__ = ALIGN (__ARM.exidx_end__, 0x4)

.fast           0x00000000200033c0        0x0 load address 0x000000000001e150
                0x00000000200033c0                __fast_start__ = .
 *(.fast .fast.*)
                0x00000000200033c0                __fast_end__ = (__fast_start__ + SIZEOF (.fast))
                0x0000000000000000                __fast_size__ = SIZEOF (.fast)
                0x000000000001e150                __fast_load_end__ = (__fast_load_start__ + SIZEOF (.fast))
                0x0000000000000001                . = ASSERT (((__fast_load_start__ == __fast_load_end__) || ((__fast_load_end__ - __FLASH_segment_start__) <= __FLASH_segment_size__)), error: .fast is too large to fit in FLASH memory segment)

.fast_run       0x00000000200033c0        0x0
                0x00000000200033c0                __fast_run_start__ = .
                0x00000000200033c0                . = MAX ((__fast_run_start__ + SIZEOF (.fast)), .)
                0x00000000200033c0                __fast_run_end__ = (__fast_run_start__ + SIZEOF (.fast_run))
                0x0000000000000000                __fast_run_size__ = SIZEOF (.fast_run)
                0x00000000200033c0                __fast_run_load_end__ = __fast_run_end__
                0x0000000000000001                . = ASSERT (((__fast_run_start__ == __fast_run_end__) || ((__fast_run_end__ - __RAM_segment_start__) <= __RAM_segment_size__)), error: .fast_run is too large to fit in RAM memory segment)
                0x000000000001e150                __data_load_start__ = ALIGN ((__fast_load_start__ + SIZEOF (.fast)), 0x4)

.data           0x00000000200033c0        0xc load address 0x000000000001e150
                0x00000000200033c0                __data_start__ = .
 *(.data .data.* .gnu.linkonce.d.*)
 .data.app_uart_inst
                0x00000000200033c0        0x8 Output/ble_app_hrs_pca10028_s130 Release/Obj/app_uart.o
 .data.SystemCoreClock
                0x00000000200033c8        0x4 Output/ble_app_hrs_pca10028_s130 Release/Obj/system_nrf51.o
                0x00000000200033c8                SystemCoreClock
                0x00000000200033cc                __data_end__ = (__data_start__ + SIZEOF (.data))
                0x000000000000000c                __data_size__ = SIZEOF (.data)
                0x000000000001e15c                __data_load_end__ = (__data_load_start__ + SIZEOF (.data))

.igot.plt       0x0000000100000000        0x0
 .igot.plt      0x0000000100000000        0x0 Output/ble_app_hrs_pca10028_s130 Release/Obj/thumb_crt0.o
                0x0000000000000001                . = ASSERT (((__data_load_start__ == __data_load_end__) || ((__data_load_end__ - __FLASH_segment_start__) <= __FLASH_segment_size__)), error: .data is too large to fit in FLASH memory segment)

.data_run       0x00000000200033c0        0xc load address 0x000000000001e150
                0x00000000200033c0                __data_run_start__ = .
                0x00000000200033cc                . = MAX ((__data_run_start__ + SIZEOF (.data)), .)
 *fill*         0x00000000200033c0        0xc 
                0x00000000200033cc                __data_run_end__ = (__data_run_start__ + SIZEOF (.data_run))
                0x000000000000000c                __data_run_size__ = SIZEOF (.data_run)
                0x00000000200033cc                __data_run_load_end__ = __data_run_end__
                0x0000000000000001                . = ASSERT (((__data_run_start__ == __data_run_end__) || ((__data_run_end__ - __RAM_segment_start__) <= __RAM_segment_size__)), error: .data_run is too large to fit in RAM memory segment)
                0x000000000001e15c                __tdata_load_start__ = ALIGN ((__data_load_start__ + SIZEOF (.data)), 0x4)

.tdata          0x00000000200033cc        0x0 load address 0x000000000001e15c
                0x00000000200033cc                __tdata_start__ = .
 *(.tdata .tdata.*)
                0x00000000200033cc                __tdata_end__ = (__tdata_start__ + SIZEOF (.tdata))
                0x0000000000000000                __tdata_size__ = SIZEOF (.tdata)
                0x000000000001e15c                __tdata_load_end__ = (__tdata_load_start__ + SIZEOF (.tdata))
                0x000000000001e15c                __FLASH_segment_used_end__ = (ALIGN ((__data_load_start__ + SIZEOF (.data)), 0x4) + SIZEOF (.tdata))
                0x000000000001e15c                __FLASH_segment_used_size__ = (__FLASH_segment_used_end__ - __FLASH_segment_start__)
                0x0000000000000001                . = ASSERT (((__tdata_load_start__ == __tdata_load_end__) || ((__tdata_load_end__ - __FLASH_segment_start__) <= __FLASH_segment_size__)), error: .tdata is too large to fit in FLASH memory segment)

.tdata_run      0x00000000200033cc        0x0
                0x00000000200033cc                __tdata_run_start__ = .
                0x00000000200033cc                . = MAX ((__tdata_run_start__ + SIZEOF (.tdata)), .)
                0x00000000200033cc                __tdata_run_end__ = (__tdata_run_start__ + SIZEOF (.tdata_run))
                0x0000000000000000                __tdata_run_size__ = SIZEOF (.tdata_run)
                0x00000000200033cc                __tdata_run_load_end__ = __tdata_run_end__
                0x0000000000000001                . = ASSERT (((__tdata_run_start__ == __tdata_run_end__) || ((__tdata_run_end__ - __RAM_segment_start__) <= __RAM_segment_size__)), error: .tdata_run is too large to fit in RAM memory segment)
                0x00000000200033cc                __bss_load_start__ = ALIGN (__tdata_run_end__, 0x4)

.bss            0x00000000200033cc      0x4d0
                0x00000000200033cc                __bss_start__ = .
 *(.bss .bss.* .gnu.linkonce.b.*)
 .bss.m_evt_schedule_func
                0x00000000200033cc        0x4 Output/ble_app_hrs_pca10028_s130 Release/Obj/app_timer.o
 .bss.m_op_queue
                0x00000000200033d0        0x8 Output/ble_app_hrs_pca10028_s130 Release/Obj/app_timer.o
 .bss.m_rtc1_reset
                0x00000000200033d8        0x1 Output/ble_app_hrs_pca10028_s130 Release/Obj/app_timer.o
 .bss.m_rtc1_running
                0x00000000200033d9        0x1 Output/ble_app_hrs_pca10028_s130 Release/Obj/app_timer.o
 *fill*         0x00000000200033da        0x2 
 .bss.m_ticks_elapsed
                0x00000000200033dc        0x8 Output/ble_app_hrs_pca10028_s130 Release/Obj/app_timer.o
 .bss.m_ticks_elapsed_q_read_ind
                0x00000000200033e4        0x1 Output/ble_app_hrs_pca10028_s130 Release/Obj/app_timer.o
 .bss.m_ticks_elapsed_q_write_ind
                0x00000000200033e5        0x1 Output/ble_app_hrs_pca10028_s130 Release/Obj/app_timer.o
 *fill*         0x00000000200033e6        0x2 
 .bss.m_ticks_latest
                0x00000000200033e8        0x4 Output/ble_app_hrs_pca10028_s130 Release/Obj/app_timer.o
 .bss.mp_timer_id_head
                0x00000000200033ec        0x4 Output/ble_app_hrs_pca10028_s130 Release/Obj/app_timer.o
 .bss.desc.5835
                0x00000000200033f0        0xc Output/ble_app_hrs_pca10028_s130 Release/Obj/fds.o
 .bss.m_cb_table
                0x00000000200033fc       0x20 Output/ble_app_hrs_pca10028_s130 Release/Obj/fds.o
 .bss.m_chunk_queue
                0x000000002000341c       0x48 Output/ble_app_hrs_pca10028_s130 Release/Obj/fds.o
 .bss.m_flags   0x0000000020003464        0x1 Output/ble_app_hrs_pca10028_s130 Release/Obj/fds.o
 *fill*         0x0000000020003465        0x3 
 .bss.m_gc      0x0000000020003468       0x10 Output/ble_app_hrs_pca10028_s130 Release/Obj/fds.o
 .bss.m_op_queue
                0x0000000020003478       0x78 Output/ble_app_hrs_pca10028_s130 Release/Obj/fds.o
 .bss.m_pages   0x00000000200034f0       0x20 Output/ble_app_hrs_pca10028_s130 Release/Obj/fds.o
 .bss.m_swap_page
                0x0000000020003510        0x8 Output/ble_app_hrs_pca10028_s130 Release/Obj/fds.o
 .bss.page.5836
                0x0000000020003518        0x2 Output/ble_app_hrs_pca10028_s130 Release/Obj/fds.o
 *fill*         0x000000002000351a        0x2 
 .bss.tok.5741  0x000000002000351c        0x8 Output/ble_app_hrs_pca10028_s130 Release/Obj/fds.o
 .bss.m_flags   0x0000000020003524        0x1 Output/ble_app_hrs_pca10028_s130 Release/Obj/fstorage.o
 *fill*         0x0000000020003525        0x3 
 .bss.m_queue   0x0000000020003528       0x68 Output/ble_app_hrs_pca10028_s130 Release/Obj/fstorage.o
 .bss.m_event_handler
                0x0000000020003590        0x4 Output/ble_app_hrs_pca10028_s130 Release/Obj/app_uart.o
 .bss.rx_buffer
                0x0000000020003594        0x1 Output/ble_app_hrs_pca10028_s130 Release/Obj/app_uart.o
 .bss.rx_done   0x0000000020003595        0x1 Output/ble_app_hrs_pca10028_s130 Release/Obj/app_uart.o
 *fill*         0x0000000020003596        0x2 
 .bss.m_cb      0x0000000020003598       0x1c Output/ble_app_hrs_pca10028_s130 Release/Obj/nrf_drv_uart.o
 .bss.m_clock_cb
                0x00000000200035b4       0x14 Output/ble_app_hrs_pca10028_s130 Release/Obj/nrf_drv_clock.o
 .bss.m_cb      0x00000000200035c8       0x48 Output/ble_app_hrs_pca10028_s130 Release/Obj/nrf_drv_gpiote.o
 .bss.m_cb      0x0000000020003610       0x50 Output/ble_app_hrs_pca10028_s130 Release/Obj/nrf_drv_twi.o
 .bss.RGBreturn.5917
                0x0000000020003660       0x18 Output/ble_app_hrs_pca10028_s130 Release/Obj/main.o
 .bss.rx_buf.5933
                0x0000000020003678      0x100 Output/ble_app_hrs_pca10028_s130 Release/Obj/main.o
 .bss.tx_buf.5934
                0x0000000020003778      0x100 Output/ble_app_hrs_pca10028_s130 Release/Obj/main.o
 .bss.m_ble_evt_buffer_size
                0x0000000020003878        0x2 Output/ble_app_hrs_pca10028_s130 Release/Obj/softdevice_handler.o
 *fill*         0x000000002000387a        0x2 
 .bss.m_ble_evt_handler
                0x000000002000387c        0x4 Output/ble_app_hrs_pca10028_s130 Release/Obj/softdevice_handler.o
 .bss.m_evt_schedule_func
                0x0000000020003880        0x4 Output/ble_app_hrs_pca10028_s130 Release/Obj/softdevice_handler.o
 .bss.m_softdevice_enabled
                0x0000000020003884        0x1 Output/ble_app_hrs_pca10028_s130 Release/Obj/softdevice_handler.o
 .bss.m_suspended
                0x0000000020003885        0x1 Output/ble_app_hrs_pca10028_s130 Release/Obj/softdevice_handler.o
 *fill*         0x0000000020003886        0x2 
 .bss.m_sys_evt_handler
                0x0000000020003888        0x4 Output/ble_app_hrs_pca10028_s130 Release/Obj/softdevice_handler.o
 .bss.mp_ble_evt_buffer
                0x000000002000388c        0x4 Output/ble_app_hrs_pca10028_s130 Release/Obj/softdevice_handler.o
 .bss.libc.__user_format_extender
                0x0000000020003890        0x4 C:/Program Files/SEGGER/SEGGER Embedded Studio for ARM 4.18/lib/libc_v6m_t_le_eabi.a(libc2.o)
                0x0000000020003890                __user_format_extender
 .bss.libdebugio.dbgCntrlWord_mempoll
                0x0000000020003894        0x4 C:/Program Files/SEGGER/SEGGER Embedded Studio for ARM 4.18/lib/libdebugio_mempoll_v6m_t_le_eabi.a(mempoll_debug_operations.o)
                0x0000000020003894                dbgCntrlWord_mempoll
 .bss.libdebugio.dbgCommWord
                0x0000000020003898        0x4 C:/Program Files/SEGGER/SEGGER Embedded Studio for ARM 4.18/lib/libdebugio_mempoll_v6m_t_le_eabi.a(mempoll_debug_operations.o)
                0x0000000020003898                dbgCommWord
 *(COMMON)
                0x000000002000389c                __bss_end__ = (__bss_start__ + SIZEOF (.bss))
                0x00000000000004d0                __bss_size__ = SIZEOF (.bss)
                0x000000002000389c                __bss_load_end__ = __bss_end__
                0x0000000000000001                . = ASSERT (((__bss_start__ == __bss_end__) || ((__bss_end__ - __RAM_segment_start__) <= __RAM_segment_size__)), error: .bss is too large to fit in RAM memory segment)
                0x000000002000389c                __tbss_load_start__ = ALIGN (__bss_end__, 0x4)

.tbss           0x000000002000389c        0x0
                0x000000002000389c                __tbss_start__ = .
 *(.tbss .tbss.*)
                0x000000002000389c                __tbss_end__ = (__tbss_start__ + SIZEOF (.tbss))
                0x0000000000000000                __tbss_size__ = SIZEOF (.tbss)
                0x000000002000389c                __tbss_load_end__ = __tbss_end__
                0x0000000000000001                . = ASSERT (((__tbss_start__ == __tbss_end__) || ((__tbss_end__ - __RAM_segment_start__) <= __RAM_segment_size__)), error: .tbss is too large to fit in RAM memory segment)
                0x000000002000389c                __non_init_load_start__ = ALIGN (__tbss_end__, 0x4)

.non_init       0x000000002000389c        0x0
                0x000000002000389c                __non_init_start__ = .
 *(.non_init .non_init.*)
                0x000000002000389c                __non_init_end__ = (__non_init_start__ + SIZEOF (.non_init))
                0x0000000000000000                __non_init_size__ = SIZEOF (.non_init)
                0x000000002000389c                __non_init_load_end__ = __non_init_end__
                0x0000000000000001                . = ASSERT (((__non_init_start__ == __non_init_end__) || ((__non_init_end__ - __RAM_segment_start__) <= __RAM_segment_size__)), error: .non_init is too large to fit in RAM memory segment)
                0x000000002000389c                __heap_load_start__ = ALIGN (__non_init_end__, 0x4)

.heap           0x000000002000389c        0x0
                0x000000002000389c                __heap_start__ = .
 *(.heap .heap.*)
                0x000000002000389c                . = ALIGN (MAX ((__heap_start__ + __HEAPSIZE__), .), 0x4)
                0x000000002000389c                __heap_end__ = (__heap_start__ + SIZEOF (.heap))
                0x0000000000000000                __heap_size__ = SIZEOF (.heap)
                0x000000002000389c                __heap_load_end__ = __heap_end__
                0x0000000000000001                . = ASSERT (((__heap_start__ == __heap_end__) || ((__heap_end__ - __RAM_segment_start__) <= __RAM_segment_size__)), error: .heap is too large to fit in RAM memory segment)
                0x0000000020007800                __stack_load_start__ = (__RAM_segment_start__ + (__RAM_segment_size__ - 0x800))

.stack          0x0000000020007800      0x800
                0x0000000020007800                __stack_start__ = .
                0x0000000020007800                __StackLimit = __stack_start__
 *(.stack .stack.*)
                0x0000000020008000                . = ALIGN (MAX ((__stack_start__ + __STACKSIZE__), .), 0x8)
 *fill*         0x0000000020007800      0x800 
                0x0000000020008000                __stack_end__ = (__stack_start__ + SIZEOF (.stack))
                0x0000000000000800                __stack_size__ = SIZEOF (.stack)
                0x0000000020008000                __StackTop = __stack_end__
                0x0000000020008000                __stack_load_end__ = __stack_end__
                0x0000000000000001                . = ASSERT (((__stack_start__ == __stack_end__) || ((__stack_end__ - __RAM_segment_start__) <= __RAM_segment_size__)), error: .stack is too large to fit in RAM memory segment)
                0x0000000000000001                . = ASSERT ((__heap_end__ <= __stack_start__), error: section .heap overlaps absolute placed section .stack)
                0x0000000020008000                __stack_process_load_start__ = ALIGN (__stack_end__, 0x8)

.stack_process  0x0000000020008000        0x0
                0x0000000020008000                __stack_process_start__ = .
 *(.stack_process .stack_process.*)
                0x0000000020008000                . = ALIGN (MAX ((__stack_process_start__ + __STACKSIZE_PROCESS__), .), 0x8)
                0x0000000020008000                __stack_process_end__ = (__stack_process_start__ + SIZEOF (.stack_process))
                0x0000000000000000                __stack_process_size__ = SIZEOF (.stack_process)
                0x0000000020008000                __stack_process_load_end__ = __stack_process_end__
                0x0000000020008000                __RAM_segment_used_end__ = (ALIGN (__stack_end__, 0x8) + SIZEOF (.stack_process))
                0x0000000000008000                __RAM_segment_used_size__ = (__RAM_segment_used_end__ - __RAM_segment_start__)
                0x0000000000000001                . = ASSERT (((__stack_process_start__ == __stack_process_end__) || ((__stack_process_end__ - __RAM_segment_start__) <= __RAM_segment_size__)), error: .stack_process is too large to fit in RAM memory segment)
START GROUP
LOAD Output/ble_app_hrs_pca10028_s130 Release/Obj/thumb_crt0.o
LOAD Output/ble_app_hrs_pca10028_s130 Release/Obj/bsp.o
LOAD Output/ble_app_hrs_pca10028_s130 Release/Obj/bsp_btn_ble.o
LOAD Output/ble_app_hrs_pca10028_s130 Release/Obj/app_button.o
LOAD Output/ble_app_hrs_pca10028_s130 Release/Obj/app_error.o
LOAD Output/ble_app_hrs_pca10028_s130 Release/Obj/app_scheduler.o
LOAD Output/ble_app_hrs_pca10028_s130 Release/Obj/app_timer.o
LOAD Output/ble_app_hrs_pca10028_s130 Release/Obj/app_util_platform.o
LOAD Output/ble_app_hrs_pca10028_s130 Release/Obj/crc16.o
LOAD Output/ble_app_hrs_pca10028_s130 Release/Obj/fds.o
LOAD Output/ble_app_hrs_pca10028_s130 Release/Obj/hardfault_implementation.o
LOAD Output/ble_app_hrs_pca10028_s130 Release/Obj/mem_manager.o
LOAD Output/ble_app_hrs_pca10028_s130 Release/Obj/nrf_assert.o
LOAD Output/ble_app_hrs_pca10028_s130 Release/Obj/app_error_weak.o
LOAD Output/ble_app_hrs_pca10028_s130 Release/Obj/fstorage.o
LOAD Output/ble_app_hrs_pca10028_s130 Release/Obj/sensorsim.o
LOAD Output/ble_app_hrs_pca10028_s130 Release/Obj/sdk_mapped_flags.o
LOAD Output/ble_app_hrs_pca10028_s130 Release/Obj/app_uart.o
LOAD Output/ble_app_hrs_pca10028_s130 Release/Obj/nrf_drv_uart.o
LOAD Output/ble_app_hrs_pca10028_s130 Release/Obj/nrf_drv_clock.o
LOAD Output/ble_app_hrs_pca10028_s130 Release/Obj/nrf_drv_common.o
LOAD Output/ble_app_hrs_pca10028_s130 Release/Obj/nrf_drv_gpiote.o
LOAD Output/ble_app_hrs_pca10028_s130 Release/Obj/nrf_drv_twi.o
LOAD Output/ble_app_hrs_pca10028_s130 Release/Obj/boards.o
LOAD Output/ble_app_hrs_pca10028_s130 Release/Obj/nrf_log_backend_serial.o
LOAD Output/ble_app_hrs_pca10028_s130 Release/Obj/nrf_log_frontend.o
LOAD Output/ble_app_hrs_pca10028_s130 Release/Obj/main.o
LOAD Output/ble_app_hrs_pca10028_s130 Release/Obj/our_service.o
LOAD Output/ble_app_hrs_pca10028_s130 Release/Obj/SEGGER_RTT.o
LOAD Output/ble_app_hrs_pca10028_s130 Release/Obj/SEGGER_RTT_printf.o
LOAD Output/ble_app_hrs_pca10028_s130 Release/Obj/SEGGER_RTT_Syscalls_SES.o
LOAD Output/ble_app_hrs_pca10028_s130 Release/Obj/ses_startup_nrf_common.o
LOAD Output/ble_app_hrs_pca10028_s130 Release/Obj/system_nrf51.o
LOAD Output/ble_app_hrs_pca10028_s130 Release/Obj/ses_startup_nrf51.o
LOAD Output/ble_app_hrs_pca10028_s130 Release/Obj/ble_advdata.o
LOAD Output/ble_app_hrs_pca10028_s130 Release/Obj/ble_advertising.o
LOAD Output/ble_app_hrs_pca10028_s130 Release/Obj/ble_conn_params.o
LOAD Output/ble_app_hrs_pca10028_s130 Release/Obj/ble_conn_state.o
LOAD Output/ble_app_hrs_pca10028_s130 Release/Obj/ble_srv_common.o
LOAD Output/ble_app_hrs_pca10028_s130 Release/Obj/gatt_cache_manager.o
LOAD Output/ble_app_hrs_pca10028_s130 Release/Obj/gatts_cache_manager.o
LOAD Output/ble_app_hrs_pca10028_s130 Release/Obj/id_manager.o
LOAD Output/ble_app_hrs_pca10028_s130 Release/Obj/nrf_ble_gatt.o
LOAD Output/ble_app_hrs_pca10028_s130 Release/Obj/peer_data.o
LOAD Output/ble_app_hrs_pca10028_s130 Release/Obj/peer_data_storage.o
LOAD Output/ble_app_hrs_pca10028_s130 Release/Obj/peer_database.o
LOAD Output/ble_app_hrs_pca10028_s130 Release/Obj/peer_id.o
LOAD Output/ble_app_hrs_pca10028_s130 Release/Obj/peer_manager.o
LOAD Output/ble_app_hrs_pca10028_s130 Release/Obj/pm_buffer.o
LOAD Output/ble_app_hrs_pca10028_s130 Release/Obj/security_dispatcher.o
LOAD Output/ble_app_hrs_pca10028_s130 Release/Obj/security_manager.o
LOAD Output/ble_app_hrs_pca10028_s130 Release/Obj/pm_mutex.o
LOAD Output/ble_app_hrs_pca10028_s130 Release/Obj/ble_bas.o
LOAD Output/ble_app_hrs_pca10028_s130 Release/Obj/ble_dis.o
LOAD Output/ble_app_hrs_pca10028_s130 Release/Obj/ble_hrs.o
LOAD Output/ble_app_hrs_pca10028_s130 Release/Obj/softdevice_handler.o
LOAD C:/Program Files/SEGGER/SEGGER Embedded Studio for ARM 4.18/lib/libdebugio_mempoll_v6m_t_le_eabi.a
LOAD C:/Program Files/SEGGER/SEGGER Embedded Studio for ARM 4.18/lib/libm_v6m_t_le_eabi.a
LOAD C:/Program Files/SEGGER/SEGGER Embedded Studio for ARM 4.18/lib/libc_v6m_t_le_eabi.a
LOAD C:/Program Files/SEGGER/SEGGER Embedded Studio for ARM 4.18/lib/libcpp_v6m_t_le_eabi.a
LOAD C:/Program Files/SEGGER/SEGGER Embedded Studio for ARM 4.18/lib/libdebugio_v6m_t_le_eabi.a
LOAD C:/Program Files/SEGGER/SEGGER Embedded Studio for ARM 4.18/lib/libvfprintf_v6m_t_le_eabi.o
LOAD C:/Program Files/SEGGER/SEGGER Embedded Studio for ARM 4.18/lib/libvfscanf_v6m_t_le_eabi.o
END GROUP
OUTPUT(Output/Release/Exe/ble_app_hrs_pca10028_s130.elf elf32-littlearm)

.ARM.attributes
                0x0000000000000000       0x2d
 .ARM.attributes
                0x0000000000000000       0x21 Output/ble_app_hrs_pca10028_s130 Release/Obj/thumb_crt0.o
 .ARM.attributes
                0x0000000000000021       0x31 Output/ble_app_hrs_pca10028_s130 Release/Obj/app_error.o
 .ARM.attributes
                0x0000000000000052       0x31 Output/ble_app_hrs_pca10028_s130 Release/Obj/app_timer.o
 .ARM.attributes
                0x0000000000000083       0x31 Output/ble_app_hrs_pca10028_s130 Release/Obj/fds.o
 .ARM.attributes
                0x00000000000000b4       0x31 Output/ble_app_hrs_pca10028_s130 Release/Obj/app_error_weak.o
 .ARM.attributes
                0x00000000000000e5       0x31 Output/ble_app_hrs_pca10028_s130 Release/Obj/fstorage.o
 .ARM.attributes
                0x0000000000000116       0x31 Output/ble_app_hrs_pca10028_s130 Release/Obj/app_uart.o
 .ARM.attributes
                0x0000000000000147       0x31 Output/ble_app_hrs_pca10028_s130 Release/Obj/nrf_drv_uart.o
 .ARM.attributes
                0x0000000000000178       0x31 Output/ble_app_hrs_pca10028_s130 Release/Obj/nrf_drv_clock.o
 .ARM.attributes
                0x00000000000001a9       0x31 Output/ble_app_hrs_pca10028_s130 Release/Obj/nrf_drv_common.o
 .ARM.attributes
                0x00000000000001da       0x31 Output/ble_app_hrs_pca10028_s130 Release/Obj/nrf_drv_gpiote.o
 .ARM.attributes
                0x000000000000020b       0x31 Output/ble_app_hrs_pca10028_s130 Release/Obj/nrf_drv_twi.o
 .ARM.attributes
                0x000000000000023c       0x31 Output/ble_app_hrs_pca10028_s130 Release/Obj/main.o
 .ARM.attributes
                0x000000000000026d       0x21 Output/ble_app_hrs_pca10028_s130 Release/Obj/ses_startup_nrf_common.o
 .ARM.attributes
                0x000000000000028e       0x31 Output/ble_app_hrs_pca10028_s130 Release/Obj/system_nrf51.o
 .ARM.attributes
                0x00000000000002bf       0x21 Output/ble_app_hrs_pca10028_s130 Release/Obj/ses_startup_nrf51.o
 .ARM.attributes
                0x00000000000002e0       0x31 Output/ble_app_hrs_pca10028_s130 Release/Obj/softdevice_handler.o
 .ARM.attributes
                0x0000000000000311       0x1b C:/Program Files/SEGGER/SEGGER Embedded Studio for ARM 4.18/lib/libm_v6m_t_le_eabi.a(libm_asm.o)
 .ARM.attributes
                0x000000000000032c       0x1b C:/Program Files/SEGGER/SEGGER Embedded Studio for ARM 4.18/lib/libc_v6m_t_le_eabi.a(libc_asm.o)
 .ARM.attributes
                0x0000000000000347       0x2b C:/Program Files/SEGGER/SEGGER Embedded Studio for ARM 4.18/lib/libc_v6m_t_le_eabi.a(libc2.o)
 .ARM.attributes
                0x0000000000000372       0x1b C:/Program Files/SEGGER/SEGGER Embedded Studio for ARM 4.18/lib/libc_v6m_t_le_eabi.a(libc2_asm.o)
 .ARM.attributes
                0x000000000000038d       0x2b C:/Program Files/SEGGER/SEGGER Embedded Studio for ARM 4.18/lib/libc_v6m_t_le_eabi.a(libc.o)
 .ARM.attributes
                0x00000000000003b8       0x2b C:/Program Files/SEGGER/SEGGER Embedded Studio for ARM 4.18/lib/libdebugio_v6m_t_le_eabi.a(libdebugio.o)
 .ARM.attributes
                0x00000000000003e3       0x2b C:/Program Files/SEGGER/SEGGER Embedded Studio for ARM 4.18/lib/libvfprintf_v6m_t_le_eabi.o
 .ARM.attributes
                0x000000000000040e       0x2b C:/Program Files/SEGGER/SEGGER Embedded Studio for ARM 4.18/lib/libdebugio_mempoll_v6m_t_le_eabi.a(mempoll_debug_operations.o)

.comment        0x0000000000000000       0x43
 .comment       0x0000000000000000       0x43 Output/ble_app_hrs_pca10028_s130 Release/Obj/app_error.o
                                         0x44 (size before relaxing)
 .comment       0x0000000000000043       0x44 Output/ble_app_hrs_pca10028_s130 Release/Obj/app_timer.o
 .comment       0x0000000000000043       0x44 Output/ble_app_hrs_pca10028_s130 Release/Obj/fds.o
 .comment       0x0000000000000043       0x44 Output/ble_app_hrs_pca10028_s130 Release/Obj/app_error_weak.o
 .comment       0x0000000000000043       0x44 Output/ble_app_hrs_pca10028_s130 Release/Obj/fstorage.o
 .comment       0x0000000000000043       0x44 Output/ble_app_hrs_pca10028_s130 Release/Obj/app_uart.o
 .comment       0x0000000000000043       0x44 Output/ble_app_hrs_pca10028_s130 Release/Obj/nrf_drv_uart.o
 .comment       0x0000000000000043       0x44 Output/ble_app_hrs_pca10028_s130 Release/Obj/nrf_drv_clock.o
 .comment       0x0000000000000043       0x44 Output/ble_app_hrs_pca10028_s130 Release/Obj/nrf_drv_common.o
 .comment       0x0000000000000043       0x44 Output/ble_app_hrs_pca10028_s130 Release/Obj/nrf_drv_gpiote.o
 .comment       0x0000000000000043       0x44 Output/ble_app_hrs_pca10028_s130 Release/Obj/nrf_drv_twi.o
 .comment       0x0000000000000043       0x44 Output/ble_app_hrs_pca10028_s130 Release/Obj/main.o
 .comment       0x0000000000000043       0x44 Output/ble_app_hrs_pca10028_s130 Release/Obj/system_nrf51.o
 .comment       0x0000000000000043       0x44 Output/ble_app_hrs_pca10028_s130 Release/Obj/softdevice_handler.o
 .comment       0x0000000000000043       0x44 C:/Program Files/SEGGER/SEGGER Embedded Studio for ARM 4.18/lib/libc_v6m_t_le_eabi.a(libc2.o)
 .comment       0x0000000000000043       0x44 C:/Program Files/SEGGER/SEGGER Embedded Studio for ARM 4.18/lib/libc_v6m_t_le_eabi.a(libc.o)
 .comment       0x0000000000000043       0x44 C:/Program Files/SEGGER/SEGGER Embedded Studio for ARM 4.18/lib/libdebugio_v6m_t_le_eabi.a(libdebugio.o)
 .comment       0x0000000000000043       0x44 C:/Program Files/SEGGER/SEGGER Embedded Studio for ARM 4.18/lib/libvfprintf_v6m_t_le_eabi.o
 .comment       0x0000000000000043       0x44 C:/Program Files/SEGGER/SEGGER Embedded Studio for ARM 4.18/lib/libdebugio_mempoll_v6m_t_le_eabi.a(mempoll_debug_operations.o)

.debug_line     0x0000000000000000     0xbede
 .debug_line    0x0000000000000000      0x1e8 Output/ble_app_hrs_pca10028_s130 Release/Obj/thumb_crt0.o
 .debug_line    0x00000000000001e8      0x4eb Output/ble_app_hrs_pca10028_s130 Release/Obj/app_error.o
 .debug_line    0x00000000000006d3     0x10ed Output/ble_app_hrs_pca10028_s130 Release/Obj/app_timer.o
 .debug_line    0x00000000000017c0     0x1ea4 Output/ble_app_hrs_pca10028_s130 Release/Obj/fds.o
 .debug_line    0x0000000000003664      0x420 Output/ble_app_hrs_pca10028_s130 Release/Obj/app_error_weak.o
 .debug_line    0x0000000000003a84      0xae8 Output/ble_app_hrs_pca10028_s130 Release/Obj/fstorage.o
 .debug_line    0x000000000000456c      0x5f6 Output/ble_app_hrs_pca10028_s130 Release/Obj/app_uart.o
 .debug_line    0x0000000000004b62     0x1743 Output/ble_app_hrs_pca10028_s130 Release/Obj/nrf_drv_uart.o
 .debug_line    0x00000000000062a5      0xb8b Output/ble_app_hrs_pca10028_s130 Release/Obj/nrf_drv_clock.o
 .debug_line    0x0000000000006e30      0x46e Output/ble_app_hrs_pca10028_s130 Release/Obj/nrf_drv_common.o
 .debug_line    0x000000000000729e     0x172f Output/ble_app_hrs_pca10028_s130 Release/Obj/nrf_drv_gpiote.o
 .debug_line    0x00000000000089cd     0x155a Output/ble_app_hrs_pca10028_s130 Release/Obj/nrf_drv_twi.o
 .debug_line    0x0000000000009f27     0x1149 Output/ble_app_hrs_pca10028_s130 Release/Obj/main.o
 .debug_line    0x000000000000b070       0x90 Output/ble_app_hrs_pca10028_s130 Release/Obj/ses_startup_nrf_common.o
 .debug_line    0x000000000000b100      0x2ce Output/ble_app_hrs_pca10028_s130 Release/Obj/system_nrf51.o
 .debug_line    0x000000000000b3ce       0x7d Output/ble_app_hrs_pca10028_s130 Release/Obj/ses_startup_nrf51.o
 .debug_line    0x000000000000b44b      0xa93 Output/ble_app_hrs_pca10028_s130 Release/Obj/softdevice_handler.o

.debug_info     0x0000000000000000    0x1a5dd
 .debug_info    0x0000000000000000       0x22 Output/ble_app_hrs_pca10028_s130 Release/Obj/thumb_crt0.o
 .debug_info    0x0000000000000022      0x8ee Output/ble_app_hrs_pca10028_s130 Release/Obj/app_error.o
 .debug_info    0x0000000000000910     0x2181 Output/ble_app_hrs_pca10028_s130 Release/Obj/app_timer.o
 .debug_info    0x0000000000002a91     0x3b6a Output/ble_app_hrs_pca10028_s130 Release/Obj/fds.o
 .debug_info    0x00000000000065fb      0x7b3 Output/ble_app_hrs_pca10028_s130 Release/Obj/app_error_weak.o
 .debug_info    0x0000000000006dae     0x15d1 Output/ble_app_hrs_pca10028_s130 Release/Obj/fstorage.o
 .debug_info    0x000000000000837f     0x121c Output/ble_app_hrs_pca10028_s130 Release/Obj/app_uart.o
 .debug_info    0x000000000000959b     0x3774 Output/ble_app_hrs_pca10028_s130 Release/Obj/nrf_drv_uart.o
 .debug_info    0x000000000000cd0f     0x164a Output/ble_app_hrs_pca10028_s130 Release/Obj/nrf_drv_clock.o
 .debug_info    0x000000000000e359      0xa76 Output/ble_app_hrs_pca10028_s130 Release/Obj/nrf_drv_common.o
 .debug_info    0x000000000000edcf     0x2cc9 Output/ble_app_hrs_pca10028_s130 Release/Obj/nrf_drv_gpiote.o
 .debug_info    0x0000000000011a98     0x325d Output/ble_app_hrs_pca10028_s130 Release/Obj/nrf_drv_twi.o
 .debug_info    0x0000000000014cf5     0x2cc2 Output/ble_app_hrs_pca10028_s130 Release/Obj/main.o
 .debug_info    0x00000000000179b7       0x26 Output/ble_app_hrs_pca10028_s130 Release/Obj/ses_startup_nrf_common.o
 .debug_info    0x00000000000179dd      0x1e5 Output/ble_app_hrs_pca10028_s130 Release/Obj/system_nrf51.o
 .debug_info    0x0000000000017bc2       0x26 Output/ble_app_hrs_pca10028_s130 Release/Obj/ses_startup_nrf51.o
 .debug_info    0x0000000000017be8     0x29f5 Output/ble_app_hrs_pca10028_s130 Release/Obj/softdevice_handler.o

.debug_abbrev   0x0000000000000000     0x3870
 .debug_abbrev  0x0000000000000000       0x12 Output/ble_app_hrs_pca10028_s130 Release/Obj/thumb_crt0.o
 .debug_abbrev  0x0000000000000012      0x1d8 Output/ble_app_hrs_pca10028_s130 Release/Obj/app_error.o
 .debug_abbrev  0x00000000000001ea      0x52e Output/ble_app_hrs_pca10028_s130 Release/Obj/app_timer.o
 .debug_abbrev  0x0000000000000718      0x603 Output/ble_app_hrs_pca10028_s130 Release/Obj/fds.o
 .debug_abbrev  0x0000000000000d1b      0x1ae Output/ble_app_hrs_pca10028_s130 Release/Obj/app_error_weak.o
 .debug_abbrev  0x0000000000000ec9      0x4a8 Output/ble_app_hrs_pca10028_s130 Release/Obj/fstorage.o
 .debug_abbrev  0x0000000000001371      0x325 Output/ble_app_hrs_pca10028_s130 Release/Obj/app_uart.o
 .debug_abbrev  0x0000000000001696      0x487 Output/ble_app_hrs_pca10028_s130 Release/Obj/nrf_drv_uart.o
 .debug_abbrev  0x0000000000001b1d      0x4b1 Output/ble_app_hrs_pca10028_s130 Release/Obj/nrf_drv_clock.o
 .debug_abbrev  0x0000000000001fce      0x23e Output/ble_app_hrs_pca10028_s130 Release/Obj/nrf_drv_common.o
 .debug_abbrev  0x000000000000220c      0x56e Output/ble_app_hrs_pca10028_s130 Release/Obj/nrf_drv_gpiote.o
 .debug_abbrev  0x000000000000277a      0x536 Output/ble_app_hrs_pca10028_s130 Release/Obj/nrf_drv_twi.o
 .debug_abbrev  0x0000000000002cb0      0x512 Output/ble_app_hrs_pca10028_s130 Release/Obj/main.o
 .debug_abbrev  0x00000000000031c2       0x14 Output/ble_app_hrs_pca10028_s130 Release/Obj/ses_startup_nrf_common.o
 .debug_abbrev  0x00000000000031d6      0x13d Output/ble_app_hrs_pca10028_s130 Release/Obj/system_nrf51.o
 .debug_abbrev  0x0000000000003313       0x14 Output/ble_app_hrs_pca10028_s130 Release/Obj/ses_startup_nrf51.o
 .debug_abbrev  0x0000000000003327      0x549 Output/ble_app_hrs_pca10028_s130 Release/Obj/softdevice_handler.o

.debug_aranges  0x0000000000000000      0x838
 .debug_aranges
                0x0000000000000000       0x80 Output/ble_app_hrs_pca10028_s130 Release/Obj/thumb_crt0.o
 .debug_aranges
                0x0000000000000080       0x30 Output/ble_app_hrs_pca10028_s130 Release/Obj/app_error.o
 .debug_aranges
                0x00000000000000b0       0x78 Output/ble_app_hrs_pca10028_s130 Release/Obj/app_timer.o
 .debug_aranges
                0x0000000000000128      0x140 Output/ble_app_hrs_pca10028_s130 Release/Obj/fds.o
 .debug_aranges
                0x0000000000000268       0x20 Output/ble_app_hrs_pca10028_s130 Release/Obj/app_error_weak.o
 .debug_aranges
                0x0000000000000288       0x90 Output/ble_app_hrs_pca10028_s130 Release/Obj/fstorage.o
 .debug_aranges
                0x0000000000000318       0x48 Output/ble_app_hrs_pca10028_s130 Release/Obj/app_uart.o
 .debug_aranges
                0x0000000000000360       0x78 Output/ble_app_hrs_pca10028_s130 Release/Obj/nrf_drv_uart.o
 .debug_aranges
                0x00000000000003d8       0x98 Output/ble_app_hrs_pca10028_s130 Release/Obj/nrf_drv_clock.o
 .debug_aranges
                0x0000000000000470       0x28 Output/ble_app_hrs_pca10028_s130 Release/Obj/nrf_drv_common.o
 .debug_aranges
                0x0000000000000498       0xc8 Output/ble_app_hrs_pca10028_s130 Release/Obj/nrf_drv_gpiote.o
 .debug_aranges