Archive member included to satisfy reference by file (symbol)

C:/Program Files/SEGGER/SEGGER Embedded Studio for ARM 4.30c/lib/libm_v6m_t_le_eabi.a(libm_asm.o)
                              Output/ble_app_hrs_pca10028_s130 Release/Obj/main.o (__aeabi_ddiv)
C:/Program Files/SEGGER/SEGGER Embedded Studio for ARM 4.30c/lib/libc_v6m_t_le_eabi.a(libc_asm.o)
                              Output/ble_app_hrs_pca10028_s130 Release/Obj/ble_advertising.o (__aeabi_uidivmod)
C:/Program Files/SEGGER/SEGGER Embedded Studio for ARM 4.30c/lib/libc_v6m_t_le_eabi.a(libc2.o)
                              Output/ble_app_hrs_pca10028_s130 Release/Obj/id_manager.o (memcmp)
C:/Program Files/SEGGER/SEGGER Embedded Studio for ARM 4.30c/lib/libc_v6m_t_le_eabi.a(libc2_asm.o)
                              Output/ble_app_hrs_pca10028_s130 Release/Obj/main.o (memcpy)
C:/Program Files/SEGGER/SEGGER Embedded Studio for ARM 4.30c/lib/libc_v6m_t_le_eabi.a(libc.o)
                              C:/Program Files/SEGGER/SEGGER Embedded Studio for ARM 4.30c/lib/libc_v6m_t_le_eabi.a(libc2.o) (__heap_lock)
C:/Program Files/SEGGER/SEGGER Embedded Studio for ARM 4.30c/lib/libdebugio_v6m_t_le_eabi.a(libdebugio.o)
                              Output/ble_app_hrs_pca10028_s130 Release/Obj/thumb_crt0.o (debug_fopen)
C:/Program Files/SEGGER/SEGGER Embedded Studio for ARM 4.30c/lib/libdebugio_mempoll_v6m_t_le_eabi.a(mempoll_debug_operations.o)
                              C:/Program Files/SEGGER/SEGGER Embedded Studio for ARM 4.30c/lib/libdebugio_v6m_t_le_eabi.a(libdebugio.o) (__do_debug_operation)
C:/Program Files/SEGGER/SEGGER Embedded Studio for ARM 4.30c/lib/libdebugio_mempoll_v6m_t_le_eabi.a(do_nv_debug_operation.o)
                              C:/Program Files/SEGGER/SEGGER Embedded Studio for ARM 4.30c/lib/libdebugio_v6m_t_le_eabi.a(libdebugio.o) (__do_nvdebug_operation)
C:/Program Files/SEGGER/SEGGER Embedded Studio for ARM 4.30c/lib/libm_v6m_t_le_eabi.a(libm2.o)
                              C:/Program Files/SEGGER/SEGGER Embedded Studio for ARM 4.30c/lib/libvfprintf_v6m_t_le_eabi.o (frexp)

Discarded input sections

 .text          0x0000000000000000        0x0 Output/ble_app_hrs_pca10028_s130 Release/Obj/thumb_crt0.o
 .data          0x0000000000000000        0x0 Output/ble_app_hrs_pca10028_s130 Release/Obj/thumb_crt0.o
 .bss           0x0000000000000000        0x0 Output/ble_app_hrs_pca10028_s130 Release/Obj/thumb_crt0.o
 .text.__aeabi_read_tp
                0x0000000000000000        0x8 Output/ble_app_hrs_pca10028_s130 Release/Obj/thumb_crt0.o
 .text.abort    0x0000000000000000        0x2 Output/ble_app_hrs_pca10028_s130 Release/Obj/thumb_crt0.o
 .text.__assert
                0x0000000000000000        0x2 Output/ble_app_hrs_pca10028_s130 Release/Obj/thumb_crt0.o
 .text.__aeabi_assert
                0x0000000000000000        0x2 Output/ble_app_hrs_pca10028_s130 Release/Obj/thumb_crt0.o
 .text.__sync_synchronize
                0x0000000000000000        0x2 Output/ble_app_hrs_pca10028_s130 Release/Obj/thumb_crt0.o
 .text.__getchar
                0x0000000000000000       0x10 Output/ble_app_hrs_pca10028_s130 Release/Obj/thumb_crt0.o
 .text.__open   0x0000000000000000       0x10 Output/ble_app_hrs_pca10028_s130 Release/Obj/thumb_crt0.o
 .text.__close  0x0000000000000000       0x10 Output/ble_app_hrs_pca10028_s130 Release/Obj/thumb_crt0.o
 .text.__write  0x0000000000000000       0x14 Output/ble_app_hrs_pca10028_s130 Release/Obj/thumb_crt0.o
 .text.__read   0x0000000000000000       0x14 Output/ble_app_hrs_pca10028_s130 Release/Obj/thumb_crt0.o
 .text.__seek   0x0000000000000000       0x1c Output/ble_app_hrs_pca10028_s130 Release/Obj/thumb_crt0.o
 .bss.__user_locale_name_buffer
                0x0000000000000000        0x4 Output/ble_app_hrs_pca10028_s130 Release/Obj/thumb_crt0.o
 .stack         0x0000000000000000        0x0 Output/ble_app_hrs_pca10028_s130 Release/Obj/thumb_crt0.o
 .stack_process
                0x0000000000000000        0x0 Output/ble_app_hrs_pca10028_s130 Release/Obj/thumb_crt0.o
 .heap          0x0000000000000000        0x0 Output/ble_app_hrs_pca10028_s130 Release/Obj/thumb_crt0.o
 .group         0x0000000000000000        0xc Output/ble_app_hrs_pca10028_s130 Release/Obj/bsp.o
 .group         0x0000000000000000        0xc Output/ble_app_hrs_pca10028_s130 Release/Obj/bsp.o
 .group         0x0000000000000000        0xc Output/ble_app_hrs_pca10028_s130 Release/Obj/bsp.o
 .group         0x0000000000000000        0xc Output/ble_app_hrs_pca10028_s130 Release/Obj/bsp.o
 .group         0x0000000000000000        0xc Output/ble_app_hrs_pca10028_s130 Release/Obj/bsp.o
 .group         0x0000000000000000        0xc Output/ble_app_hrs_pca10028_s130 Release/Obj/bsp.o
 .group         0x0000000000000000        0xc Output/ble_app_hrs_pca10028_s130 Release/Obj/bsp.o
 .group         0x0000000000000000        0xc Output/ble_app_hrs_pca10028_s130 Release/Obj/bsp.o
[...]
Memory Configuration

Name             Origin             Length             Attributes
UNPLACED_SECTIONS 0x0000000100000000 0x0000000000000000 xw
RAM              0x0000000020000000 0x0000000000008000 xw
FLASH            0x0000000000000000 0x0000000000080000 xw
*default*        0x0000000000000000 0xffffffffffffffff

Linker script and memory map

                0x000000000002350c                __vfprintf = __vfprintf_long
                0x0000000000000000                __vfscanf = __vfscanf_int
                0x0000000020000000                __RAM_segment_start__ = 0x20000000
                0x0000000020008000                __RAM_segment_end__ = 0x20008000
                0x0000000000008000                __RAM_segment_size__ = 0x8000
                0x0000000000000000                __FLASH_segment_start__ = 0x0
                0x0000000000080000                __FLASH_segment_end__ = 0x80000
                0x0000000000080000                __FLASH_segment_size__ = 0x80000
                0x0000000000000000                __HEAPSIZE__ = 0x0
                0x0000000000000000                __STACKSIZE_PROCESS__ = 0x0
                0x0000000000000800                __STACKSIZE__ = 0x800
                0x0000000020000000                __reserved_ram_load_start__ = 0x20000000

.reserved_ram   0x0000000020000000     0x33b0
                0x0000000020000000                __reserved_ram_start__ = .
 *(.reserved_ram .reserved_ram.*)
                0x00000000200033b0                . = MAX (((__reserved_ram_start__ + 0x200033b0) - 0x20000000), .)
 *fill*         0x0000000020000000     0x33b0 
                0x00000000200033b0                __reserved_ram_end__ = (__reserved_ram_start__ + SIZEOF (.reserved_ram))
                0x00000000000033b0                __reserved_ram_size__ = SIZEOF (.reserved_ram)
                0x00000000200033b0                __reserved_ram_load_end__ = __reserved_ram_end__
                0x0000000000000001                . = ASSERT (((__reserved_ram_start__ == __reserved_ram_end__) || ((__reserved_ram_end__ - __RAM_segment_start__) <= __RAM_segment_size__)), error: .reserved_ram is too large to fit in RAM memory segment)
                0x00000000200033b0                __vectors_ram_load_start__ = 0x200033b0

.vectors_ram    0x00000000200033b0        0x0
                0x00000000200033b0                __vectors_ram_start__ = .
                0x00000000200033b0                __app_ram_start__ = __vectors_ram_start__
 *(.vectors_ram .vectors_ram.*)
                0x00000000200033b0                __vectors_ram_end__ = (__vectors_ram_start__ + SIZEOF (.vectors_ram))
                0x0000000000000000                __vectors_ram_size__ = SIZEOF (.vectors_ram)
                0x00000000200033b0                __vectors_ram_load_end__ = __vectors_ram_end__
                0x0000000000000001                . = ASSERT (((__vectors_ram_start__ == __vectors_ram_end__) || ((__vectors_ram_end__ - __RAM_segment_start__) <= __RAM_segment_size__)), error: .vectors_ram is too large to fit in RAM memory segment)
                0x0000000000000001                . = ASSERT ((__reserved_ram_end__ <= __vectors_ram_start__), error: section .reserved_ram overlaps absolute placed section .vectors_ram)
                0x00000000200033b0                __nrf_sections_run_load_start__ = ALIGN (__vectors_ram_end__, 0x4)

.nrf_sections_run
                0x00000000200033b0        0x0
                0x00000000200033b0                __nrf_sections_run_start__ = .
                0x00000000200033b0                __start_nrf_sections_run = __nrf_sections_run_start__
 *(.nrf_sections_run .nrf_sections_run.*)
                0x00000000200033b0                __nrf_sections_run_end__ = (__nrf_sections_run_start__ + SIZEOF (.nrf_sections_run))
                0x0000000000000000                __nrf_sections_run_size__ = SIZEOF (.nrf_sections_run)
                0x00000000200033b0                __nrf_sections_run_load_end__ = __nrf_sections_run_end__
                0x0000000000000001                . = ASSERT (((__nrf_sections_run_start__ == __nrf_sections_run_end__) || ((__nrf_sections_run_end__ - __RAM_segment_start__) <= __RAM_segment_size__)), error: .nrf_sections_run is too large to fit in RAM memory segment)
                0x0000000000000000                __reserved_flash_load_start__ = 0x0

.reserved_flash
                0x0000000000000000    0x1b000
                0x0000000000000000                __reserved_flash_start__ = .
 *(.reserved_flash .reserved_flash.*)
                0x000000000001b000                . = MAX (((__reserved_flash_start__ + 0x1b000) - 0x0), .)
 *fill*         0x0000000000000000    0x1b000 
                0x000000000001b000                __reserved_flash_end__ = (__reserved_flash_start__ + SIZEOF (.reserved_flash))
                0x000000000001b000                __reserved_flash_size__ = SIZEOF (.reserved_flash)
                0x000000000001b000                __reserved_flash_load_end__ = __reserved_flash_end__
                0x0000000000000001                . = ASSERT (((__reserved_flash_start__ == __reserved_flash_end__) || ((__reserved_flash_end__ - __FLASH_segment_start__) <= __FLASH_segment_size__)), error: .reserved_flash is too large to fit in FLASH memory segment)
                0x000000000001b000                __vectors_load_start__ = 0x1b000

.vectors        0x000000000001b000       0xc0
                0x000000000001b000                __vectors_start__ = .
 *(.vectors .vectors.*)
 .vectors       0x000000000001b000       0xc0 Output/ble_app_hrs_pca10028_s130 Release/Obj/ses_startup_nrf51.o
                0x000000000001b000                _vectors
                0x000000000001b0c0                __vectors_end__ = (__vectors_start__ + SIZEOF (.vectors))
                0x00000000000000c0                __vectors_size__ = SIZEOF (.vectors)
                0x000000000001b0c0                __vectors_load_end__ = __vectors_end__
                0x0000000000000001                . = ASSERT (((__vectors_start__ == __vectors_end__) || ((__vectors_end__ - __FLASH_segment_start__) <= __FLASH_segment_size__)), error: .vectors is too large to fit in FLASH memory segment)
                0x0000000000000001                . = ASSERT ((__reserved_flash_end__ <= __vectors_start__), error: section .reserved_flash overlaps absolute placed section .vectors)
                0x000000000001b0c0                __init_load_start__ = ALIGN (__vectors_end__, 0x4)

.init           0x000000000001b0c0      0x1b8
                0x000000000001b0c0                __init_start__ = .
 *(.init .init.*)
 .init          0x000000000001b0c0      0x144 Output/ble_app_hrs_pca10028_s130 Release/Obj/thumb_crt0.o
                0x000000000001b0c0                _start
                0x000000000001b164                exit
 .init          0x000000000001b204       0x4c Output/ble_app_hrs_pca10028_s130 Release/Obj/ses_startup_nrf_common.o
                0x000000000001b204                Reset_Handler
                0x000000000001b216                InitializeUserMemorySections
 .init          0x000000000001b250       0x28 Output/ble_app_hrs_pca10028_s130 Release/Obj/ses_startup_nrf51.o
                0x000000000001b250                NMI_Handler
                0x000000000001b252                HardFault_Handler
                0x000000000001b254                SVC_Handler
                0x000000000001b256                PendSV_Handler
                0x000000000001b258                SysTick_Handler
                0x000000000001b25a                RNG_IRQHandler
                0x000000000001b25a                RTC0_IRQHandler
                0x000000000001b25a                RADIO_IRQHandler
                0x000000000001b25a                LPCOMP_IRQHandler
                0x000000000001b25a                SWI4_IRQHandler
                0x000000000001b25a                TEMP_IRQHandler
                0x000000000001b25a                QDEC_IRQHandler
                0x000000000001b25a                SWI5_IRQHandler
                0x000000000001b25a                TIMER0_IRQHandler
                0x000000000001b25a                Dummy_Handler
                0x000000000001b25a                TIMER1_IRQHandler
                0x000000000001b25a                ECB_IRQHandler
                0x000000000001b25a                ADC_IRQHandler
                0x000000000001b25a                SWI3_IRQHandler
                0x000000000001b25a                CCM_AAR_IRQHandler
                0x000000000001b25a                WDT_IRQHandler
                0x000000000001b25a                TIMER2_IRQHandler
                0x000000000001b25a                SWI1_IRQHandler
                0x000000000001b25c                nRFInitialize
                0x000000000001b278                __init_end__ = (__init_start__ + SIZEOF (.init))
                0x00000000000001b8                __init_size__ = SIZEOF (.init)
                0x000000000001b278                __init_load_end__ = __init_end__
                0x0000000000000001                . = ASSERT (((__init_start__ == __init_end__) || ((__init_end__ - __FLASH_segment_start__) <= __FLASH_segment_size__)), error: .init is too large to fit in FLASH memory segment)
                0x000000000001b278                __init_rodata_load_start__ = ALIGN (__init_end__, 0x4)

.init_rodata    0x000000000001b278        0x0
                0x000000000001b278                __init_rodata_start__ = .
 *(.init_rodata .init_rodata.*)
                0x000000000001b278                __init_rodata_end__ = (__init_rodata_start__ + SIZEOF (.init_rodata))
                0x0000000000000000                __init_rodata_size__ = SIZEOF (.init_rodata)
                0x000000000001b278                __init_rodata_load_end__ = __init_rodata_end__
                0x0000000000000001                . = ASSERT (((__init_rodata_start__ == __init_rodata_end__) || ((__init_rodata_end__ - __FLASH_segment_start__) <= __FLASH_segment_size__)), error: .init_rodata is too large to fit in FLASH memory segment)
                0x000000000001b278                __text_load_start__ = ALIGN (__init_rodata_end__, 0x4)

.text           0x000000000001b278     0x8808
                0x000000000001b278                __text_start__ = .
 *(.text .text.* .glue_7t .glue_7 .gnu.linkonce.t.* .gcc_except_table .ARM.extab* .gnu.linkonce.armextab.*)
 .glue_7        0x000000000001b278        0x0 linker stubs
 .glue_7t       0x000000000001b278        0x0 linker stubs
 .text.__putchar
                0x000000000001b278       0x10 Output/ble_app_hrs_pca10028_s130 Release/Obj/thumb_crt0.o
                0x000000000001b278                __putchar
 .text.alert_timer_handler
                0x000000000001b288        0xa Output/ble_app_hrs_pca10028_s130 Release/Obj/bsp.o
 *fill*         0x000000000001b292        0x2 
 .text.bsp_led_indication
                0x000000000001b294      0x1ec Output/ble_app_hrs_pca10028_s130 Release/Obj/bsp.o
 .text.bsp_button_event_handler
                0x000000000001b480       0xa4 Output/ble_app_hrs_pca10028_s130 Release/Obj/bsp.o
 .text.button_timer_handler
                0x000000000001b524        0xc Output/ble_app_hrs_pca10028_s130 Release/Obj/bsp.o
 .text.leds_timer_handler
                0x000000000001b530       0x1c Output/ble_app_hrs_pca10028_s130 Release/Obj/bsp.o
 .text.bsp_button_is_pressed
                0x000000000001b54c        0x8 Output/ble_app_hrs_pca10028_s130 Release/Obj/bsp.o
                0x000000000001b54c                bsp_button_is_pressed
 .text.bsp_indication_set
                0x000000000001b554       0x1c Output/ble_app_hrs_pca10028_s130 Release/Obj/bsp.o
                0x000000000001b554                bsp_indication_set
 .text.bsp_init
                0x000000000001b570       0xa0 Output/ble_app_hrs_pca10028_s130 Release/Obj/bsp.o
                0x000000000001b570                bsp_init
 .text.bsp_event_to_button_action_assign
                0x000000000001b610       0x50 Output/ble_app_hrs_pca10028_s130 Release/Obj/bsp.o
                0x000000000001b610                bsp_event_to_button_action_assign
 .text.bsp_wakeup_button_enable
                0x000000000001b660       0x2c Output/ble_app_hrs_pca10028_s130 Release/Obj/bsp.o
                0x000000000001b660                bsp_wakeup_button_enable
 .text.advertising_buttons_configure
                0x000000000001b68c       0x3c Output/ble_app_hrs_pca10028_s130 Release/Obj/bsp_btn_ble.o
 .text.bsp_btn_ble_sleep_mode_prepare
                0x000000000001b6c8       0x22 Output/ble_app_hrs_pca10028_s130 Release/Obj/bsp_btn_ble.o
                0x000000000001b6c8                bsp_btn_ble_sleep_mode_prepare
 *fill*         0x000000000001b6ea        0x2 
 .text.bsp_btn_ble_on_ble_evt
                0x000000000001b6ec       0x88 Output/ble_app_hrs_pca10028_s130 Release/Obj/bsp_btn_ble.o
                0x000000000001b6ec                bsp_btn_ble_on_ble_evt
 .text.bsp_btn_ble_init
                0x000000000001b774       0x40 Output/ble_app_hrs_pca10028_s130 Release/Obj/bsp_btn_ble.o
                0x000000000001b774                bsp_btn_ble_init
 .text.detection_delay_timeout_handler
                0x000000000001b7b4       0x74 Output/ble_app_hrs_pca10028_s130 Release/Obj/app_button.o
 .text.gpiote_event_handler
                0x000000000001b828       0x5c Output/ble_app_hrs_pca10028_s130 Release/Obj/app_button.o
 .text.app_button_init
                0x000000000001b884       0x90 Output/ble_app_hrs_pca10028_s130 Release/Obj/app_button.o
                0x000000000001b884                app_button_init
 .text.app_button_enable
                0x000000000001b914       0x2c Output/ble_app_hrs_pca10028_s130 Release/Obj/app_button.o
                0x000000000001b914                app_button_enable
 .text.app_error_handler_bare
                0x000000000001b940       0x1c Output/ble_app_hrs_pca10028_s130 Release/Obj/app_error.o
                0x000000000001b940                app_error_handler_bare
 .text.user_op_alloc
                0x000000000001b95c       0x2c Output/ble_app_hrs_pca10028_s130 Release/Obj/app_timer.o
 .text.timer_stop_op_schedule
                0x000000000001b988       0x48 Output/ble_app_hrs_pca10028_s130 Release/Obj/app_timer.o
 .text.nrf_delay_us.part.1.constprop.6
                0x000000000001b9d0       0x2c Output/ble_app_hrs_pca10028_s130 Release/Obj/app_timer.o
 .text.RTC1_IRQHandler
                0x000000000001b9fc       0xbc Output/ble_app_hrs_pca10028_s130 Release/Obj/app_timer.o
                0x000000000001b9fc                RTC1_IRQHandler
 .text.SWI0_IRQHandler
                0x000000000001bab8      0x368 Output/ble_app_hrs_pca10028_s130 Release/Obj/app_timer.o
                0x000000000001bab8                SWI0_IRQHandler
 .text.app_timer_init
                0x000000000001be20       0xdc Output/ble_app_hrs_pca10028_s130 Release/Obj/app_timer.o
                0x000000000001be20                app_timer_init
 .text.app_timer_create
                0x000000000001befc       0x30 Output/ble_app_hrs_pca10028_s130 Release/Obj/app_timer.o
                0x000000000001befc                app_timer_create
 .text.app_timer_start
                0x000000000001bf2c       0x90 Output/ble_app_hrs_pca10028_s130 Release/Obj/app_timer.o
                0x000000000001bf2c                app_timer_start
 .text.app_timer_stop
                0x000000000001bfbc       0x2c Output/ble_app_hrs_pca10028_s130 Release/Obj/app_timer.o
                0x000000000001bfbc                app_timer_stop
 .text.app_util_disable_irq
                0x000000000001bfe8       0x10 Output/ble_app_hrs_pca10028_s130 Release/Obj/app_util_platform.o
                0x000000000001bfe8                app_util_disable_irq
 .text.app_util_enable_irq
                0x000000000001bff8       0x14 Output/ble_app_hrs_pca10028_s130 Release/Obj/app_util_platform.o
                0x000000000001bff8                app_util_enable_irq
 .text.app_util_critical_region_enter
                0x000000000001c00c        0x8 Output/ble_app_hrs_pca10028_s130 Release/Obj/app_util_platform.o
                0x000000000001c00c                app_util_critical_region_enter
 .text.app_util_critical_region_exit
                0x000000000001c014        0x8 Output/ble_app_hrs_pca10028_s130 Release/Obj/app_util_platform.o
                0x000000000001c014                app_util_critical_region_exit
 .text.event_send
                0x000000000001c01c       0x20 Output/ble_app_hrs_pca10028_s130 Release/Obj/fds.o
 .text.page_scan
                0x000000000001c03c       0x74 Output/ble_app_hrs_pca10028_s130 Release/Obj/fds.o
 .text.write_space_reserve
                0x000000000001c0b0       0x50 Output/ble_app_hrs_pca10028_s130 Release/Obj/fds.o
 .text.gc_page_erase
                0x000000000001c100       0x48 Output/ble_app_hrs_pca10028_s130 Release/Obj/fds.o
 .text.page_tag_write_swap
                0x000000000001c148       0x24 Output/ble_app_hrs_pca10028_s130 Release/Obj/fds.o
 .text.page_tag_write_data
                0x000000000001c16c       0x1c Output/ble_app_hrs_pca10028_s130 Release/Obj/fds.o
 .text.record_header_flag_dirty
                0x000000000001c188       0x38 Output/ble_app_hrs_pca10028_s130 Release/Obj/fds.o
 .text.gc_record_copy
                0x000000000001c1c0       0x34 Output/ble_app_hrs_pca10028_s130 Release/Obj/fds.o
 .text.record_find_next
                0x000000000001c1f4       0x58 Output/ble_app_hrs_pca10028_s130 Release/Obj/fds.o
 .text.record_find_by_desc
                0x000000000001c24c       0xac Output/ble_app_hrs_pca10028_s130 Release/Obj/fds.o
 .text.record_find
                0x000000000001c2f8       0x80 Output/ble_app_hrs_pca10028_s130 Release/Obj/fds.o
 .text.gc_record_find_next
                0x000000000001c378       0x20 Output/ble_app_hrs_pca10028_s130 Release/Obj/fds.o
 .text.queue_process
                0x000000000001c398      0x534 Output/ble_app_hrs_pca10028_s130 Release/Obj/fds.o
 .text.fs_event_handler
                0x000000000001c8cc        0xa Output/ble_app_hrs_pca10028_s130 Release/Obj/fds.o
 *fill*         0x000000000001c8d6        0x2 
 .text.queue_start
                0x000000000001c8d8       0x1c Output/ble_app_hrs_pca10028_s130 Release/Obj/fds.o
 .text.chunk_queue_next
                0x000000000001c8f4       0x18 Output/ble_app_hrs_pca10028_s130 Release/Obj/fds.o
                0x000000000001c8f4                chunk_queue_next
 .text.op_enqueue
                0x000000000001c90c       0x8c Output/ble_app_hrs_pca10028_s130 Release/Obj/fds.o
 .text.write_enqueue
                0x000000000001c998      0x10c Output/ble_app_hrs_pca10028_s130 Release/Obj/fds.o
 .text.fds_register
                0x000000000001caa4       0x24 Output/ble_app_hrs_pca10028_s130 Release/Obj/fds.o
                0x000000000001caa4                fds_register
 .text.fds_init
                0x000000000001cac8      0x184 Output/ble_app_hrs_pca10028_s130 Release/Obj/fds.o
                0x000000000001cac8                fds_init
 .text.fds_record_open
                0x000000000001cc4c       0x44 Output/ble_app_hrs_pca10028_s130 Release/Obj/fds.o
                0x000000000001cc4c                fds_record_open
 .text.fds_record_close
                0x000000000001cc90       0x44 Output/ble_app_hrs_pca10028_s130 Release/Obj/fds.o
                0x000000000001cc90                fds_record_close
 .text.fds_reserve
                0x000000000001ccd4       0x34 Output/ble_app_hrs_pca10028_s130 Release/Obj/fds.o
                0x000000000001ccd4                fds_reserve
 .text.fds_reserve_cancel
                0x000000000001cd08       0x44 Output/ble_app_hrs_pca10028_s130 Release/Obj/fds.o
                0x000000000001cd08                fds_reserve_cancel
 .text.fds_record_write
                0x000000000001cd4c        0xc Output/ble_app_hrs_pca10028_s130 Release/Obj/fds.o
                0x000000000001cd4c                fds_record_write
 .text.fds_record_write_reserved
                0x000000000001cd58       0x14 Output/ble_app_hrs_pca10028_s130 Release/Obj/fds.o
                0x000000000001cd58                fds_record_write_reserved
 .text.fds_record_update
                0x000000000001cd6c       0x16 Output/ble_app_hrs_pca10028_s130 Release/Obj/fds.o
                0x000000000001cd6c                fds_record_update
 *fill*         0x000000000001cd82        0x2 
 .text.fds_file_delete
                0x000000000001cd84       0x48 Output/ble_app_hrs_pca10028_s130 Release/Obj/fds.o
                0x000000000001cd84                fds_file_delete
 .text.fds_gc   0x000000000001cdcc       0x44 Output/ble_app_hrs_pca10028_s130 Release/Obj/fds.o
                0x000000000001cdcc                fds_gc
 .text.fds_record_find
                0x000000000001ce10       0x16 Output/ble_app_hrs_pca10028_s130 Release/Obj/fds.o
                0x000000000001ce10                fds_record_find
 .text.fds_record_find_by_key
                0x000000000001ce26       0x16 Output/ble_app_hrs_pca10028_s130 Release/Obj/fds.o
                0x000000000001ce26                fds_record_find_by_key
 .text.fds_record_find_in_file
                0x000000000001ce3c       0x16 Output/ble_app_hrs_pca10028_s130 Release/Obj/fds.o
                0x000000000001ce3c                fds_record_find_in_file
 .text.fds_record_id_from_desc
                0x000000000001ce52       0x14 Output/ble_app_hrs_pca10028_s130 Release/Obj/fds.o
                0x000000000001ce52                fds_record_id_from_desc
 *fill*         0x000000000001ce66        0x2 
 .text.app_error_fault_handler
                0x000000000001ce68       0x1c Output/ble_app_hrs_pca10028_s130 Release/Obj/app_error_weak.o
                0x000000000001ce68                app_error_fault_handler
 .text.sd_flash_write
                0x000000000001ce84        0x4 Output/ble_app_hrs_pca10028_s130 Release/Obj/fstorage.o
 .text.sd_flash_page_erase
                0x000000000001ce88        0x4 Output/ble_app_hrs_pca10028_s130 Release/Obj/fstorage.o
 .text.queue_advance
                0x000000000001ce8c       0x30 Output/ble_app_hrs_pca10028_s130 Release/Obj/fstorage.o
 .text.queue_get_next_free
                0x000000000001cebc       0x34 Output/ble_app_hrs_pca10028_s130 Release/Obj/fstorage.o
 .text.send_event
                0x000000000001cef0       0x52 Output/ble_app_hrs_pca10028_s130 Release/Obj/fstorage.o
 *fill*         0x000000000001cf42        0x2 
 .text.queue_process
                0x000000000001cf44       0x78 Output/ble_app_hrs_pca10028_s130 Release/Obj/fstorage.o
 .text.queue_start
                0x000000000001cfbc       0x1c Output/ble_app_hrs_pca10028_s130 Release/Obj/fstorage.o
 .text.fs_init  0x000000000001cfd8       0xb4 Output/ble_app_hrs_pca10028_s130 Release/Obj/fstorage.o
                0x000000000001cfd8                fs_init
 .text.fs_store
                0x000000000001d08c       0x8c Output/ble_app_hrs_pca10028_s130 Release/Obj/fstorage.o
                0x000000000001d08c                fs_store
 .text.fs_erase
                0x000000000001d118       0x80 Output/ble_app_hrs_pca10028_s130 Release/Obj/fstorage.o
                0x000000000001d118                fs_erase
 .text.fs_queued_op_count_get
                0x000000000001d198       0x18 Output/ble_app_hrs_pca10028_s130 Release/Obj/fstorage.o
                0x000000000001d198                fs_queued_op_count_get
 .text.fs_sys_event_handler
                0x000000000001d1b0       0xb8 Output/ble_app_hrs_pca10028_s130 Release/Obj/fstorage.o
                0x000000000001d1b0                fs_sys_event_handler
 .text.sdk_mapped_flags_first_key_index_get
                0x000000000001d268       0x20 Output/ble_app_hrs_pca10028_s130 Release/Obj/sdk_mapped_flags.o
                0x000000000001d268                sdk_mapped_flags_first_key_index_get
 .text.sdk_mapped_flags_bulk_update_by_key
                0x000000000001d288       0x48 Output/ble_app_hrs_pca10028_s130 Release/Obj/sdk_mapped_flags.o
                0x000000000001d288                sdk_mapped_flags_bulk_update_by_key
 .text.sdk_mapped_flags_update_by_key
                0x000000000001d2d0        0xe Output/ble_app_hrs_pca10028_s130 Release/Obj/sdk_mapped_flags.o
                0x000000000001d2d0                sdk_mapped_flags_update_by_key
 .text.sdk_mapped_flags_get_by_key
                0x000000000001d2de       0x24 Output/ble_app_hrs_pca10028_s130 Release/Obj/sdk_mapped_flags.o
                0x000000000001d2de                sdk_mapped_flags_get_by_key
 .text.sdk_mapped_flags_key_list_get
                0x000000000001d302       0x2a Output/ble_app_hrs_pca10028_s130 Release/Obj/sdk_mapped_flags.o
                0x000000000001d302                sdk_mapped_flags_key_list_get
 .text.uart_event_handler
                0x000000000001d32c       0x68 Output/ble_app_hrs_pca10028_s130 Release/Obj/app_uart.o
 .text.app_uart_init
                0x000000000001d394       0x94 Output/ble_app_hrs_pca10028_s130 Release/Obj/app_uart.o
                0x000000000001d394                app_uart_init
 .text.rx_done_event.constprop.11
                0x000000000001d428       0x1c Output/ble_app_hrs_pca10028_s130 Release/Obj/nrf_drv_uart.o
 .text.nrf_drv_uart_init
                0x000000000001d444      0x11c Output/ble_app_hrs_pca10028_s130 Release/Obj/nrf_drv_uart.o
                0x000000000001d444                nrf_drv_uart_init
 .text.nrf_drv_uart_rx
                0x000000000001d560      0x128 Output/ble_app_hrs_pca10028_s130 Release/Obj/nrf_drv_uart.o
                0x000000000001d560                nrf_drv_uart_rx
 .text.nrf_drv_uart_rx_enable
                0x000000000001d688       0x28 Output/ble_app_hrs_pca10028_s130 Release/Obj/nrf_drv_uart.o
                0x000000000001d688                nrf_drv_uart_rx_enable
 .text.UART0_IRQHandler
                0x000000000001d6b0      0x148 Output/ble_app_hrs_pca10028_s130 Release/Obj/nrf_drv_uart.o
                0x000000000001d6b0                UART0_IRQHandler
 .text.clock_clk_started_notify
                0x000000000001d7f8       0x2c Output/ble_app_hrs_pca10028_s130 Release/Obj/nrf_drv_clock.o
 .text.POWER_CLOCK_IRQHandler
                0x000000000001d824       0x54 Output/ble_app_hrs_pca10028_s130 Release/Obj/nrf_drv_clock.o
                0x000000000001d824                POWER_CLOCK_IRQHandler
 .text.nrf_drv_common_irq_enable
                0x000000000001d878       0x64 Output/ble_app_hrs_pca10028_s130 Release/Obj/nrf_drv_common.o
                0x000000000001d878                nrf_drv_common_irq_enable
 .text.nrf_gpio_cfg_sense_set
                0x000000000001d8dc       0x24 Output/ble_app_hrs_pca10028_s130 Release/Obj/nrf_drv_gpiote.o
 .text.channel_free
                0x000000000001d900       0x1c Output/ble_app_hrs_pca10028_s130 Release/Obj/nrf_drv_gpiote.o
 .text.nrf_drv_gpiote_init
                0x000000000001d91c       0x5c Output/ble_app_hrs_pca10028_s130 Release/Obj/nrf_drv_gpiote.o
                0x000000000001d91c                nrf_drv_gpiote_init
 .text.nrf_drv_gpiote_is_init
                0x000000000001d978       0x14 Output/ble_app_hrs_pca10028_s130 Release/Obj/nrf_drv_gpiote.o
                0x000000000001d978                nrf_drv_gpiote_is_init
 .text.nrf_drv_gpiote_in_init
                0x000000000001d98c       0xc8 Output/ble_app_hrs_pca10028_s130 Release/Obj/nrf_drv_gpiote.o
                0x000000000001d98c                nrf_drv_gpiote_in_init
 .text.nrf_drv_gpiote_in_event_enable
                0x000000000001da54       0x84 Output/ble_app_hrs_pca10028_s130 Release/Obj/nrf_drv_gpiote.o
                0x000000000001da54                nrf_drv_gpiote_in_event_enable
 .text.nrf_drv_gpiote_in_is_set
                0x000000000001dad8       0x12 Output/ble_app_hrs_pca10028_s130 Release/Obj/nrf_drv_gpiote.o
                0x000000000001dad8                nrf_drv_gpiote_in_is_set
 *fill*         0x000000000001daea        0x2 
 .text.GPIOTE_IRQHandler
                0x000000000001daec      0x160 Output/ble_app_hrs_pca10028_s130 Release/Obj/nrf_drv_gpiote.o
                0x000000000001daec                GPIOTE_IRQHandler
 .text.twi_transfer
                0x000000000001dc4c       0xd0 Output/ble_app_hrs_pca10028_s130 Release/Obj/nrf_drv_twi.o
 .text.twi_tx_start_transfer.part.2
                0x000000000001dd1c       0x3c Output/ble_app_hrs_pca10028_s130 Release/Obj/nrf_drv_twi.o
 .text.twi_rx_start_transfer
                0x000000000001dd58       0x7c Output/ble_app_hrs_pca10028_s130 Release/Obj/nrf_drv_twi.o
 .text.nrf_delay_us.part.1.constprop.5
                0x000000000001ddd4       0x2c Output/ble_app_hrs_pca10028_s130 Release/Obj/nrf_drv_twi.o
 .text.twi_tx_start_transfer
                0x000000000001de00       0x9c Output/ble_app_hrs_pca10028_s130 Release/Obj/nrf_drv_twi.o
 .text.irq_handler_twi
                0x000000000001de9c       0xb4 Output/ble_app_hrs_pca10028_s130 Release/Obj/nrf_drv_twi.o
 .text.nrf_drv_twi_init
                0x000000000001df50      0x14c Output/ble_app_hrs_pca10028_s130 Release/Obj/nrf_drv_twi.o
                0x000000000001df50                nrf_drv_twi_init
 .text.nrf_drv_twi_enable
                0x000000000001e09c       0x20 Output/ble_app_hrs_pca10028_s130 Release/Obj/nrf_drv_twi.o
                0x000000000001e09c                nrf_drv_twi_enable
 .text.nrf_drv_twi_xfer
                0x000000000001e0bc       0xd0 Output/ble_app_hrs_pca10028_s130 Release/Obj/nrf_drv_twi.o
                0x000000000001e0bc                nrf_drv_twi_xfer
 .text.nrf_drv_twi_tx
                0x000000000001e18c       0x3a Output/ble_app_hrs_pca10028_s130 Release/Obj/nrf_drv_twi.o
                0x000000000001e18c                nrf_drv_twi_tx
 .text.nrf_drv_twi_rx
                0x000000000001e1c6       0x34 Output/ble_app_hrs_pca10028_s130 Release/Obj/nrf_drv_twi.o
                0x000000000001e1c6                nrf_drv_twi_rx
 *fill*         0x000000000001e1fa        0x2 
 .text.SPI0_TWI0_IRQHandler
                0x000000000001e1fc       0x14 Output/ble_app_hrs_pca10028_s130 Release/Obj/nrf_drv_twi.o
                0x000000000001e1fc                SPI0_TWI0_IRQHandler
 .text.SPI1_TWI1_IRQHandler
                0x000000000001e210       0x18 Output/ble_app_hrs_pca10028_s130 Release/Obj/nrf_drv_twi.o
                0x000000000001e210                SPI1_TWI1_IRQHandler
 .text.bsp_board_led_state_get
                0x000000000001e228       0x1c Output/ble_app_hrs_pca10028_s130 Release/Obj/boards.o
                0x000000000001e228                bsp_board_led_state_get
 .text.bsp_board_led_on
                0x000000000001e244       0x1c Output/ble_app_hrs_pca10028_s130 Release/Obj/boards.o
                0x000000000001e244                bsp_board_led_on
 .text.bsp_board_led_off
                0x000000000001e260       0x18 Output/ble_app_hrs_pca10028_s130 Release/Obj/boards.o
                0x000000000001e260                bsp_board_led_off
 .text.bsp_board_leds_off
                0x000000000001e278       0x1c Output/ble_app_hrs_pca10028_s130 Release/Obj/boards.o
                0x000000000001e278                bsp_board_leds_off
 .text.bsp_board_leds_on
                0x000000000001e294       0x1c Output/ble_app_hrs_pca10028_s130 Release/Obj/boards.o
                0x000000000001e294                bsp_board_leds_on
 .text.bsp_board_led_invert
                0x000000000001e2b0       0x30 Output/ble_app_hrs_pca10028_s130 Release/Obj/boards.o
                0x000000000001e2b0                bsp_board_led_invert
 .text.bsp_board_leds_init
                0x000000000001e2e0       0x28 Output/ble_app_hrs_pca10028_s130 Release/Obj/boards.o
                0x000000000001e2e0                bsp_board_leds_init
 .text.bsp_board_button_state_get
                0x000000000001e308       0x1c Output/ble_app_hrs_pca10028_s130 Release/Obj/boards.o
                0x000000000001e308                bsp_board_button_state_get
 .text.bsp_board_pin_to_button_idx
                0x000000000001e324       0x1e Output/ble_app_hrs_pca10028_s130 Release/Obj/boards.o
                0x000000000001e324                bsp_board_pin_to_button_idx
 *fill*         0x000000000001e342        0x2 
 .text.bsp_board_button_idx_to_pin
                0x000000000001e344        0xc Output/ble_app_hrs_pca10028_s130 Release/Obj/boards.o
                0x000000000001e344                bsp_board_button_idx_to_pin
 .text.nrf_delay_us
                0x000000000001e350       0x30 Output/ble_app_hrs_pca10028_s130 Release/Obj/main.o
 .text.sd_ble_gap_disconnect
                0x000000000001e380        0x4 Output/ble_app_hrs_pca10028_s130 Release/Obj/main.o
 .text.sd_ble_gap_ppcp_set
                0x000000000001e384        0x4 Output/ble_app_hrs_pca10028_s130 Release/Obj/main.o
 .text.sd_ble_gap_device_name_set
                0x000000000001e388        0x4 Output/ble_app_hrs_pca10028_s130 Release/Obj/main.o
 .text.sd_ble_gatts_rw_authorize_reply
                0x000000000001e38c        0x4 Output/ble_app_hrs_pca10028_s130 Release/Obj/main.o
 .text.sd_ble_user_mem_reply
                0x000000000001e390        0x4 Output/ble_app_hrs_pca10028_s130 Release/Obj/main.o
 .text.sd_power_system_off
                0x000000000001e394        0x4 Output/ble_app_hrs_pca10028_s130 Release/Obj/main.o
 .text.sd_app_evt_wait
                0x000000000001e398        0x4 Output/ble_app_hrs_pca10028_s130 Release/Obj/main.o
 .text.fds_init_timeout_handler
                0x000000000001e39c        0x2 Output/ble_app_hrs_pca10028_s130 Release/Obj/main.o
 *fill*         0x000000000001e39e        0x2 
 .text.on_cus_evt
                0x000000000001e3a0       0x14 Output/ble_app_hrs_pca10028_s130 Release/Obj/main.o
 .text.uart_error_handle
                0x000000000001e3b4       0x16 Output/ble_app_hrs_pca10028_s130 Release/Obj/main.o
                0x000000000001e3b4                uart_error_handle
 .text.conn_params_error_handler
                0x000000000001e3ca        0x8 Output/ble_app_hrs_pca10028_s130 Release/Obj/main.o
 .text.power_manage
                0x000000000001e3d2       0x10 Output/ble_app_hrs_pca10028_s130 Release/Obj/main.o
 .text.sleep_mode_enter
                0x000000000001e3e2       0x2a Output/ble_app_hrs_pca10028_s130 Release/Obj/main.o
 .text.sys_evt_dispatch
                0x000000000001e40c       0x10 Output/ble_app_hrs_pca10028_s130 Release/Obj/main.o
 .text.ble_evt_dispatch
                0x000000000001e41c       0xbc Output/ble_app_hrs_pca10028_s130 Release/Obj/main.o
 .text.pm_evt_handler
                0x000000000001e4d8       0x80 Output/ble_app_hrs_pca10028_s130 Release/Obj/main.o
 .text.on_conn_params_evt
                0x000000000001e558       0x20 Output/ble_app_hrs_pca10028_s130 Release/Obj/main.o
 .text.timer_timeout_handler
                0x000000000001e578       0x2c Output/ble_app_hrs_pca10028_s130 Release/Obj/main.o
 .text.bsp_event_handler
                0x000000000001e5a4       0x44 Output/ble_app_hrs_pca10028_s130 Release/Obj/main.o
 .text.on_adv_evt
                0x000000000001e5e8       0x20 Output/ble_app_hrs_pca10028_s130 Release/Obj/main.o
 .text.MUX_init
                0x000000000001e608       0x20 Output/ble_app_hrs_pca10028_s130 Release/Obj/main.o
                0x000000000001e608                MUX_init
 .text.button_init_simple
                0x000000000001e628       0x18 Output/ble_app_hrs_pca10028_s130 Release/Obj/main.o
                0x000000000001e628                button_init_simple
 .text.twi_init
                0x000000000001e640       0x38 Output/ble_app_hrs_pca10028_s130 Release/Obj/main.o
                0x000000000001e640                twi_init
 .text.writei2c
                0x000000000001e678       0x20 Output/ble_app_hrs_pca10028_s130 Release/Obj/main.o
                0x000000000001e678                writei2c
 .text.writei2cSingle
                0x000000000001e698       0x20 Output/ble_app_hrs_pca10028_s130 Release/Obj/main.o
                0x000000000001e698                writei2cSingle
 .text.readi2cHighLow
                0x000000000001e6b8       0x34 Output/ble_app_hrs_pca10028_s130 Release/Obj/main.o
                0x000000000001e6b8                readi2cHighLow
 .text.readi2cOneByte
                0x000000000001e6ec       0x34 Output/ble_app_hrs_pca10028_s130 Release/Obj/main.o
                0x000000000001e6ec                readi2cOneByte
 .text.LED_PWR_yellow
                0x000000000001e720       0x20 Output/ble_app_hrs_pca10028_s130 Release/Obj/main.o
                0x000000000001e720                LED_PWR_yellow
 .text.LED_IND1_blue
                0x000000000001e740       0x38 Output/ble_app_hrs_pca10028_s130 Release/Obj/main.o
                0x000000000001e740                LED_IND1_blue
 .text.LED_IND2_blue
                0x000000000001e778       0x4e Output/ble_app_hrs_pca10028_s130 Release/Obj/main.o
                0x000000000001e778                LED_IND2_blue
 .text.LED_IND3_blue
                0x000000000001e7c6       0x36 Output/ble_app_hrs_pca10028_s130 Release/Obj/main.o
                0x000000000001e7c6                LED_IND3_blue
 .text.LED_IND4_blue
                0x000000000001e7fc       0x38 Output/ble_app_hrs_pca10028_s130 Release/Obj/main.o
                0x000000000001e7fc                LED_IND4_blue
 .text.LED_IND1_off
                0x000000000001e834       0x36 Output/ble_app_hrs_pca10028_s130 Release/Obj/main.o
                0x000000000001e834                LED_IND1_off
 .text.LED_IND2_off
                0x000000000001e86a       0x52 Output/ble_app_hrs_pca10028_s130 Release/Obj/main.o
                0x000000000001e86a                LED_IND2_off
 .text.LED_IND3_off
                0x000000000001e8bc       0x36 Output/ble_app_hrs_pca10028_s130 Release/Obj/main.o
                0x000000000001e8bc                LED_IND3_off
 .text.LED_IND4_off
                0x000000000001e8f2       0x36 Output/ble_app_hrs_pca10028_s130 Release/Obj/main.o
                0x000000000001e8f2                LED_IND4_off
 .text.LED_ALL_off
                0x000000000001e928       0x5c Output/ble_app_hrs_pca10028_s130 Release/Obj/main.o
                0x000000000001e928                LED_ALL_off
 .text.LED_indicator_init
                0x000000000001e984       0x22 Output/ble_app_hrs_pca10028_s130 Release/Obj/main.o
                0x000000000001e984                LED_indicator_init
 .text.LED_vertBoard_init
                0x000000000001e9a6       0x22 Output/ble_app_hrs_pca10028_s130 Release/Obj/main.o
                0x000000000001e9a6                LED_vertBoard_init
 .text.RGBW_on  0x000000000001e9c8       0x1e Output/ble_app_hrs_pca10028_s130 Release/Obj/main.o
                0x000000000001e9c8                RGBW_on
 *fill*         0x000000000001e9e6        0x2 
 .text.band_uart_init
                0x000000000001e9e8       0x54 Output/ble_app_hrs_pca10028_s130 Release/Obj/main.o
                0x000000000001e9e8                band_uart_init
 .text.scan_twi
                0x000000000001ea3c       0x30 Output/ble_app_hrs_pca10028_s130 Release/Obj/main.o
                0x000000000001ea3c                scan_twi
 .text.prox_get
                0x000000000001ea6c       0x5c Output/ble_app_hrs_pca10028_s130 Release/Obj/main.o
                0x000000000001ea6c                prox_get
 .text.scanAllProx
                0x000000000001eac8       0x7c Output/ble_app_hrs_pca10028_s130 Release/Obj/main.o
                0x000000000001eac8                scanAllProx
 .text.startup.main
                0x000000000001eb44      0x44c Output/ble_app_hrs_pca10028_s130 Release/Obj/main.o
                0x000000000001eb44                main
 .text.sd_ble_gatts_service_add
                0x000000000001ef90        0x4 Output/ble_app_hrs_pca10028_s130 Release/Obj/our_service.o
 .text.sd_ble_gatts_characteristic_add
                0x000000000001ef94        0x4 Output/ble_app_hrs_pca10028_s130 Release/Obj/our_service.o
 .text.sd_ble_gatts_value_set
                0x000000000001ef98        0x4 Output/ble_app_hrs_pca10028_s130 Release/Obj/our_service.o
 .text.sd_ble_gatts_hvx
                0x000000000001ef9c        0x4 Output/ble_app_hrs_pca10028_s130 Release/Obj/our_service.o
 .text.sd_ble_uuid_vs_add
                0x000000000001efa0        0x4 Output/ble_app_hrs_pca10028_s130 Release/Obj/our_service.o
 .text.sd_app_evt_wait
                0x000000000001efa4        0x4 Output/ble_app_hrs_pca10028_s130 Release/Obj/our_service.o
 .text.fds_write_timeout_handler
                0x000000000001efa8        0xc Output/ble_app_hrs_pca10028_s130 Release/Obj/our_service.o
 .text.flash_callback
                0x000000000001efb4        0x2 Output/ble_app_hrs_pca10028_s130 Release/Obj/our_service.o
                0x000000000001efb4                flash_callback
 .text.power_manage
                0x000000000001efb6       0x10 Output/ble_app_hrs_pca10028_s130 Release/Obj/our_service.o
 .text.custom_value_char_add
                0x000000000001efc6       0xa6 Output/ble_app_hrs_pca10028_s130 Release/Obj/our_service.o
 .text.ble_cus_on_ble_evt
                0x000000000001f06c       0x58 Output/ble_app_hrs_pca10028_s130 Release/Obj/our_service.o
                0x000000000001f06c                ble_cus_on_ble_evt
 .text.our_service_init
                0x000000000001f0c4       0x7c Output/ble_app_hrs_pca10028_s130 Release/Obj/our_service.o
                0x000000000001f0c4                our_service_init
 .text.ble_cus_char2_init
                0x000000000001f140      0x15c Output/ble_app_hrs_pca10028_s130 Release/Obj/our_service.o
                0x000000000001f140                ble_cus_char2_init
 .text.ble_cus_char3_init
                0x000000000001f29c      0x14c Output/ble_app_hrs_pca10028_s130 Release/Obj/our_service.o
                0x000000000001f29c                ble_cus_char3_init
 .text.our_service_init2
                0x000000000001f3e8       0x74 Output/ble_app_hrs_pca10028_s130 Release/Obj/our_service.o
                0x000000000001f3e8                our_service_init2
 .text.our_service_init3
                0x000000000001f45c       0x70 Output/ble_app_hrs_pca10028_s130 Release/Obj/our_service.o
                0x000000000001f45c                our_service_init3
 .text.our_service_init4
                0x000000000001f4cc       0x70 Output/ble_app_hrs_pca10028_s130 Release/Obj/our_service.o
                0x000000000001f4cc                our_service_init4
 .text.our_service_init5
                0x000000000001f53c       0x70 Output/ble_app_hrs_pca10028_s130 Release/Obj/our_service.o
                0x000000000001f53c                our_service_init5
 .text.our_service_init6
                0x000000000001f5ac       0x70 Output/ble_app_hrs_pca10028_s130 Release/Obj/our_service.o
                0x000000000001f5ac                our_service_init6
 .text.our_service_init7
                0x000000000001f61c       0x70 Output/ble_app_hrs_pca10028_s130 Release/Obj/our_service.o
                0x000000000001f61c                our_service_init7
 .text.our_service_init8
                0x000000000001f68c       0x74 Output/ble_app_hrs_pca10028_s130 Release/Obj/our_service.o
                0x000000000001f68c                our_service_init8
 .text.ble_cus_custom_value_update
                0x000000000001f700       0x70 Output/ble_app_hrs_pca10028_s130 Release/Obj/our_service.o
                0x000000000001f700                ble_cus_custom_value_update
 .text.SystemInit
                0x000000000001f770       0xd8 Output/ble_app_hrs_pca10028_s130 Release/Obj/system_nrf51.o
                0x000000000001f770                SystemInit
 .text.sd_ble_gap_address_get
                0x000000000001f848        0x4 Output/ble_app_hrs_pca10028_s130 Release/Obj/ble_advdata.o
 .text.sd_ble_gap_adv_data_set
                0x000000000001f84c        0x4 Output/ble_app_hrs_pca10028_s130 Release/Obj/ble_advdata.o
 .text.sd_ble_gap_appearance_get
                0x000000000001f850        0x4 Output/ble_app_hrs_pca10028_s130 Release/Obj/ble_advdata.o
 .text.sd_ble_gap_device_name_get
                0x000000000001f854        0x4 Output/ble_app_hrs_pca10028_s130 Release/Obj/ble_advdata.o
 .text.sd_ble_uuid_encode
                0x000000000001f858        0x4 Output/ble_app_hrs_pca10028_s130 Release/Obj/ble_advdata.o
 .text.uuid_list_sized_encode
                0x000000000001f85c       0xb8 Output/ble_app_hrs_pca10028_s130 Release/Obj/ble_advdata.o
 .text.uuid_list_encode
                0x000000000001f914       0x34 Output/ble_app_hrs_pca10028_s130 Release/Obj/ble_advdata.o
 .text.adv_data_encode
                0x000000000001f948      0x3a0 Output/ble_app_hrs_pca10028_s130 Release/Obj/ble_advdata.o
                0x000000000001f948                adv_data_encode
 .text.ble_advdata_set
                0x000000000001fce8       0x62 Output/ble_app_hrs_pca10028_s130 Release/Obj/ble_advdata.o
                0x000000000001fce8                ble_advdata_set
 .text.sd_ble_gap_adv_start
                0x000000000001fd4a        0x4 Output/ble_app_hrs_pca10028_s130 Release/Obj/ble_advertising.o
 .text.sd_ble_gap_adv_stop
                0x000000000001fd4e        0x4 Output/ble_app_hrs_pca10028_s130 Release/Obj/ble_advertising.o
 *fill*         0x000000000001fd52        0x2 
 .text.ble_advertising_init
                0x000000000001fd54      0x1b8 Output/ble_app_hrs_pca10028_s130 Release/Obj/ble_advertising.o
                0x000000000001fd54                ble_advertising_init
 .text.ble_advertising_start
                0x000000000001ff0c      0x220 Output/ble_app_hrs_pca10028_s130 Release/Obj/ble_advertising.o
                0x000000000001ff0c                ble_advertising_start
 .text.ble_advertising_on_ble_evt
                0x000000000002012c       0x6c Output/ble_app_hrs_pca10028_s130 Release/Obj/ble_advertising.o
                0x000000000002012c                ble_advertising_on_ble_evt
 .text.ble_advertising_on_sys_evt
                0x0000000000020198       0x38 Output/ble_app_hrs_pca10028_s130 Release/Obj/ble_advertising.o
                0x0000000000020198                ble_advertising_on_sys_evt
 .text.ble_advertising_restart_without_whitelist
                0x00000000000201d0       0x48 Output/ble_app_hrs_pca10028_s130 Release/Obj/ble_advertising.o
                0x00000000000201d0                ble_advertising_restart_without_whitelist
 .text.sd_ble_gap_conn_param_update
                0x0000000000020218        0x4 Output/ble_app_hrs_pca10028_s130 Release/Obj/ble_conn_params.o
 .text.sd_ble_gap_disconnect
                0x000000000002021c        0x4 Output/ble_app_hrs_pca10028_s130 Release/Obj/ble_conn_params.o
 .text.sd_ble_gap_ppcp_set
                0x0000000000020220        0x4 Output/ble_app_hrs_pca10028_s130 Release/Obj/ble_conn_params.o
 .text.sd_ble_gap_ppcp_get
                0x0000000000020224        0x4 Output/ble_app_hrs_pca10028_s130 Release/Obj/ble_conn_params.o
 .text.update_timeout_handler
                0x0000000000020228       0x70 Output/ble_app_hrs_pca10028_s130 Release/Obj/ble_conn_params.o
 .text.conn_params_negotiation
                0x0000000000020298       0x7c Output/ble_app_hrs_pca10028_s130 Release/Obj/ble_conn_params.o
 .text.ble_conn_params_init
                0x0000000000020314       0x70 Output/ble_app_hrs_pca10028_s130 Release/Obj/ble_conn_params.o
                0x0000000000020314                ble_conn_params_init
 .text.ble_conn_params_on_ble_evt
                0x0000000000020384       0xac Output/ble_app_hrs_pca10028_s130 Release/Obj/ble_conn_params.o
                0x0000000000020384                ble_conn_params_on_ble_evt
 .text.ble_conn_state_on_ble_evt
                0x0000000000020430       0xe8 Output/ble_app_hrs_pca10028_s130 Release/Obj/ble_conn_state.o
                0x0000000000020430                ble_conn_state_on_ble_evt
 .text.ble_conn_state_role
                0x0000000000020518       0x30 Output/ble_app_hrs_pca10028_s130 Release/Obj/ble_conn_state.o
                0x0000000000020518                ble_conn_state_role
 .text.ble_conn_state_encrypted
                0x0000000000020548       0x14 Output/ble_app_hrs_pca10028_s130 Release/Obj/ble_conn_state.o
                0x0000000000020548                ble_conn_state_encrypted
 .text.ble_conn_state_mitm_protected
                0x000000000002055c       0x14 Output/ble_app_hrs_pca10028_s130 Release/Obj/ble_conn_state.o
                0x000000000002055c                ble_conn_state_mitm_protected
 .text.ble_conn_state_conn_handles
                0x0000000000020570       0x18 Output/ble_app_hrs_pca10028_s130 Release/Obj/ble_conn_state.o
                0x0000000000020570                ble_conn_state_conn_handles
 .text.ble_conn_state_user_flag_acquire
                0x0000000000020588       0x28 Output/ble_app_hrs_pca10028_s130 Release/Obj/ble_conn_state.o
                0x0000000000020588                ble_conn_state_user_flag_acquire
 .text.ble_conn_state_user_flag_get
                0x00000000000205b0       0x24 Output/ble_app_hrs_pca10028_s130 Release/Obj/ble_conn_state.o
                0x00000000000205b0                ble_conn_state_user_flag_get
 .text.ble_conn_state_user_flag_set
                0x00000000000205d4       0x24 Output/ble_app_hrs_pca10028_s130 Release/Obj/ble_conn_state.o
                0x00000000000205d4                ble_conn_state_user_flag_set
 .text.ble_conn_state_user_flag_collection
                0x00000000000205f8       0x1c Output/ble_app_hrs_pca10028_s130 Release/Obj/ble_conn_state.o
                0x00000000000205f8                ble_conn_state_user_flag_collection
 .text.ble_srv_is_notification_enabled
                0x0000000000020614        0x8 Output/ble_app_hrs_pca10028_s130 Release/Obj/ble_srv_common.o
                0x0000000000020614                ble_srv_is_notification_enabled
 .text.evt_send.part.0
                0x000000000002061c        0x8 Output/ble_app_hrs_pca10028_s130 Release/Obj/gatt_cache_manager.o
 .text.local_db_update_in_evt
                0x0000000000020624       0x80 Output/ble_app_hrs_pca10028_s130 Release/Obj/gatt_cache_manager.o
 .text.local_db_apply_in_evt
                0x00000000000206a4       0x84 Output/ble_app_hrs_pca10028_s130 Release/Obj/gatt_cache_manager.o
 .text.service_changed_pending_flags_check
                0x0000000000020728       0xf0 Output/ble_app_hrs_pca10028_s130 Release/Obj/gatt_cache_manager.o
 .text.gcm_gscm_evt_handler
                0x0000000000020818       0x68 Output/ble_app_hrs_pca10028_s130 Release/Obj/gatt_cache_manager.o
                0x0000000000020818                gcm_gscm_evt_handler
 .text.gcm_im_evt_handler
                0x0000000000020880       0x2c Output/ble_app_hrs_pca10028_s130 Release/Obj/gatt_cache_manager.o
                0x0000000000020880                gcm_im_evt_handler
 .text.gcm_smd_evt_handler
                0x00000000000208ac       0x10 Output/ble_app_hrs_pca10028_s130 Release/Obj/gatt_cache_manager.o
                0x00000000000208ac                gcm_smd_evt_handler
 .text.gcm_init
                0x00000000000208bc       0x50 Output/ble_app_hrs_pca10028_s130 Release/Obj/gatt_cache_manager.o
                0x00000000000208bc                gcm_init
 .text.gcm_ble_evt_handler
                0x000000000002090c       0xec Output/ble_app_hrs_pca10028_s130 Release/Obj/gatt_cache_manager.o
                0x000000000002090c                gcm_ble_evt_handler
 .text.gcm_local_database_has_changed
                0x00000000000209f8       0x50 Output/ble_app_hrs_pca10028_s130 Release/Obj/gatt_cache_manager.o
                0x00000000000209f8                gcm_local_database_has_changed
 .text.sd_ble_gatts_service_changed
                0x0000000000020a48        0x4 Output/ble_app_hrs_pca10028_s130 Release/Obj/gatts_cache_manager.o
 .text.sd_ble_gatts_sys_attr_set
                0x0000000000020a4c        0x4 Output/ble_app_hrs_pca10028_s130 Release/Obj/gatts_cache_manager.o
 .text.sd_ble_gatts_sys_attr_get
                0x0000000000020a50        0x4 Output/ble_app_hrs_pca10028_s130 Release/Obj/gatts_cache_manager.o
 .text.service_changed_pending_set
                0x0000000000020a54       0x3c Output/ble_app_hrs_pca10028_s130 Release/Obj/gatts_cache_manager.o
 .text.gscm_pdb_evt_handler
                0x0000000000020a90       0x4c Output/ble_app_hrs_pca10028_s130 Release/Obj/gatts_cache_manager.o
                0x0000000000020a90                gscm_pdb_evt_handler
 .text.gscm_init
                0x0000000000020adc       0x10 Output/ble_app_hrs_pca10028_s130 Release/Obj/gatts_cache_manager.o
                0x0000000000020adc                gscm_init
 .text.gscm_local_db_cache_update
                0x0000000000020aec       0x88 Output/ble_app_hrs_pca10028_s130 Release/Obj/gatts_cache_manager.o
                0x0000000000020aec                gscm_local_db_cache_update
 .text.gscm_local_db_cache_apply
                0x0000000000020b74       0x80 Output/ble_app_hrs_pca10028_s130 Release/Obj/gatts_cache_manager.o
                0x0000000000020b74                gscm_local_db_cache_apply
 .text.gscm_local_database_has_changed
                0x0000000000020bf4       0x1c Output/ble_app_hrs_pca10028_s130 Release/Obj/gatts_cache_manager.o
                0x0000000000020bf4                gscm_local_database_has_changed
 .text.gscm_service_changed_ind_needed
                0x0000000000020c10       0x1c Output/ble_app_hrs_pca10028_s130 Release/Obj/gatts_cache_manager.o
                0x0000000000020c10                gscm_service_changed_ind_needed
 .text.gscm_service_changed_ind_send
                0x0000000000020c2c       0x2c Output/ble_app_hrs_pca10028_s130 Release/Obj/gatts_cache_manager.o
                0x0000000000020c2c                gscm_service_changed_ind_send
 .text.gscm_db_change_notification_done
                0x0000000000020c58       0x1c Output/ble_app_hrs_pca10028_s130 Release/Obj/gatts_cache_manager.o
                0x0000000000020c58                gscm_db_change_notification_done
 .text.sd_ble_gap_address_get
                0x0000000000020c74        0x4 Output/ble_app_hrs_pca10028_s130 Release/Obj/id_manager.o
 .text.sd_ecb_block_encrypt
                0x0000000000020c78        0x4 Output/ble_app_hrs_pca10028_s130 Release/Obj/id_manager.o
 .text.evt_send
                0x0000000000020c7c       0x10 Output/ble_app_hrs_pca10028_s130 Release/Obj/id_manager.o
 .text.get_free_connection
                0x0000000000020c8c       0x2c Output/ble_app_hrs_pca10028_s130 Release/Obj/id_manager.o
                0x0000000000020c8c                get_free_connection
 .text.get_connection_by_conn_handle
                0x0000000000020cb8       0x38 Output/ble_app_hrs_pca10028_s130 Release/Obj/id_manager.o
                0x0000000000020cb8                get_connection_by_conn_handle
 .text.new_connection
                0x0000000000020cf0       0x5c Output/ble_app_hrs_pca10028_s130 Release/Obj/id_manager.o
                0x0000000000020cf0                new_connection
 .text.is_valid_irk
                0x0000000000020d4c       0x18 Output/ble_app_hrs_pca10028_s130 Release/Obj/id_manager.o
                0x0000000000020d4c                is_valid_irk
 .text.addr_compare
                0x0000000000020d64       0x28 Output/ble_app_hrs_pca10028_s130 Release/Obj/id_manager.o
                0x0000000000020d64                addr_compare
 .text.im_is_duplicate_bonding_data
                0x0000000000020d8c       0x34 Output/ble_app_hrs_pca10028_s130 Release/Obj/id_manager.o
                0x0000000000020d8c                im_is_duplicate_bonding_data
 .text.im_init  0x0000000000020dc0       0x4c Output/ble_app_hrs_pca10028_s130 Release/Obj/id_manager.o
                0x0000000000020dc0                im_init
 .text.im_peer_id_get_by_conn_handle
                0x0000000000020e0c       0x20 Output/ble_app_hrs_pca10028_s130 Release/Obj/id_manager.o
                0x0000000000020e0c                im_peer_id_get_by_conn_handle
 .text.im_ble_addr_get
                0x0000000000020e2c       0x2c Output/ble_app_hrs_pca10028_s130 Release/Obj/id_manager.o
                0x0000000000020e2c                im_ble_addr_get
 .text.im_conn_handle_get
                0x0000000000020e58       0x2c Output/ble_app_hrs_pca10028_s130 Release/Obj/id_manager.o
                0x0000000000020e58                im_conn_handle_get
 .text.im_pdb_evt_handler
                0x0000000000020e84       0x68 Output/ble_app_hrs_pca10028_s130 Release/Obj/id_manager.o
                0x0000000000020e84                im_pdb_evt_handler
 .text.im_master_id_is_valid
                0x0000000000020eec       0x20 Output/ble_app_hrs_pca10028_s130 Release/Obj/id_manager.o
                0x0000000000020eec                im_master_id_is_valid
 .text.im_master_ids_compare
                0x0000000000020f0c       0x2a Output/ble_app_hrs_pca10028_s130 Release/Obj/id_manager.o
                0x0000000000020f0c                im_master_ids_compare
 *fill*         0x0000000000020f36        0x2 
 .text.im_peer_id_get_by_master_id
                0x0000000000020f38       0x4c Output/ble_app_hrs_pca10028_s130 Release/Obj/id_manager.o
                0x0000000000020f38                im_peer_id_get_by_master_id
 .text.im_new_peer_id
                0x0000000000020f84       0x1c Output/ble_app_hrs_pca10028_s130 Release/Obj/id_manager.o
                0x0000000000020f84                im_new_peer_id
 .text.im_peer_free
                0x0000000000020fa0       0x40 Output/ble_app_hrs_pca10028_s130 Release/Obj/id_manager.o
                0x0000000000020fa0                im_peer_free
 .text.ah       0x0000000000020fe0       0x58 Output/ble_app_hrs_pca10028_s130 Release/Obj/id_manager.o
                0x0000000000020fe0                ah
 .text.im_address_resolve
                0x0000000000021038       0x42 Output/ble_app_hrs_pca10028_s130 Release/Obj/id_manager.o
                0x0000000000021038                im_address_resolve
 *fill*         0x000000000002107a        0x2 
 .text.im_ble_evt_handler
                0x000000000002107c       0xb8 Output/ble_app_hrs_pca10028_s130 Release/Obj/id_manager.o
                0x000000000002107c                im_ble_evt_handler
 .text.peer_data_id_is_valid
                0x0000000000021134       0x16 Output/ble_app_hrs_pca10028_s130 Release/Obj/peer_data_storage.o
 *fill*         0x000000000002114a        0x2 
 .text.peer_data_find
                0x000000000002114c       0x30 Output/ble_app_hrs_pca10028_s130 Release/Obj/peer_data_storage.o
 .text.pds_evt_send.part.0
                0x000000000002117c        0x8 Output/ble_app_hrs_pca10028_s130 Release/Obj/peer_data_storage.o
 .text.peer_data_delete
                0x0000000000021184       0x8c Output/ble_app_hrs_pca10028_s130 Release/Obj/peer_data_storage.o
 .text.fds_evt_handler
                0x0000000000021210      0x10c Output/ble_app_hrs_pca10028_s130 Release/Obj/peer_data_storage.o
 .text.pds_init
                0x000000000002131c       0x68 Output/ble_app_hrs_pca10028_s130 Release/Obj/peer_data_storage.o
                0x000000000002131c                pds_init
 .text.pds_peer_data_read
                0x0000000000021384       0x6c Output/ble_app_hrs_pca10028_s130 Release/Obj/peer_data_storage.o
                0x0000000000021384                pds_peer_data_read
 .text.pds_peer_data_iterate_prepare
                0x00000000000213f0       0x14 Output/ble_app_hrs_pca10028_s130 Release/Obj/peer_data_storage.o
                0x00000000000213f0                pds_peer_data_iterate_prepare
 .text.pds_peer_data_iterate
                0x0000000000021404       0x58 Output/ble_app_hrs_pca10028_s130 Release/Obj/peer_data_storage.o
                0x0000000000021404                pds_peer_data_iterate
 .text.pds_space_reserve
                0x000000000002145c       0x2c Output/ble_app_hrs_pca10028_s130 Release/Obj/peer_data_storage.o
                0x000000000002145c                pds_space_reserve
 .text.pds_space_reserve_cancel
                0x0000000000021488       0x12 Output/ble_app_hrs_pca10028_s130 Release/Obj/peer_data_storage.o
                0x0000000000021488                pds_space_reserve_cancel
 *fill*         0x000000000002149a        0x2 
 .text.pds_peer_data_store
                0x000000000002149c       0xb0 Output/ble_app_hrs_pca10028_s130 Release/Obj/peer_data_storage.o
                0x000000000002149c                pds_peer_data_store
 .text.pds_peer_id_allocate
                0x000000000002154c       0x10 Output/ble_app_hrs_pca10028_s130 Release/Obj/peer_data_storage.o
                0x000000000002154c                pds_peer_id_allocate
 .text.pds_peer_id_free
                0x000000000002155c       0x16 Output/ble_app_hrs_pca10028_s130 Release/Obj/peer_data_storage.o
                0x000000000002155c                pds_peer_id_free
 .text.pds_peer_id_is_allocated
                0x0000000000021572        0x8 Output/ble_app_hrs_pca10028_s130 Release/Obj/peer_data_storage.o
                0x0000000000021572                pds_peer_id_is_allocated
 .text.pds_next_peer_id_get
                0x000000000002157a        0x8 Output/ble_app_hrs_pca10028_s130 Release/Obj/peer_data_storage.o
                0x000000000002157a                pds_next_peer_id_get
 .text.pds_next_deleted_peer_id_get
                0x0000000000021582        0x8 Output/ble_app_hrs_pca10028_s130 Release/Obj/peer_data_storage.o
                0x0000000000021582                pds_next_deleted_peer_id_get
 *fill*         0x000000000002158a        0x2 
 .text.pdb_evt_send
                0x000000000002158c       0x1c Output/ble_app_hrs_pca10028_s130 Release/Obj/peer_database.o
 .text.write_buf_length_words_set
                0x00000000000215a8       0x2c Output/ble_app_hrs_pca10028_s130 Release/Obj/peer_database.o
 .text.write_buffer_record_find
                0x00000000000215d4       0x50 Output/ble_app_hrs_pca10028_s130 Release/Obj/peer_database.o
 .text.write_buffer_record_release
                0x0000000000021624       0x40 Output/ble_app_hrs_pca10028_s130 Release/Obj/peer_database.o
 .text.pdb_init
                0x0000000000021664       0x70 Output/ble_app_hrs_pca10028_s130 Release/Obj/peer_database.o
                0x0000000000021664                pdb_init
 .text.pdb_peer_allocate
                0x00000000000216d4        0x8 Output/ble_app_hrs_pca10028_s130 Release/Obj/peer_database.o
                0x00000000000216d4                pdb_peer_allocate
 .text.pdb_peer_data_ptr_get
                0x00000000000216dc        0xa Output/ble_app_hrs_pca10028_s130 Release/Obj/peer_database.o
                0x00000000000216dc                pdb_peer_data_ptr_get
 *fill*         0x00000000000216e6        0x2 
 .text.pdb_write_buf_get
                0x00000000000216e8      0x12c Output/ble_app_hrs_pca10028_s130 Release/Obj/peer_database.o
                0x00000000000216e8                pdb_write_buf_get
 .text.pdb_write_buf_release
                0x0000000000021814       0x28 Output/ble_app_hrs_pca10028_s130 Release/Obj/peer_database.o
                0x0000000000021814                pdb_write_buf_release
 .text.pdb_peer_free
                0x000000000002183c       0x70 Output/ble_app_hrs_pca10028_s130 Release/Obj/peer_database.o
                0x000000000002183c                pdb_peer_free
 .text.pdb_write_buf_store_prepare
                0x00000000000218ac       0x68 Output/ble_app_hrs_pca10028_s130 Release/Obj/peer_database.o
                0x00000000000218ac                pdb_write_buf_store_prepare
 .text.pdb_write_buf_store
                0x0000000000021914       0xd4 Output/ble_app_hrs_pca10028_s130 Release/Obj/peer_database.o
                0x0000000000021914                pdb_write_buf_store
 .text.pdb_pds_evt_handler
                0x00000000000219e8      0x144 Output/ble_app_hrs_pca10028_s130 Release/Obj/peer_database.o
                0x00000000000219e8                pdb_pds_evt_handler
 .text.pdb_next_peer_id_get
                0x0000000000021b2c        0x8 Output/ble_app_hrs_pca10028_s130 Release/Obj/peer_database.o
                0x0000000000021b2c                pdb_next_peer_id_get
 .text.pdb_next_deleted_peer_id_get
                0x0000000000021b34        0x8 Output/ble_app_hrs_pca10028_s130 Release/Obj/peer_database.o
                0x0000000000021b34                pdb_next_deleted_peer_id_get
 .text.pdb_peer_data_load
                0x0000000000021b3c       0x10 Output/ble_app_hrs_pca10028_s130 Release/Obj/peer_database.o
                0x0000000000021b3c                pdb_peer_data_load
 .text.pdb_raw_store
                0x0000000000021b4c        0xc Output/ble_app_hrs_pca10028_s130 Release/Obj/peer_database.o
                0x0000000000021b4c                pdb_raw_store
 .text.claim    0x0000000000021b58       0x38 Output/ble_app_hrs_pca10028_s130 Release/Obj/peer_id.o
 .text.peer_id_init
                0x0000000000021b90       0x2c Output/ble_app_hrs_pca10028_s130 Release/Obj/peer_id.o
                0x0000000000021b90                peer_id_init
 .text.peer_id_allocate
                0x0000000000021bbc       0x10 Output/ble_app_hrs_pca10028_s130 Release/Obj/peer_id.o
                0x0000000000021bbc                peer_id_allocate
 .text.peer_id_delete
                0x0000000000021bcc       0x28 Output/ble_app_hrs_pca10028_s130 Release/Obj/peer_id.o
                0x0000000000021bcc                peer_id_delete
 .text.peer_id_free
                0x0000000000021bf4       0x24 Output/ble_app_hrs_pca10028_s130 Release/Obj/peer_id.o
                0x0000000000021bf4                peer_id_free
 .text.peer_id_is_allocated
                0x0000000000021c18       0x18 Output/ble_app_hrs_pca10028_s130 Release/Obj/peer_id.o
                0x0000000000021c18                peer_id_is_allocated
 .text.peer_id_is_deleted
                0x0000000000021c30       0x18 Output/ble_app_hrs_pca10028_s130 Release/Obj/peer_id.o
                0x0000000000021c30                peer_id_is_deleted
 .text.next_id_get
                0x0000000000021c48       0x30 Output/ble_app_hrs_pca10028_s130 Release/Obj/peer_id.o
                0x0000000000021c48                next_id_get
 .text.peer_id_get_next_used
                0x0000000000021c78       0x30 Output/ble_app_hrs_pca10028_s130 Release/Obj/peer_id.o
                0x0000000000021c78                peer_id_get_next_used
 .text.peer_id_get_next_deleted
                0x0000000000021ca8       0x10 Output/ble_app_hrs_pca10028_s130 Release/Obj/peer_id.o
                0x0000000000021ca8                peer_id_get_next_deleted
 .text.evt_send
                0x0000000000021cb8       0x28 Output/ble_app_hrs_pca10028_s130 Release/Obj/peer_manager.o
 .text.pm_pdb_evt_handler
                0x0000000000021ce0      0x17c Output/ble_app_hrs_pca10028_s130 Release/Obj/peer_manager.o
                0x0000000000021ce0                pm_pdb_evt_handler
 .text.pm_sm_evt_handler
                0x0000000000021e5c      0x13c Output/ble_app_hrs_pca10028_s130 Release/Obj/peer_manager.o
                0x0000000000021e5c                pm_sm_evt_handler
 .text.pm_gcm_evt_handler
                0x0000000000021f98       0x6e Output/ble_app_hrs_pca10028_s130 Release/Obj/peer_manager.o
                0x0000000000021f98                pm_gcm_evt_handler
 *fill*         0x0000000000022006        0x2 
 .text.pm_on_ble_evt
                0x0000000000022008       0x24 Output/ble_app_hrs_pca10028_s130 Release/Obj/peer_manager.o
                0x0000000000022008                pm_on_ble_evt
 .text.pm_init  0x000000000002202c       0x90 Output/ble_app_hrs_pca10028_s130 Release/Obj/peer_manager.o
                0x000000000002202c                pm_init
 .text.pm_register
                0x00000000000220bc       0x34 Output/ble_app_hrs_pca10028_s130 Release/Obj/peer_manager.o
                0x00000000000220bc                pm_register
 .text.pm_sec_params_set
                0x00000000000220f0       0x1c Output/ble_app_hrs_pca10028_s130 Release/Obj/peer_manager.o
                0x00000000000220f0                pm_sec_params_set
 .text.pm_conn_secure
                0x000000000002210c       0x1c Output/ble_app_hrs_pca10028_s130 Release/Obj/peer_manager.o
                0x000000000002210c                pm_conn_secure
 .text.pm_conn_sec_config_reply
                0x0000000000022128        0x8 Output/ble_app_hrs_pca10028_s130 Release/Obj/peer_manager.o
                0x0000000000022128                pm_conn_sec_config_reply
 .text.pm_local_database_has_changed
                0x0000000000022130       0x14 Output/ble_app_hrs_pca10028_s130 Release/Obj/peer_manager.o
                0x0000000000022130                pm_local_database_has_changed
 .text.pm_peer_delete
                0x0000000000022144       0x1c Output/ble_app_hrs_pca10028_s130 Release/Obj/peer_manager.o
                0x0000000000022144                pm_peer_delete
 .text.pm_im_evt_handler
                0x0000000000022160       0x4c Output/ble_app_hrs_pca10028_s130 Release/Obj/peer_manager.o
                0x0000000000022160                pm_im_evt_handler
 .text.pm_peers_delete
                0x00000000000221ac       0x44 Output/ble_app_hrs_pca10028_s130 Release/Obj/peer_manager.o
                0x00000000000221ac                pm_peers_delete
 .text.pm_peer_ranks_get
                0x00000000000221f0       0xb8 Output/ble_app_hrs_pca10028_s130 Release/Obj/peer_manager.o
                0x00000000000221f0                pm_peer_ranks_get
 .text.pm_peer_rank_highest
                0x00000000000222a8       0xcc Output/ble_app_hrs_pca10028_s130 Release/Obj/peer_manager.o
                0x00000000000222a8                pm_peer_rank_highest
 .text.pm_buffer_init
                0x0000000000022374       0x3e Output/ble_app_hrs_pca10028_s130 Release/Obj/pm_buffer.o
                0x0000000000022374                pm_buffer_init
 .text.pm_buffer_ptr_get
                0x00000000000223b2       0x32 Output/ble_app_hrs_pca10028_s130 Release/Obj/pm_buffer.o
                0x00000000000223b2                pm_buffer_ptr_get
 .text.pm_buffer_release
                0x00000000000223e4       0x2c Output/ble_app_hrs_pca10028_s130 Release/Obj/pm_buffer.o
                0x00000000000223e4                pm_buffer_release
 .text.pm_buffer_block_acquire
                0x0000000000022410       0x60 Output/ble_app_hrs_pca10028_s130 Release/Obj/pm_buffer.o
                0x0000000000022410                pm_buffer_block_acquire
 .text.sd_ble_gap_authenticate
                0x0000000000022470        0x4 Output/ble_app_hrs_pca10028_s130 Release/Obj/security_dispatcher.o
 .text.sd_ble_gap_sec_params_reply
                0x0000000000022474        0x4 Output/ble_app_hrs_pca10028_s130 Release/Obj/security_dispatcher.o
 .text.sd_ble_gap_encrypt
                0x0000000000022478        0x4 Output/ble_app_hrs_pca10028_s130 Release/Obj/security_dispatcher.o
 .text.sd_ble_gap_sec_info_reply
                0x000000000002247c        0x4 Output/ble_app_hrs_pca10028_s130 Release/Obj/security_dispatcher.o
 .text.evt_send
                0x0000000000022480       0x10 Output/ble_app_hrs_pca10028_s130 Release/Obj/security_dispatcher.o
 .text.sec_start_send
                0x0000000000022490       0x22 Output/ble_app_hrs_pca10028_s130 Release/Obj/security_dispatcher.o
 *fill*         0x00000000000224b2        0x2 
 .text.encryption_failure
                0x00000000000224b4       0x3c Output/ble_app_hrs_pca10028_s130 Release/Obj/security_dispatcher.o
 .text.sec_proc_start
                0x00000000000224f0       0x58 Output/ble_app_hrs_pca10028_s130 Release/Obj/security_dispatcher.o
 .text.link_secure_failure.part.2
                0x0000000000022548       0xa0 Output/ble_app_hrs_pca10028_s130 Release/Obj/security_dispatcher.o
 .text.smd_pdb_evt_handler
                0x00000000000225e8       0x30 Output/ble_app_hrs_pca10028_s130 Release/Obj/security_dispatcher.o
                0x00000000000225e8                smd_pdb_evt_handler
 .text.smd_init
                0x0000000000022618       0x50 Output/ble_app_hrs_pca10028_s130 Release/Obj/security_dispatcher.o
                0x0000000000022618                smd_init
 .text.smd_params_reply
                0x0000000000022668      0x134 Output/ble_app_hrs_pca10028_s130 Release/Obj/security_dispatcher.o
                0x0000000000022668                smd_params_reply
 .text.smd_link_secure
                0x000000000002279c      0x194 Output/ble_app_hrs_pca10028_s130 Release/Obj/security_dispatcher.o
                0x000000000002279c                smd_link_secure
 .text.smd_ble_evt_handler
                0x0000000000022930      0x250 Output/ble_app_hrs_pca10028_s130 Release/Obj/security_dispatcher.o
                0x0000000000022930                smd_ble_evt_handler
 .text.flag_id_init
                0x0000000000022b80       0x12 Output/ble_app_hrs_pca10028_s130 Release/Obj/security_manager.o
 .text.events_send_from_err_code.part.1
                0x0000000000022b92       0x2e Output/ble_app_hrs_pca10028_s130 Release/Obj/security_manager.o
 .text.link_secure
                0x0000000000022bc0       0xf0 Output/ble_app_hrs_pca10028_s130 Release/Obj/security_manager.o
 .text.link_secure_pending_process
                0x0000000000022cb0       0x64 Output/ble_app_hrs_pca10028_s130 Release/Obj/security_manager.o
 .text.smd_params_reply_perform
                0x0000000000022d14       0xf8 Output/ble_app_hrs_pca10028_s130 Release/Obj/security_manager.o
 .text.params_reply_pending_process.part.2
                0x0000000000022e0c       0x36 Output/ble_app_hrs_pca10028_s130 Release/Obj/security_manager.o
 *fill*         0x0000000000022e42        0x2 
 .text.sm_smd_evt_handler
                0x0000000000022e44       0x74 Output/ble_app_hrs_pca10028_s130 Release/Obj/security_manager.o
                0x0000000000022e44                sm_smd_evt_handler
 .text.sm_pdb_evt_handler
                0x0000000000022eb8       0x58 Output/ble_app_hrs_pca10028_s130 Release/Obj/security_manager.o
                0x0000000000022eb8                sm_pdb_evt_handler
 .text.sm_init  0x0000000000022f10       0x58 Output/ble_app_hrs_pca10028_s130 Release/Obj/security_manager.o
                0x0000000000022f10                sm_init
 .text.sm_ble_evt_handler
                0x0000000000022f68       0x14 Output/ble_app_hrs_pca10028_s130 Release/Obj/security_manager.o
                0x0000000000022f68                sm_ble_evt_handler
 .text.sm_sec_params_set
                0x0000000000022f7c       0x84 Output/ble_app_hrs_pca10028_s130 Release/Obj/security_manager.o
                0x0000000000022f7c                sm_sec_params_set
 .text.sm_conn_sec_config_reply
                0x0000000000023000       0x18 Output/ble_app_hrs_pca10028_s130 Release/Obj/security_manager.o
                0x0000000000023000                sm_conn_sec_config_reply
 .text.sm_link_secure
                0x0000000000023018        0xe Output/ble_app_hrs_pca10028_s130 Release/Obj/security_manager.o
                0x0000000000023018                sm_link_secure
 .text.pm_mutex_init
                0x0000000000023026       0x12 Output/ble_app_hrs_pca10028_s130 Release/Obj/pm_mutex.o
                0x0000000000023026                pm_mutex_init
 .text.pm_mutex_lock
                0x0000000000023038       0x3a Output/ble_app_hrs_pca10028_s130 Release/Obj/pm_mutex.o
                0x0000000000023038                pm_mutex_lock
 .text.pm_mutex_unlock
                0x0000000000023072       0x2e Output/ble_app_hrs_pca10028_s130 Release/Obj/pm_mutex.o
                0x0000000000023072                pm_mutex_unlock
 .text.pm_mutex_lock_first_available
                0x00000000000230a0       0x52 Output/ble_app_hrs_pca10028_s130 Release/Obj/pm_mutex.o
                0x00000000000230a0                pm_mutex_lock_first_available
 .text.pm_mutex_lock_status_get
                0x00000000000230f2       0x1e Output/ble_app_hrs_pca10028_s130 Release/Obj/pm_mutex.o
                0x00000000000230f2                pm_mutex_lock_status_get
 .text.sd_evt_get
                0x0000000000023110        0x4 Output/ble_app_hrs_pca10028_s130 Release/Obj/softdevice_handler.o
 .text.sd_softdevice_enable
                0x0000000000023114        0x4 Output/ble_app_hrs_pca10028_s130 Release/Obj/softdevice_handler.o
 .text.sd_ble_enable
                0x0000000000023118        0x4 Output/ble_app_hrs_pca10028_s130 Release/Obj/softdevice_handler.o
 .text.sd_ble_evt_get
                0x000000000002311c        0x4 Output/ble_app_hrs_pca10028_s130 Release/Obj/softdevice_handler.o
 .text.softdevice_fault_handler
                0x0000000000023120        0x8 Output/ble_app_hrs_pca10028_s130 Release/Obj/softdevice_handler.o
                0x0000000000023120                softdevice_fault_handler
 .text.intern_softdevice_events_execute
                0x0000000000023128       0xa4 Output/ble_app_hrs_pca10028_s130 Release/Obj/softdevice_handler.o
                0x0000000000023128                intern_softdevice_events_execute
 .text.softdevice_handler_init
                0x00000000000231cc       0x50 Output/ble_app_hrs_pca10028_s130 Release/Obj/softdevice_handler.o
                0x00000000000231cc                softdevice_handler_init
 .text.softdevice_ble_evt_handler_set
                0x000000000002321c       0x14 Output/ble_app_hrs_pca10028_s130 Release/Obj/softdevice_handler.o
                0x000000000002321c                softdevice_ble_evt_handler_set
 .text.softdevice_sys_evt_handler_set
                0x0000000000023230       0x14 Output/ble_app_hrs_pca10028_s130 Release/Obj/softdevice_handler.o
                0x0000000000023230                softdevice_sys_evt_handler_set
 .text.SWI2_IRQHandler
                0x0000000000023244       0x20 Output/ble_app_hrs_pca10028_s130 Release/Obj/softdevice_handler.o
                0x0000000000023244                SWI2_IRQHandler
 .text.softdevice_enable_get_default_config
                0x0000000000023264       0x2e Output/ble_app_hrs_pca10028_s130 Release/Obj/softdevice_handler.o
                0x0000000000023264                softdevice_enable_get_default_config
 *fill*         0x0000000000023292        0x2 
 .text.softdevice_enable
                0x0000000000023294       0x18 Output/ble_app_hrs_pca10028_s130 Release/Obj/softdevice_handler.o
                0x0000000000023294                softdevice_enable
 .text.libc.__uint32_div
                0x00000000000232ac       0x28 C:/Program Files/SEGGER/SEGGER Embedded Studio for ARM 4.30c/lib/libc_v6m_t_le_eabi.a(libc_asm.o)
                0x00000000000232ac                __uint32_div
                0x00000000000232ac                __aeabi_uidiv
                0x00000000000232ac                __udivsi3
 .text.libc.__aeabi_uidivmod
                0x00000000000232d4       0x2a C:/Program Files/SEGGER/SEGGER Embedded Studio for ARM 4.30c/lib/libc_v6m_t_le_eabi.a(libc_asm.o)
                0x00000000000232d4                __aeabi_uidivmod
                0x00000000000232d4                __int32_udivmod
 .text.libc.__aeabi_idivmod
                0x00000000000232fe       0x40 C:/Program Files/SEGGER/SEGGER Embedded Studio for ARM 4.30c/lib/libc_v6m_t_le_eabi.a(libc_asm.o)
                0x00000000000232fe                __aeabi_idivmod
 *fill*         0x000000000002333e        0x2 
 .text.libc.__gnu_thumb1_case_sqi
                0x0000000000023340       0x14 C:/Program Files/SEGGER/SEGGER Embedded Studio for ARM 4.30c/lib/libc_v6m_t_le_eabi.a(libc_asm.o)
                0x0000000000023340                __gnu_thumb1_case_sqi
 .text.libc.__gnu_thumb1_case_uhi
                0x0000000000023354       0x14 C:/Program Files/SEGGER/SEGGER Embedded Studio for ARM 4.30c/lib/libc_v6m_t_le_eabi.a(libc_asm.o)
                0x0000000000023354                __gnu_thumb1_case_uhi
 .text.libc.__gnu_thumb1_case_uqi
                0x0000000000023368       0x14 C:/Program Files/SEGGER/SEGGER Embedded Studio for ARM 4.30c/lib/libc_v6m_t_le_eabi.a(libc_asm.o)
                0x0000000000023368                __gnu_thumb1_case_uqi
 .text.libc.__putc
                0x000000000002337c       0x3c C:/Program Files/SEGGER/SEGGER Embedded Studio for ARM 4.30c/lib/libc_v6m_t_le_eabi.a(libc2.o)
                0x000000000002337c                __putc
 .text.libc.__RAL_print_padding
                0x00000000000233b8       0x18 C:/Program Files/SEGGER/SEGGER Embedded Studio for ARM 4.30c/lib/libc_v6m_t_le_eabi.a(libc2.o)
                0x00000000000233b8                __RAL_print_padding
 .text.libc.__RAL_pre_padding
                0x00000000000233d0       0x16 C:/Program Files/SEGGER/SEGGER Embedded Studio for ARM 4.30c/lib/libc_v6m_t_le_eabi.a(libc2.o)
                0x00000000000233d0                __RAL_pre_padding
 .text.libc.memcmp
                0x00000000000233e6       0x66 C:/Program Files/SEGGER/SEGGER Embedded Studio for ARM 4.30c/lib/libc_v6m_t_le_eabi.a(libc2.o)
                0x00000000000233e6                memcmp
 .text.libc.printf
                0x000000000002344c       0x40 C:/Program Files/SEGGER/SEGGER Embedded Studio for ARM 4.30c/lib/libc_v6m_t_le_eabi.a(libc2.o)
                0x000000000002344c                printf
 .text.libc.strnlen
                0x000000000002348c       0x28 C:/Program Files/SEGGER/SEGGER Embedded Studio for ARM 4.30c/lib/libc_v6m_t_le_eabi.a(libc2.o)
                0x000000000002348c                strnlen
 .text.libc.memcpy
                0x00000000000234b4       0x16 C:/Program Files/SEGGER/SEGGER Embedded Studio for ARM 4.30c/lib/libc_v6m_t_le_eabi.a(libc2_asm.o)
                0x00000000000234b4                __aeabi_memcpy
                0x00000000000234b4                __aeabi_memcpy4
                0x00000000000234b4                __aeabi_memcpy8
                0x00000000000234b4                memcpy
 .text.libc.memset
                0x00000000000234ca       0x12 C:/Program Files/SEGGER/SEGGER Embedded Studio for ARM 4.30c/lib/libc_v6m_t_le_eabi.a(libc2_asm.o)
                0x00000000000234ca                memset
 .text.libc.strlen
                0x00000000000234dc        0xe C:/Program Files/SEGGER/SEGGER Embedded Studio for ARM 4.30c/lib/libc_v6m_t_le_eabi.a(libc2_asm.o)
                0x00000000000234dc                strlen
 .text.libc.__printf_lock
                0x00000000000234ea        0x2 C:/Program Files/SEGGER/SEGGER Embedded Studio for ARM 4.30c/lib/libc_v6m_t_le_eabi.a(libc.o)
                0x00000000000234ea                __printf_lock
 .text.libc.__printf_unlock
                0x00000000000234ec        0x2 C:/Program Files/SEGGER/SEGGER Embedded Studio for ARM 4.30c/lib/libc_v6m_t_le_eabi.a(libc.o)
                0x00000000000234ec                __printf_unlock
 .text.libdebugio.debug_putchar
                0x00000000000234ee       0x1a C:/Program Files/SEGGER/SEGGER Embedded Studio for ARM 4.30c/lib/libdebugio_v6m_t_le_eabi.a(libdebugio.o)
                0x00000000000234ee                debug_putchar
 .text.libdebugio.__debug_io_lock
                0x0000000000023508        0x2 C:/Program Files/SEGGER/SEGGER Embedded Studio for ARM 4.30c/lib/libdebugio_v6m_t_le_eabi.a(libdebugio.o)
                0x0000000000023508                __debug_io_lock
 .text.libdebugio.__debug_io_unlock
                0x000000000002350a        0x2 C:/Program Files/SEGGER/SEGGER Embedded Studio for ARM 4.30c/lib/libdebugio_v6m_t_le_eabi.a(libdebugio.o)
                0x000000000002350a                __debug_io_unlock
 .text.libc.__vfprintf_long
                0x000000000002350c      0x544 C:/Program Files/SEGGER/SEGGER Embedded Studio for ARM 4.30c/lib/libvfprintf_v6m_t_le_eabi.o
                0x000000000002350c                __vfprintf_long
 .text.libdebugio.__do_debug_operation
                0x0000000000023a50       0x30 C:/Program Files/SEGGER/SEGGER Embedded Studio for ARM 4.30c/lib/libdebugio_mempoll_v6m_t_le_eabi.a(mempoll_debug_operations.o)
                0x0000000000023a50                __do_debug_operation
                0x0000000000023a80                __text_end__ = (__text_start__ + SIZEOF (.text))
                0x0000000000008808                __text_size__ = SIZEOF (.text)
                0x0000000000023a80                __text_load_end__ = __text_end__

.vfp11_veneer   0x0000000100000000        0x0
 .vfp11_veneer  0x0000000100000000        0x0 linker stubs

.v4_bx          0x0000000100000000        0x0
 .v4_bx         0x0000000100000000        0x0 linker stubs

.iplt           0x0000000100000000        0x0
 .iplt          0x0000000100000000        0x0 Output/ble_app_hrs_pca10028_s130 Release/Obj/thumb_crt0.o
                0x0000000000000001                . = ASSERT (((__text_start__ == __text_end__) || ((__text_end__ - __FLASH_segment_start__) <= __FLASH_segment_size__)), error: .text is too large to fit in FLASH memory segment)
                0x0000000000023a80                __sdh_soc_observers_load_start__ = ALIGN (__text_end__, 0x4)

.sdh_soc_observers
                0x0000000000023a80        0x0
                0x0000000000023a80                __sdh_soc_observers_start__ = .
                0x0000000000023a80                __start_sdh_soc_observers = __sdh_soc_observers_start__
 *(SORT_BY_NAME(.sdh_soc_observers*))
                0x0000000000023a80                __sdh_soc_observers_end__ = (__sdh_soc_observers_start__ + SIZEOF (.sdh_soc_observers))
                0x0000000000000000                __sdh_soc_observers_size__ = SIZEOF (.sdh_soc_observers)
                0x0000000000023a80                __stop_sdh_soc_observers = __sdh_soc_observers_end__
                0x0000000000023a80                __sdh_soc_observers_load_end__ = __sdh_soc_observers_end__
                0x0000000000000001                . = ASSERT (((__sdh_soc_observers_start__ == __sdh_soc_observers_end__) || ((__sdh_soc_observers_end__ - __FLASH_segment_start__) <= __FLASH_segment_size__)), error: .sdh_soc_observers is too large to fit in FLASH memory segment)
                0x0000000000023a80                __sdh_ble_observers_load_start__ = ALIGN (__sdh_soc_observers_end__, 0x4)

.sdh_ble_observers
                0x0000000000023a80        0x0
                0x0000000000023a80                __sdh_ble_observers_start__ = .
                0x0000000000023a80                __start_sdh_ble_observers = __sdh_ble_observers_start__
 *(SORT_BY_NAME(.sdh_ble_observers*))
                0x0000000000023a80                __sdh_ble_observers_end__ = (__sdh_ble_observers_start__ + SIZEOF (.sdh_ble_observers))
                0x0000000000000000                __sdh_ble_observers_size__ = SIZEOF (.sdh_ble_observers)
                0x0000000000023a80                __stop_sdh_ble_observers = __sdh_ble_observers_end__
                0x0000000000023a80                __sdh_ble_observers_load_end__ = __sdh_ble_observers_end__
                0x0000000000000001                . = ASSERT (((__sdh_ble_observers_start__ == __sdh_ble_observers_end__) || ((__sdh_ble_observers_end__ - __FLASH_segment_start__) <= __FLASH_segment_size__)), error: .sdh_ble_observers is too large to fit in FLASH memory segment)
                0x0000000000023a80                __pwr_mgmt_data_load_start__ = ALIGN (__sdh_ble_observers_end__, 0x4)

.pwr_mgmt_data  0x0000000000023a80        0x0
                0x0000000000023a80                __pwr_mgmt_data_start__ = .
                0x0000000000023a80                __start_pwr_mgmt_data = __pwr_mgmt_data_start__
 *(SORT_BY_NAME(.pwr_mgmt_data*))
                0x0000000000023a80                __pwr_mgmt_data_end__ = (__pwr_mgmt_data_start__ + SIZEOF (.pwr_mgmt_data))
                0x0000000000000000                __pwr_mgmt_data_size__ = SIZEOF (.pwr_mgmt_data)
                0x0000000000023a80                __stop_pwr_mgmt_data = __pwr_mgmt_data_end__
                0x0000000000023a80                __pwr_mgmt_data_load_end__ = __pwr_mgmt_data_end__
                0x0000000000000001                . = ASSERT (((__pwr_mgmt_data_start__ == __pwr_mgmt_data_end__) || ((__pwr_mgmt_data_end__ - __FLASH_segment_start__) <= __FLASH_segment_size__)), error: .pwr_mgmt_data is too large to fit in FLASH memory segment)
                0x0000000000023a80                __nrf_queue_load_start__ = ALIGN (__pwr_mgmt_data_end__, 0x4)

.nrf_queue      0x0000000000023a80        0x0
                0x0000000000023a80                __nrf_queue_start__ = .
                0x0000000000023a80                __start_nrf_queue = __nrf_queue_start__
 *(.nrf_queue*)
                0x0000000000023a80                __nrf_queue_end__ = (__nrf_queue_start__ + SIZEOF (.nrf_queue))
                0x0000000000000000                __nrf_queue_size__ = SIZEOF (.nrf_queue)
                0x0000000000023a80                __stop_nrf_queue = __nrf_queue_end__
                0x0000000000023a80                __nrf_queue_load_end__ = __nrf_queue_end__
                0x0000000000000001                . = ASSERT (((__nrf_queue_start__ == __nrf_queue_end__) || ((__nrf_queue_end__ - __FLASH_segment_start__) <= __FLASH_segment_size__)), error: .nrf_queue is too large to fit in FLASH memory segment)
                0x0000000000023a80                __sdh_stack_observers_load_start__ = ALIGN (__nrf_queue_end__, 0x4)

.sdh_stack_observers
                0x0000000000023a80        0x0
                0x0000000000023a80                __sdh_stack_observers_start__ = .
                0x0000000000023a80                __start_sdh_stack_observers = __sdh_stack_observers_start__
 *(SORT_BY_NAME(.sdh_stack_observers*))
                0x0000000000023a80                __sdh_stack_observers_end__ = (__sdh_stack_observers_start__ + SIZEOF (.sdh_stack_observers))
                0x0000000000000000                __sdh_stack_observers_size__ = SIZEOF (.sdh_stack_observers)
                0x0000000000023a80                __stop_sdh_stack_observers = __sdh_stack_observers_end__
                0x0000000000023a80                __sdh_stack_observers_load_end__ = __sdh_stack_observers_end__
                0x0000000000000001                . = ASSERT (((__sdh_stack_observers_start__ == __sdh_stack_observers_end__) || ((__sdh_stack_observers_end__ - __FLASH_segment_start__) <= __FLASH_segment_size__)), error: .sdh_stack_observers is too large to fit in FLASH memory segment)
                0x0000000000023a80                __sdh_req_observers_load_start__ = ALIGN (__sdh_stack_observers_end__, 0x4)

.sdh_req_observers
                0x0000000000023a80        0x0
                0x0000000000023a80                __sdh_req_observers_start__ = .
                0x0000000000023a80                __start_sdh_req_observers = __sdh_req_observers_start__
 *(SORT_BY_NAME(.sdh_req_observers*))
                0x0000000000023a80                __sdh_req_observers_end__ = (__sdh_req_observers_start__ + SIZEOF (.sdh_req_observers))
                0x0000000000000000                __sdh_req_observers_size__ = SIZEOF (.sdh_req_observers)
                0x0000000000023a80                __stop_sdh_req_observers = __sdh_req_observers_end__
                0x0000000000023a80                __sdh_req_observers_load_end__ = __sdh_req_observers_end__
                0x0000000000000001                . = ASSERT (((__sdh_req_observers_start__ == __sdh_req_observers_end__) || ((__sdh_req_observers_end__ - __FLASH_segment_start__) <= __FLASH_segment_size__)), error: .sdh_req_observers is too large to fit in FLASH memory segment)
                0x0000000000023a80                __sdh_state_observers_load_start__ = ALIGN (__sdh_req_observers_end__, 0x4)

.sdh_state_observers
                0x0000000000023a80        0x0
                0x0000000000023a80                __sdh_state_observers_start__ = .
                0x0000000000023a80                __start_sdh_state_observers = __sdh_state_observers_start__
 *(SORT_BY_NAME(.sdh_state_observers*))
                0x0000000000023a80                __sdh_state_observers_end__ = (__sdh_state_observers_start__ + SIZEOF (.sdh_state_observers))
                0x0000000000000000                __sdh_state_observers_size__ = SIZEOF (.sdh_state_observers)
                0x0000000000023a80                __stop_sdh_state_observers = __sdh_state_observers_end__
                0x0000000000023a80                __sdh_state_observers_load_end__ = __sdh_state_observers_end__
                0x0000000000000001                . = ASSERT (((__sdh_state_observers_start__ == __sdh_state_observers_end__) || ((__sdh_state_observers_end__ - __FLASH_segment_start__) <= __FLASH_segment_size__)), error: .sdh_state_observers is too large to fit in FLASH memory segment)
                0x0000000000023a80                __nrf_balloc_load_start__ = ALIGN (__sdh_state_observers_end__, 0x4)

.nrf_balloc     0x0000000000023a80        0x0
                0x0000000000023a80                __nrf_balloc_start__ = .
                0x0000000000023a80                __start_nrf_balloc = __nrf_balloc_start__
 *(.nrf_balloc*)